Archive member included to satisfy reference by file (symbol)

c:/st/stm32cubeide_1.11.0/stm32cubeide/plugins/com.st.stm32cube.ide.mcu.externaltools.gnu-tools-for-stm32.10.3-2021.10.win32_1.0.100.202210260954/tools/bin/../lib/gcc/arm-none-eabi/10.3.1/../../../../arm-none-eabi/lib/thumb/v7e-m+fp/hard\libc_nano.a(lib_a-errno.o)
                              ./Core/Src/syscalls.o (__errno)
c:/st/stm32cubeide_1.11.0/stm32cubeide/plugins/com.st.stm32cube.ide.mcu.externaltools.gnu-tools-for-stm32.10.3-2021.10.win32_1.0.100.202210260954/tools/bin/../lib/gcc/arm-none-eabi/10.3.1/../../../../arm-none-eabi/lib/thumb/v7e-m+fp/hard\libc_nano.a(lib_a-exit.o)
                              c:/st/stm32cubeide_1.11.0/stm32cubeide/plugins/com.st.stm32cube.ide.mcu.externaltools.gnu-tools-for-stm32.10.3-2021.10.win32_1.0.100.202210260954/tools/bin/../lib/gcc/arm-none-eabi/10.3.1/../../../../arm-none-eabi/lib/thumb/v7e-m+fp/hard/crt0.o (exit)
c:/st/stm32cubeide_1.11.0/stm32cubeide/plugins/com.st.stm32cube.ide.mcu.externaltools.gnu-tools-for-stm32.10.3-2021.10.win32_1.0.100.202210260954/tools/bin/../lib/gcc/arm-none-eabi/10.3.1/../../../../arm-none-eabi/lib/thumb/v7e-m+fp/hard\libc_nano.a(lib_a-impure.o)
                              c:/st/stm32cubeide_1.11.0/stm32cubeide/plugins/com.st.stm32cube.ide.mcu.externaltools.gnu-tools-for-stm32.10.3-2021.10.win32_1.0.100.202210260954/tools/bin/../lib/gcc/arm-none-eabi/10.3.1/../../../../arm-none-eabi/lib/thumb/v7e-m+fp/hard\libc_nano.a(lib_a-exit.o) (_global_impure_ptr)
c:/st/stm32cubeide_1.11.0/stm32cubeide/plugins/com.st.stm32cube.ide.mcu.externaltools.gnu-tools-for-stm32.10.3-2021.10.win32_1.0.100.202210260954/tools/bin/../lib/gcc/arm-none-eabi/10.3.1/../../../../arm-none-eabi/lib/thumb/v7e-m+fp/hard\libc_nano.a(lib_a-init.o)
                              c:/st/stm32cubeide_1.11.0/stm32cubeide/plugins/com.st.stm32cube.ide.mcu.externaltools.gnu-tools-for-stm32.10.3-2021.10.win32_1.0.100.202210260954/tools/bin/../lib/gcc/arm-none-eabi/10.3.1/../../../../arm-none-eabi/lib/thumb/v7e-m+fp/hard/crt0.o (__libc_init_array)
c:/st/stm32cubeide_1.11.0/stm32cubeide/plugins/com.st.stm32cube.ide.mcu.externaltools.gnu-tools-for-stm32.10.3-2021.10.win32_1.0.100.202210260954/tools/bin/../lib/gcc/arm-none-eabi/10.3.1/../../../../arm-none-eabi/lib/thumb/v7e-m+fp/hard\libc_nano.a(lib_a-memset.o)
                              c:/st/stm32cubeide_1.11.0/stm32cubeide/plugins/com.st.stm32cube.ide.mcu.externaltools.gnu-tools-for-stm32.10.3-2021.10.win32_1.0.100.202210260954/tools/bin/../lib/gcc/arm-none-eabi/10.3.1/../../../../arm-none-eabi/lib/thumb/v7e-m+fp/hard/crt0.o (memset)
c:/st/stm32cubeide_1.11.0/stm32cubeide/plugins/com.st.stm32cube.ide.mcu.externaltools.gnu-tools-for-stm32.10.3-2021.10.win32_1.0.100.202210260954/tools/bin/../lib/gcc/arm-none-eabi/10.3.1/thumb/v7e-m+fp/hard\libgcc.a(_aeabi_uldivmod.o)
                              ./Drivers/STM32L4xx_HAL_Driver/Src/stm32l4xx_hal_uart.o (__aeabi_uldivmod)
c:/st/stm32cubeide_1.11.0/stm32cubeide/plugins/com.st.stm32cube.ide.mcu.externaltools.gnu-tools-for-stm32.10.3-2021.10.win32_1.0.100.202210260954/tools/bin/../lib/gcc/arm-none-eabi/10.3.1/thumb/v7e-m+fp/hard\libgcc.a(_udivmoddi4.o)
                              c:/st/stm32cubeide_1.11.0/stm32cubeide/plugins/com.st.stm32cube.ide.mcu.externaltools.gnu-tools-for-stm32.10.3-2021.10.win32_1.0.100.202210260954/tools/bin/../lib/gcc/arm-none-eabi/10.3.1/thumb/v7e-m+fp/hard\libgcc.a(_aeabi_uldivmod.o) (__udivmoddi4)
c:/st/stm32cubeide_1.11.0/stm32cubeide/plugins/com.st.stm32cube.ide.mcu.externaltools.gnu-tools-for-stm32.10.3-2021.10.win32_1.0.100.202210260954/tools/bin/../lib/gcc/arm-none-eabi/10.3.1/thumb/v7e-m+fp/hard\libgcc.a(_dvmd_tls.o)
                              c:/st/stm32cubeide_1.11.0/stm32cubeide/plugins/com.st.stm32cube.ide.mcu.externaltools.gnu-tools-for-stm32.10.3-2021.10.win32_1.0.100.202210260954/tools/bin/../lib/gcc/arm-none-eabi/10.3.1/thumb/v7e-m+fp/hard\libgcc.a(_aeabi_uldivmod.o) (__aeabi_ldiv0)

Discarded input sections

 .text          0x0000000000000000        0x0 c:/st/stm32cubeide_1.11.0/stm32cubeide/plugins/com.st.stm32cube.ide.mcu.externaltools.gnu-tools-for-stm32.10.3-2021.10.win32_1.0.100.202210260954/tools/bin/../lib/gcc/arm-none-eabi/10.3.1/thumb/v7e-m+fp/hard/crti.o
 .data          0x0000000000000000        0x0 c:/st/stm32cubeide_1.11.0/stm32cubeide/plugins/com.st.stm32cube.ide.mcu.externaltools.gnu-tools-for-stm32.10.3-2021.10.win32_1.0.100.202210260954/tools/bin/../lib/gcc/arm-none-eabi/10.3.1/thumb/v7e-m+fp/hard/crti.o
 .bss           0x0000000000000000        0x0 c:/st/stm32cubeide_1.11.0/stm32cubeide/plugins/com.st.stm32cube.ide.mcu.externaltools.gnu-tools-for-stm32.10.3-2021.10.win32_1.0.100.202210260954/tools/bin/../lib/gcc/arm-none-eabi/10.3.1/thumb/v7e-m+fp/hard/crti.o
[...]
Memory Configuration

Name             Origin             Length             Attributes
RAM              0x0000000020000000 0x00000000000a0000 xrw
RAM2             0x0000000010000000 0x0000000000010000 xrw
RAM3             0x0000000020040000 0x0000000000060000 xrw
FLASH            0x0000000008000000 0x0000000000200000 xr
*default*        0x0000000000000000 0xffffffffffffffff

Linker script and memory map

LOAD c:/st/stm32cubeide_1.11.0/stm32cubeide/plugins/com.st.stm32cube.ide.mcu.externaltools.gnu-tools-for-stm32.10.3-2021.10.win32_1.0.100.202210260954/tools/bin/../lib/gcc/arm-none-eabi/10.3.1/thumb/v7e-m+fp/hard/crti.o
LOAD c:/st/stm32cubeide_1.11.0/stm32cubeide/plugins/com.st.stm32cube.ide.mcu.externaltools.gnu-tools-for-stm32.10.3-2021.10.win32_1.0.100.202210260954/tools/bin/../lib/gcc/arm-none-eabi/10.3.1/thumb/v7e-m+fp/hard/crtbegin.o
LOAD c:/st/stm32cubeide_1.11.0/stm32cubeide/plugins/com.st.stm32cube.ide.mcu.externaltools.gnu-tools-for-stm32.10.3-2021.10.win32_1.0.100.202210260954/tools/bin/../lib/gcc/arm-none-eabi/10.3.1/../../../../arm-none-eabi/lib/thumb/v7e-m+fp/hard/crt0.o
LOAD ./Core/Src/main.o
LOAD ./Core/Src/stm32l4xx_hal_msp.o
LOAD ./Core/Src/stm32l4xx_it.o
LOAD ./Core/Src/syscalls.o
LOAD ./Core/Src/sysmem.o
LOAD ./Core/Src/system_stm32l4xx.o
LOAD ./Core/Startup/startup_stm32l4r9ziyxp.o
LOAD ./Drivers/STM32L4xx_HAL_Driver/Src/stm32l4xx_hal.o
LOAD ./Drivers/STM32L4xx_HAL_Driver/Src/stm32l4xx_hal_cortex.o
LOAD ./Drivers/STM32L4xx_HAL_Driver/Src/stm32l4xx_hal_dma.o
LOAD ./Drivers/STM32L4xx_HAL_Driver/Src/stm32l4xx_hal_dma2d.o
LOAD ./Drivers/STM32L4xx_HAL_Driver/Src/stm32l4xx_hal_dma_ex.o
LOAD ./Drivers/STM32L4xx_HAL_Driver/Src/stm32l4xx_hal_dsi.o
LOAD ./Drivers/STM32L4xx_HAL_Driver/Src/stm32l4xx_hal_exti.o
LOAD ./Drivers/STM32L4xx_HAL_Driver/Src/stm32l4xx_hal_flash.o
LOAD ./Drivers/STM32L4xx_HAL_Driver/Src/stm32l4xx_hal_flash_ex.o
LOAD ./Drivers/STM32L4xx_HAL_Driver/Src/stm32l4xx_hal_flash_ramfunc.o
LOAD ./Drivers/STM32L4xx_HAL_Driver/Src/stm32l4xx_hal_gpio.o
LOAD ./Drivers/STM32L4xx_HAL_Driver/Src/stm32l4xx_hal_i2c.o
LOAD ./Drivers/STM32L4xx_HAL_Driver/Src/stm32l4xx_hal_i2c_ex.o
LOAD ./Drivers/STM32L4xx_HAL_Driver/Src/stm32l4xx_hal_ltdc.o
LOAD ./Drivers/STM32L4xx_HAL_Driver/Src/stm32l4xx_hal_ltdc_ex.o
LOAD ./Drivers/STM32L4xx_HAL_Driver/Src/stm32l4xx_hal_pwr.o
LOAD ./Drivers/STM32L4xx_HAL_Driver/Src/stm32l4xx_hal_pwr_ex.o
LOAD ./Drivers/STM32L4xx_HAL_Driver/Src/stm32l4xx_hal_rcc.o
LOAD ./Drivers/STM32L4xx_HAL_Driver/Src/stm32l4xx_hal_rcc_ex.o
LOAD ./Drivers/STM32L4xx_HAL_Driver/Src/stm32l4xx_hal_spi.o
LOAD ./Drivers/STM32L4xx_HAL_Driver/Src/stm32l4xx_hal_spi_ex.o
LOAD ./Drivers/STM32L4xx_HAL_Driver/Src/stm32l4xx_hal_uart.o
LOAD ./Drivers/STM32L4xx_HAL_Driver/Src/stm32l4xx_hal_uart_ex.o
START GROUP
LOAD c:/st/stm32cubeide_1.11.0/stm32cubeide/plugins/com.st.stm32cube.ide.mcu.externaltools.gnu-tools-for-stm32.10.3-2021.10.win32_1.0.100.202210260954/tools/bin/../lib/gcc/arm-none-eabi/10.3.1/../../../../arm-none-eabi/lib/thumb/v7e-m+fp/hard\libc_nano.a
LOAD c:/st/stm32cubeide_1.11.0/stm32cubeide/plugins/com.st.stm32cube.ide.mcu.externaltools.gnu-tools-for-stm32.10.3-2021.10.win32_1.0.100.202210260954/tools/bin/../lib/gcc/arm-none-eabi/10.3.1/../../../../arm-none-eabi/lib/thumb/v7e-m+fp/hard\libm.a
END GROUP
START GROUP
LOAD c:/st/stm32cubeide_1.11.0/stm32cubeide/plugins/com.st.stm32cube.ide.mcu.externaltools.gnu-tools-for-stm32.10.3-2021.10.win32_1.0.100.202210260954/tools/bin/../lib/gcc/arm-none-eabi/10.3.1/thumb/v7e-m+fp/hard\libgcc.a
LOAD c:/st/stm32cubeide_1.11.0/stm32cubeide/plugins/com.st.stm32cube.ide.mcu.externaltools.gnu-tools-for-stm32.10.3-2021.10.win32_1.0.100.202210260954/tools/bin/../lib/gcc/arm-none-eabi/10.3.1/../../../../arm-none-eabi/lib/thumb/v7e-m+fp/hard\libc_nano.a
END GROUP
START GROUP
LOAD c:/st/stm32cubeide_1.11.0/stm32cubeide/plugins/com.st.stm32cube.ide.mcu.externaltools.gnu-tools-for-stm32.10.3-2021.10.win32_1.0.100.202210260954/tools/bin/../lib/gcc/arm-none-eabi/10.3.1/thumb/v7e-m+fp/hard\libgcc.a
LOAD c:/st/stm32cubeide_1.11.0/stm32cubeide/plugins/com.st.stm32cube.ide.mcu.externaltools.gnu-tools-for-stm32.10.3-2021.10.win32_1.0.100.202210260954/tools/bin/../lib/gcc/arm-none-eabi/10.3.1/../../../../arm-none-eabi/lib/thumb/v7e-m+fp/hard\libc_nano.a
LOAD c:/st/stm32cubeide_1.11.0/stm32cubeide/plugins/com.st.stm32cube.ide.mcu.externaltools.gnu-tools-for-stm32.10.3-2021.10.win32_1.0.100.202210260954/tools/bin/../lib/gcc/arm-none-eabi/10.3.1/../../../../arm-none-eabi/lib/thumb/v7e-m+fp/hard\libnosys.a
END GROUP
START GROUP
LOAD c:/st/stm32cubeide_1.11.0/stm32cubeide/plugins/com.st.stm32cube.ide.mcu.externaltools.gnu-tools-for-stm32.10.3-2021.10.win32_1.0.100.202210260954/tools/bin/../lib/gcc/arm-none-eabi/10.3.1/thumb/v7e-m+fp/hard\libgcc.a
LOAD c:/st/stm32cubeide_1.11.0/stm32cubeide/plugins/com.st.stm32cube.ide.mcu.externaltools.gnu-tools-for-stm32.10.3-2021.10.win32_1.0.100.202210260954/tools/bin/../lib/gcc/arm-none-eabi/10.3.1/../../../../arm-none-eabi/lib/thumb/v7e-m+fp/hard\libc_nano.a
LOAD c:/st/stm32cubeide_1.11.0/stm32cubeide/plugins/com.st.stm32cube.ide.mcu.externaltools.gnu-tools-for-stm32.10.3-2021.10.win32_1.0.100.202210260954/tools/bin/../lib/gcc/arm-none-eabi/10.3.1/../../../../arm-none-eabi/lib/thumb/v7e-m+fp/hard\libnosys.a
END GROUP
LOAD c:/st/stm32cubeide_1.11.0/stm32cubeide/plugins/com.st.stm32cube.ide.mcu.externaltools.gnu-tools-for-stm32.10.3-2021.10.win32_1.0.100.202210260954/tools/bin/../lib/gcc/arm-none-eabi/10.3.1/thumb/v7e-m+fp/hard/crtend.o
LOAD c:/st/stm32cubeide_1.11.0/stm32cubeide/plugins/com.st.stm32cube.ide.mcu.externaltools.gnu-tools-for-stm32.10.3-2021.10.win32_1.0.100.202210260954/tools/bin/../lib/gcc/arm-none-eabi/10.3.1/thumb/v7e-m+fp/hard/crtn.o
                0x00000000200a0000                _estack = (ORIGIN (RAM) + LENGTH (RAM))
                0x0000000000000200                _Min_Heap_Size = 0x200
                0x0000000000000400                _Min_Stack_Size = 0x400

.isr_vector     0x0000000008000000      0x1bc
                0x0000000008000000                . = ALIGN (0x4)
 *(.isr_vector)
 .isr_vector    0x0000000008000000      0x1bc ./Core/Startup/startup_stm32l4r9ziyxp.o
                0x0000000008000000                g_pfnVectors
                0x00000000080001bc                . = ALIGN (0x4)

.text           0x00000000080001bc     0x95fc
                0x00000000080001bc                . = ALIGN (0x4)
 *(.text)
 .text          0x00000000080001bc       0x40 c:/st/stm32cubeide_1.11.0/stm32cubeide/plugins/com.st.stm32cube.ide.mcu.externaltools.gnu-tools-for-stm32.10.3-2021.10.win32_1.0.100.202210260954/tools/bin/../lib/gcc/arm-none-eabi/10.3.1/thumb/v7e-m+fp/hard/crtbegin.o
 .text          0x00000000080001fc       0x30 c:/st/stm32cubeide_1.11.0/stm32cubeide/plugins/com.st.stm32cube.ide.mcu.externaltools.gnu-tools-for-stm32.10.3-2021.10.win32_1.0.100.202210260954/tools/bin/../lib/gcc/arm-none-eabi/10.3.1/thumb/v7e-m+fp/hard\libgcc.a(_aeabi_uldivmod.o)
                0x00000000080001fc                __aeabi_uldivmod
 .text          0x000000000800022c      0x2d0 c:/st/stm32cubeide_1.11.0/stm32cubeide/plugins/com.st.stm32cube.ide.mcu.externaltools.gnu-tools-for-stm32.10.3-2021.10.win32_1.0.100.202210260954/tools/bin/../lib/gcc/arm-none-eabi/10.3.1/thumb/v7e-m+fp/hard\libgcc.a(_udivmoddi4.o)
                0x000000000800022c                __udivmoddi4
 .text          0x00000000080004fc        0x4 c:/st/stm32cubeide_1.11.0/stm32cubeide/plugins/com.st.stm32cube.ide.mcu.externaltools.gnu-tools-for-stm32.10.3-2021.10.win32_1.0.100.202210260954/tools/bin/../lib/gcc/arm-none-eabi/10.3.1/thumb/v7e-m+fp/hard\libgcc.a(_dvmd_tls.o)
                0x00000000080004fc                __aeabi_idiv0
                0x00000000080004fc                __aeabi_ldiv0
 *(.text*)
 .text.main     0x0000000008000500      0x4ec ./Core/Src/main.o
                0x0000000008000500                main
 .text.SystemClock_Config
                0x00000000080009ec       0x9c ./Core/Src/main.o
                0x00000000080009ec                SystemClock_Config
 .text.MX_DMA2D_Init
                0x0000000008000a88       0x7c ./Core/Src/main.o
 .text.MX_DSIHOST_DSI_Init
                0x0000000008000b04      0x1d8 ./Core/Src/main.o
 .text.MX_LTDC_Init
                0x0000000008000cdc      0x100 ./Core/Src/main.o
 .text.MX_SPI2_Init
                0x0000000008000ddc       0x7c ./Core/Src/main.o
 .text.MX_SPI3_Init
                0x0000000008000e58       0x70 ./Core/Src/main.o
 .text.MX_UART4_Init
                0x0000000008000ec8       0x98 ./Core/Src/main.o
 .text.MX_GPIO_Init
                0x0000000008000f60      0x1c0 ./Core/Src/main.o
 .text.mipi_config
                0x0000000008001120      0x418 ./Core/Src/main.o
 .text.LCD_PowerOn
                0x0000000008001538       0x2c ./Core/Src/main.o
 .text.Write_Registers_data
                0x0000000008001564      0x250 ./Core/Src/main.o
                0x0000000008001564                Write_Registers_data
 .text.HAL_SPI_RxCpltCallback
                0x00000000080017b4      0x5b8 ./Core/Src/main.o
                0x00000000080017b4                HAL_SPI_RxCpltCallback
 .text.display_panel
                0x0000000008001d6c       0xf8 ./Core/Src/main.o
                0x0000000008001d6c                display_panel
 .text.read_flash_SR
                0x0000000008001e64       0x54 ./Core/Src/main.o
                0x0000000008001e64                read_flash_SR
 .text.flash_wait_nobusy
                0x0000000008001eb8       0x1a ./Core/Src/main.o
                0x0000000008001eb8                flash_wait_nobusy
 *fill*         0x0000000008001ed2        0x2 
 .text.mode_init
                0x0000000008001ed4      0x32c ./Core/Src/main.o
                0x0000000008001ed4                mode_init
 .text.write_flash_config
                0x0000000008002200      0x19c ./Core/Src/main.o
                0x0000000008002200                write_flash_config
 .text.read_flash_config
                0x000000000800239c      0x11c ./Core/Src/main.o
                0x000000000800239c                read_flash_config
 .text.write_flash_page
                0x00000000080024b8      0x1a0 ./Core/Src/main.o
                0x00000000080024b8                write_flash_page
 .text.read_flash_page
                0x0000000008002658      0x12c ./Core/Src/main.o
                0x0000000008002658                read_flash_page
 .text.read_flash_page_DMA2d
                0x0000000008002784      0x490 ./Core/Src/main.o
                0x0000000008002784                read_flash_page_DMA2d
 .text.erase_flash_sector
                0x0000000008002c14      0x1ac ./Core/Src/main.o
                0x0000000008002c14                erase_flash_sector
 .text.reset_flash_software
                0x0000000008002dc0       0x80 ./Core/Src/main.o
                0x0000000008002dc0                reset_flash_software
 .text.my_MX_DSIHOST_DSI_Init
                0x0000000008002e40      0x21c ./Core/Src/main.o
 .text.my_MX_LTDC_Init
                0x000000000800305c      0x1a8 ./Core/Src/main.o
 .text.delay_us
                0x0000000008003204       0x36 ./Core/Src/main.o
                0x0000000008003204                delay_us
 .text.delay_100ns
                0x000000000800323a       0x36 ./Core/Src/main.o
                0x000000000800323a                delay_100ns
 .text.HAL_GPIO_EXTI_Callback
                0x0000000008003270       0xd0 ./Core/Src/main.o
                0x0000000008003270                HAL_GPIO_EXTI_Callback
 .text.Error_Handler
                0x0000000008003340        0xa ./Core/Src/main.o
                0x0000000008003340                Error_Handler
 *fill*         0x000000000800334a        0x2 
 .text.HAL_MspInit
                0x000000000800334c       0x48 ./Core/Src/stm32l4xx_hal_msp.o
                0x000000000800334c                HAL_MspInit
 .text.HAL_DMA2D_MspInit
                0x0000000008003394       0x40 ./Core/Src/stm32l4xx_hal_msp.o
                0x0000000008003394                HAL_DMA2D_MspInit
 .text.HAL_DSI_MspInit
                0x00000000080033d4       0x68 ./Core/Src/stm32l4xx_hal_msp.o
                0x00000000080033d4                HAL_DSI_MspInit
 .text.HAL_LTDC_MspInit
                0x000000000800343c       0x98 ./Core/Src/stm32l4xx_hal_msp.o
                0x000000000800343c                HAL_LTDC_MspInit
 .text.HAL_SPI_MspInit
                0x00000000080034d4      0x140 ./Core/Src/stm32l4xx_hal_msp.o
                0x00000000080034d4                HAL_SPI_MspInit
 .text.HAL_UART_MspInit
                0x0000000008003614       0xb8 ./Core/Src/stm32l4xx_hal_msp.o
                0x0000000008003614                HAL_UART_MspInit
 .text.NMI_Handler
                0x00000000080036cc        0x6 ./Core/Src/stm32l4xx_it.o
                0x00000000080036cc                NMI_Handler
 .text.HardFault_Handler
                0x00000000080036d2        0x6 ./Core/Src/stm32l4xx_it.o
                0x00000000080036d2                HardFault_Handler
 .text.MemManage_Handler
                0x00000000080036d8        0x6 ./Core/Src/stm32l4xx_it.o
                0x00000000080036d8                MemManage_Handler
 .text.BusFault_Handler
                0x00000000080036de        0x6 ./Core/Src/stm32l4xx_it.o
                0x00000000080036de                BusFault_Handler
 .text.UsageFault_Handler
                0x00000000080036e4        0x6 ./Core/Src/stm32l4xx_it.o
                0x00000000080036e4                UsageFault_Handler
 .text.SVC_Handler
                0x00000000080036ea        0xe ./Core/Src/stm32l4xx_it.o
                0x00000000080036ea                SVC_Handler
 .text.DebugMon_Handler
                0x00000000080036f8        0xe ./Core/Src/stm32l4xx_it.o
                0x00000000080036f8                DebugMon_Handler
 .text.PendSV_Handler
                0x0000000008003706        0xe ./Core/Src/stm32l4xx_it.o
                0x0000000008003706                PendSV_Handler
 .text.SysTick_Handler
                0x0000000008003714        0xc ./Core/Src/stm32l4xx_it.o
                0x0000000008003714                SysTick_Handler
 .text.EXTI9_5_IRQHandler
                0x0000000008003720       0x10 ./Core/Src/stm32l4xx_it.o
                0x0000000008003720                EXTI9_5_IRQHandler
 .text.EXTI15_10_IRQHandler
                0x0000000008003730       0x10 ./Core/Src/stm32l4xx_it.o
                0x0000000008003730                EXTI15_10_IRQHandler
 .text.SPI3_IRQHandler
                0x0000000008003740       0x14 ./Core/Src/stm32l4xx_it.o
                0x0000000008003740                SPI3_IRQHandler
 .text.LTDC_IRQHandler
                0x0000000008003754       0x14 ./Core/Src/stm32l4xx_it.o
                0x0000000008003754                LTDC_IRQHandler
 .text.SystemInit
                0x0000000008003768       0x24 ./Core/Src/system_stm32l4xx.o
                0x0000000008003768                SystemInit
 .text.Reset_Handler
                0x000000000800378c       0x50 ./Core/Startup/startup_stm32l4r9ziyxp.o
                0x000000000800378c                Reset_Handler
 .text.Default_Handler
                0x00000000080037dc        0x2 ./Core/Startup/startup_stm32l4r9ziyxp.o
                0x00000000080037dc                RTC_Alarm_IRQHandler
                0x00000000080037dc                EXTI2_IRQHandler
                0x00000000080037dc                TIM8_TRG_COM_IRQHandler
                0x00000000080037dc                TIM8_CC_IRQHandler
                0x00000000080037dc                TIM1_CC_IRQHandler
                0x00000000080037dc                TSC_IRQHandler
                0x00000000080037dc                TAMP_STAMP_IRQHandler
                0x00000000080037dc                EXTI3_IRQHandler
                0x00000000080037dc                LPTIM2_IRQHandler
                0x00000000080037dc                DFSDM1_FLT1_IRQHandler
                0x00000000080037dc                GFXMMU_IRQHandler
                0x00000000080037dc                I2C3_ER_IRQHandler
                0x00000000080037dc                DFSDM1_FLT2_IRQHandler
                0x00000000080037dc                EXTI0_IRQHandler
                0x00000000080037dc                I2C2_EV_IRQHandler
                0x00000000080037dc                CAN1_RX0_IRQHandler
                0x00000000080037dc                FPU_IRQHandler
                0x00000000080037dc                TIM1_UP_TIM16_IRQHandler
                0x00000000080037dc                LTDC_ER_IRQHandler
                0x00000000080037dc                SPI1_IRQHandler
                0x00000000080037dc                OCTOSPI1_IRQHandler
                0x00000000080037dc                TIM6_DAC_IRQHandler
                0x00000000080037dc                DCMI_IRQHandler
                0x00000000080037dc                TIM8_UP_IRQHandler
                0x00000000080037dc                OCTOSPI2_IRQHandler
                0x00000000080037dc                DMA2_Channel2_IRQHandler
                0x00000000080037dc                DMA1_Channel4_IRQHandler
                0x00000000080037dc                SAI2_IRQHandler
                0x00000000080037dc                ADC1_IRQHandler
                0x00000000080037dc                DFSDM1_FLT3_IRQHandler
                0x00000000080037dc                USART3_IRQHandler
                0x00000000080037dc                DMA1_Channel7_IRQHandler
                0x00000000080037dc                CAN1_RX1_IRQHandler
                0x00000000080037dc                UART5_IRQHandler
                0x00000000080037dc                TIM4_IRQHandler
                0x00000000080037dc                DMA2_Channel1_IRQHandler
                0x00000000080037dc                I2C1_EV_IRQHandler
                0x00000000080037dc                DMAMUX1_OVR_IRQHandler
                0x00000000080037dc                DMA1_Channel6_IRQHandler
                0x00000000080037dc                UART4_IRQHandler
                0x00000000080037dc                DMA2_Channel4_IRQHandler
                0x00000000080037dc                TIM3_IRQHandler
                0x00000000080037dc                RCC_IRQHandler
                0x00000000080037dc                DMA1_Channel1_IRQHandler
                0x00000000080037dc                Default_Handler
                0x00000000080037dc                DMA2_Channel7_IRQHandler
                0x00000000080037dc                TIM7_IRQHandler
                0x00000000080037dc                SDMMC1_IRQHandler
                0x00000000080037dc                TIM5_IRQHandler
                0x00000000080037dc                I2C3_EV_IRQHandler
                0x00000000080037dc                RTC_WKUP_IRQHandler
                0x00000000080037dc                PVD_PVM_IRQHandler
                0x00000000080037dc                SPI2_IRQHandler
                0x00000000080037dc                CAN1_TX_IRQHandler
                0x00000000080037dc                DMA2_Channel5_IRQHandler
                0x00000000080037dc                CRS_IRQHandler
                0x00000000080037dc                DMA1_Channel5_IRQHandler
                0x00000000080037dc                EXTI4_IRQHandler
                0x00000000080037dc                RNG_IRQHandler
                0x00000000080037dc                TIM1_TRG_COM_TIM17_IRQHandler
                0x00000000080037dc                DMA1_Channel3_IRQHandler
                0x00000000080037dc                COMP_IRQHandler
                0x00000000080037dc                DSI_IRQHandler
                0x00000000080037dc                WWDG_IRQHandler
                0x00000000080037dc                I2C4_EV_IRQHandler
                0x00000000080037dc                LPUART1_IRQHandler
                0x00000000080037dc                DMA2_Channel6_IRQHandler
                0x00000000080037dc                TIM2_IRQHandler
                0x00000000080037dc                DMA2D_IRQHandler
                0x00000000080037dc                EXTI1_IRQHandler
                0x00000000080037dc                USART2_IRQHandler
                0x00000000080037dc                DFSDM1_FLT0_IRQHandler
                0x00000000080037dc                I2C2_ER_IRQHandler
                0x00000000080037dc                DMA1_Channel2_IRQHandler
                0x00000000080037dc                TIM8_BRK_IRQHandler
                0x00000000080037dc                CAN1_SCE_IRQHandler
                0x00000000080037dc                FLASH_IRQHandler
                0x00000000080037dc                USART1_IRQHandler
                0x00000000080037dc                OTG_FS_IRQHandler
                0x00000000080037dc                I2C1_ER_IRQHandler
                0x00000000080037dc                FMC_IRQHandler
                0x00000000080037dc                LPTIM1_IRQHandler
                0x00000000080037dc                I2C4_ER_IRQHandler
                0x00000000080037dc                SAI1_IRQHandler
                0x00000000080037dc                DMA2_Channel3_IRQHandler
                0x00000000080037dc                TIM1_BRK_TIM15_IRQHandler
 .text.HAL_Init
                0x00000000080037de       0x30 ./Drivers/STM32L4xx_HAL_Driver/Src/stm32l4xx_hal.o
                0x00000000080037de                HAL_Init
 *fill*         0x000000000800380e        0x2 
 .text.HAL_InitTick
                0x0000000008003810       0x78 ./Drivers/STM32L4xx_HAL_Driver/Src/stm32l4xx_hal.o
                0x0000000008003810                HAL_InitTick
 .text.HAL_IncTick
                0x0000000008003888       0x28 ./Drivers/STM32L4xx_HAL_Driver/Src/stm32l4xx_hal.o
                0x0000000008003888                HAL_IncTick
 .text.HAL_GetTick
                0x00000000080038b0       0x18 ./Drivers/STM32L4xx_HAL_Driver/Src/stm32l4xx_hal.o
                0x00000000080038b0                HAL_GetTick
 .text.HAL_Delay
                0x00000000080038c8       0x48 ./Drivers/STM32L4xx_HAL_Driver/Src/stm32l4xx_hal.o
                0x00000000080038c8                HAL_Delay
 .text.__NVIC_SetPriorityGrouping
                0x0000000008003910       0x48 ./Drivers/STM32L4xx_HAL_Driver/Src/stm32l4xx_hal_cortex.o
 .text.__NVIC_GetPriorityGrouping
                0x0000000008003958       0x1c ./Drivers/STM32L4xx_HAL_Driver/Src/stm32l4xx_hal_cortex.o
 .text.__NVIC_EnableIRQ
                0x0000000008003974       0x3c ./Drivers/STM32L4xx_HAL_Driver/Src/stm32l4xx_hal_cortex.o
 .text.__NVIC_SetPriority
                0x00000000080039b0       0x54 ./Drivers/STM32L4xx_HAL_Driver/Src/stm32l4xx_hal_cortex.o
 .text.NVIC_EncodePriority
                0x0000000008003a04       0x66 ./Drivers/STM32L4xx_HAL_Driver/Src/stm32l4xx_hal_cortex.o
 *fill*         0x0000000008003a6a        0x2 
 .text.SysTick_Config
                0x0000000008003a6c       0x44 ./Drivers/STM32L4xx_HAL_Driver/Src/stm32l4xx_hal_cortex.o
 .text.HAL_NVIC_SetPriorityGrouping
                0x0000000008003ab0       0x16 ./Drivers/STM32L4xx_HAL_Driver/Src/stm32l4xx_hal_cortex.o
                0x0000000008003ab0                HAL_NVIC_SetPriorityGrouping
 .text.HAL_NVIC_SetPriority
                0x0000000008003ac6       0x38 ./Drivers/STM32L4xx_HAL_Driver/Src/stm32l4xx_hal_cortex.o
                0x0000000008003ac6                HAL_NVIC_SetPriority
 .text.HAL_NVIC_EnableIRQ
                0x0000000008003afe       0x1c ./Drivers/STM32L4xx_HAL_Driver/Src/stm32l4xx_hal_cortex.o
                0x0000000008003afe                HAL_NVIC_EnableIRQ
 .text.HAL_SYSTICK_Config
                0x0000000008003b1a       0x18 ./Drivers/STM32L4xx_HAL_Driver/Src/stm32l4xx_hal_cortex.o
                0x0000000008003b1a                HAL_SYSTICK_Config
 .text.HAL_DMA_Abort_IT
                0x0000000008003b32       0xbe ./Drivers/STM32L4xx_HAL_Driver/Src/stm32l4xx_hal_dma.o
                0x0000000008003b32                HAL_DMA_Abort_IT
 .text.HAL_DMA2D_Init
                0x0000000008003bf0       0xc2 ./Drivers/STM32L4xx_HAL_Driver/Src/stm32l4xx_hal_dma2d.o
                0x0000000008003bf0                HAL_DMA2D_Init
 .text.HAL_DMA2D_Start
                0x0000000008003cb2       0x56 ./Drivers/STM32L4xx_HAL_Driver/Src/stm32l4xx_hal_dma2d.o
                0x0000000008003cb2                HAL_DMA2D_Start
 .text.HAL_DMA2D_PollForTransfer
                0x0000000008003d08      0x1d2 ./Drivers/STM32L4xx_HAL_Driver/Src/stm32l4xx_hal_dma2d.o
                0x0000000008003d08                HAL_DMA2D_PollForTransfer
 *fill*         0x0000000008003eda        0x2 
 .text.HAL_DMA2D_ConfigLayer
                0x0000000008003edc      0x13c ./Drivers/STM32L4xx_HAL_Driver/Src/stm32l4xx_hal_dma2d.o
                0x0000000008003edc                HAL_DMA2D_ConfigLayer
 .text.DMA2D_SetConfig
                0x0000000008004018      0x14c ./Drivers/STM32L4xx_HAL_Driver/Src/stm32l4xx_hal_dma2d.o
 .text.DSI_ConfigPacketHeader
                0x0000000008004164       0x32 ./Drivers/STM32L4xx_HAL_Driver/Src/stm32l4xx_hal_dsi.o
 .text.DSI_ShortWrite
                0x0000000008004196       0x5e ./Drivers/STM32L4xx_HAL_Driver/Src/stm32l4xx_hal_dsi.o
 .text.HAL_DSI_Init
                0x00000000080041f4      0x238 ./Drivers/STM32L4xx_HAL_Driver/Src/stm32l4xx_hal_dsi.o
                0x00000000080041f4                HAL_DSI_Init
 .text.HAL_DSI_ConfigErrorMonitor
                0x000000000800442c      0x17a ./Drivers/STM32L4xx_HAL_Driver/Src/stm32l4xx_hal_dsi.o
                0x000000000800442c                HAL_DSI_ConfigErrorMonitor
 .text.HAL_DSI_SetGenericVCID
                0x00000000080045a6       0x50 ./Drivers/STM32L4xx_HAL_Driver/Src/stm32l4xx_hal_dsi.o
                0x00000000080045a6                HAL_DSI_SetGenericVCID
 .text.HAL_DSI_ConfigVideoMode
                0x00000000080045f6      0x410 ./Drivers/STM32L4xx_HAL_Driver/Src/stm32l4xx_hal_dsi.o
                0x00000000080045f6                HAL_DSI_ConfigVideoMode
 .text.HAL_DSI_ConfigPhyTimer
                0x0000000008004a06       0xd4 ./Drivers/STM32L4xx_HAL_Driver/Src/stm32l4xx_hal_dsi.o
                0x0000000008004a06                HAL_DSI_ConfigPhyTimer
 .text.HAL_DSI_ConfigHostTimeouts
                0x0000000008004ada      0x18c ./Drivers/STM32L4xx_HAL_Driver/Src/stm32l4xx_hal_dsi.o
                0x0000000008004ada                HAL_DSI_ConfigHostTimeouts
 .text.HAL_DSI_Start
                0x0000000008004c66       0x78 ./Drivers/STM32L4xx_HAL_Driver/Src/stm32l4xx_hal_dsi.o
                0x0000000008004c66                HAL_DSI_Start
 .text.HAL_DSI_ShortWrite
                0x0000000008004cde       0x44 ./Drivers/STM32L4xx_HAL_Driver/Src/stm32l4xx_hal_dsi.o
                0x0000000008004cde                HAL_DSI_ShortWrite
 .text.HAL_DSI_LongWrite
                0x0000000008004d22      0x130 ./Drivers/STM32L4xx_HAL_Driver/Src/stm32l4xx_hal_dsi.o
                0x0000000008004d22                HAL_DSI_LongWrite
 .text.HAL_DSI_SetLowPowerRXFilter
                0x0000000008004e52       0x5a ./Drivers/STM32L4xx_HAL_Driver/Src/stm32l4xx_hal_dsi.o
                0x0000000008004e52                HAL_DSI_SetLowPowerRXFilter
 .text.HAL_GPIO_Init
                0x0000000008004eac      0x324 ./Drivers/STM32L4xx_HAL_Driver/Src/stm32l4xx_hal_gpio.o
                0x0000000008004eac                HAL_GPIO_Init
 .text.HAL_GPIO_WritePin
                0x00000000080051d0       0x30 ./Drivers/STM32L4xx_HAL_Driver/Src/stm32l4xx_hal_gpio.o
                0x00000000080051d0                HAL_GPIO_WritePin
 .text.HAL_GPIO_EXTI_IRQHandler
                0x0000000008005200       0x30 ./Drivers/STM32L4xx_HAL_Driver/Src/stm32l4xx_hal_gpio.o
                0x0000000008005200                HAL_GPIO_EXTI_IRQHandler
 .text.HAL_LTDC_Init
                0x0000000008005230      0x1a0 ./Drivers/STM32L4xx_HAL_Driver/Src/stm32l4xx_hal_ltdc.o
                0x0000000008005230                HAL_LTDC_Init
 .text.HAL_LTDC_IRQHandler
                0x00000000080053d0      0x148 ./Drivers/STM32L4xx_HAL_Driver/Src/stm32l4xx_hal_ltdc.o
                0x00000000080053d0                HAL_LTDC_IRQHandler
 .text.HAL_LTDC_ErrorCallback
                0x0000000008005518       0x14 ./Drivers/STM32L4xx_HAL_Driver/Src/stm32l4xx_hal_ltdc.o
                0x0000000008005518                HAL_LTDC_ErrorCallback
 .text.HAL_LTDC_LineEventCallback
                0x000000000800552c       0x14 ./Drivers/STM32L4xx_HAL_Driver/Src/stm32l4xx_hal_ltdc.o
                0x000000000800552c                HAL_LTDC_LineEventCallback
 .text.HAL_LTDC_ReloadEventCallback
                0x0000000008005540       0x14 ./Drivers/STM32L4xx_HAL_Driver/Src/stm32l4xx_hal_ltdc.o
                0x0000000008005540                HAL_LTDC_ReloadEventCallback
 .text.HAL_LTDC_ConfigLayer
                0x0000000008005554       0x7c ./Drivers/STM32L4xx_HAL_Driver/Src/stm32l4xx_hal_ltdc.o
                0x0000000008005554                HAL_LTDC_ConfigLayer
 .text.LTDC_SetConfig
                0x00000000080055d0      0x32e ./Drivers/STM32L4xx_HAL_Driver/Src/stm32l4xx_hal_ltdc.o
 *fill*         0x00000000080058fe        0x2 
 .text.HAL_PWREx_GetVoltageRange
                0x0000000008005900       0x40 ./Drivers/STM32L4xx_HAL_Driver/Src/stm32l4xx_hal_pwr_ex.o
                0x0000000008005900                HAL_PWREx_GetVoltageRange
 .text.HAL_PWREx_ControlVoltageScaling
                0x0000000008005940      0x148 ./Drivers/STM32L4xx_HAL_Driver/Src/stm32l4xx_hal_pwr_ex.o
                0x0000000008005940                HAL_PWREx_ControlVoltageScaling
 .text.HAL_PWREx_EnableVddIO2
                0x0000000008005a88       0x20 ./Drivers/STM32L4xx_HAL_Driver/Src/stm32l4xx_hal_pwr_ex.o
                0x0000000008005a88                HAL_PWREx_EnableVddIO2
 .text.HAL_RCC_OscConfig
                0x0000000008005aa8      0x834 ./Drivers/STM32L4xx_HAL_Driver/Src/stm32l4xx_hal_rcc.o
                0x0000000008005aa8                HAL_RCC_OscConfig
 .text.HAL_RCC_ClockConfig
                0x00000000080062dc      0x274 ./Drivers/STM32L4xx_HAL_Driver/Src/stm32l4xx_hal_rcc.o
                0x00000000080062dc                HAL_RCC_ClockConfig
 .text.HAL_RCC_GetSysClockFreq
                0x0000000008006550      0x118 ./Drivers/STM32L4xx_HAL_Driver/Src/stm32l4xx_hal_rcc.o
                0x0000000008006550                HAL_RCC_GetSysClockFreq
 .text.HAL_RCC_GetHCLKFreq
                0x0000000008006668       0x18 ./Drivers/STM32L4xx_HAL_Driver/Src/stm32l4xx_hal_rcc.o
                0x0000000008006668                HAL_RCC_GetHCLKFreq
 .text.HAL_RCC_GetPCLK1Freq
                0x0000000008006680       0x2c ./Drivers/STM32L4xx_HAL_Driver/Src/stm32l4xx_hal_rcc.o
                0x0000000008006680                HAL_RCC_GetPCLK1Freq
 .text.HAL_RCC_GetPCLK2Freq
                0x00000000080066ac       0x2c ./Drivers/STM32L4xx_HAL_Driver/Src/stm32l4xx_hal_rcc.o
                0x00000000080066ac                HAL_RCC_GetPCLK2Freq
 .text.RCC_SetFlashLatencyFromMSIRange
                0x00000000080066d8       0xb4 ./Drivers/STM32L4xx_HAL_Driver/Src/stm32l4xx_hal_rcc.o
 .text.RCC_GetSysClockFreqFromPLLSource
                0x000000000800678c       0xcc ./Drivers/STM32L4xx_HAL_Driver/Src/stm32l4xx_hal_rcc.o
 .text.HAL_RCCEx_PeriphCLKConfig
                0x0000000008006858      0x720 ./Drivers/STM32L4xx_HAL_Driver/Src/stm32l4xx_hal_rcc_ex.o
                0x0000000008006858                HAL_RCCEx_PeriphCLKConfig
 .text.RCCEx_PLLSAI1_Config
                0x0000000008006f78      0x1e8 ./Drivers/STM32L4xx_HAL_Driver/Src/stm32l4xx_hal_rcc_ex.o
 .text.RCCEx_PLLSAI2_Config
                0x0000000008007160      0x1e8 ./Drivers/STM32L4xx_HAL_Driver/Src/stm32l4xx_hal_rcc_ex.o
 .text.HAL_SPI_Init
                0x0000000008007348      0x146 ./Drivers/STM32L4xx_HAL_Driver/Src/stm32l4xx_hal_spi.o
                0x0000000008007348                HAL_SPI_Init
 .text.HAL_SPI_Transmit
                0x000000000800748e      0x2dc ./Drivers/STM32L4xx_HAL_Driver/Src/stm32l4xx_hal_spi.o
                0x000000000800748e                HAL_SPI_Transmit
 .text.HAL_SPI_Receive
                0x000000000800776a      0x260 ./Drivers/STM32L4xx_HAL_Driver/Src/stm32l4xx_hal_spi.o
                0x000000000800776a                HAL_SPI_Receive
 .text.HAL_SPI_TransmitReceive
                0x00000000080079ca      0x426 ./Drivers/STM32L4xx_HAL_Driver/Src/stm32l4xx_hal_spi.o
                0x00000000080079ca                HAL_SPI_TransmitReceive
 .text.HAL_SPI_Receive_IT
                0x0000000008007df0      0x160 ./Drivers/STM32L4xx_HAL_Driver/Src/stm32l4xx_hal_spi.o
                0x0000000008007df0                HAL_SPI_Receive_IT
 .text.HAL_SPI_TransmitReceive_IT
                0x0000000008007f50      0x160 ./Drivers/STM32L4xx_HAL_Driver/Src/stm32l4xx_hal_spi.o
                0x0000000008007f50                HAL_SPI_TransmitReceive_IT
 .text.HAL_SPI_IRQHandler
                0x00000000080080b0      0x200 ./Drivers/STM32L4xx_HAL_Driver/Src/stm32l4xx_hal_spi.o
                0x00000000080080b0                HAL_SPI_IRQHandler
 .text.HAL_SPI_TxRxCpltCallback
                0x00000000080082b0       0x14 ./Drivers/STM32L4xx_HAL_Driver/Src/stm32l4xx_hal_spi.o
                0x00000000080082b0                HAL_SPI_TxRxCpltCallback
 .text.HAL_SPI_ErrorCallback
                0x00000000080082c4       0x14 ./Drivers/STM32L4xx_HAL_Driver/Src/stm32l4xx_hal_spi.o
                0x00000000080082c4                HAL_SPI_ErrorCallback
 .text.SPI_DMAAbortOnError
                0x00000000080082d8       0x2a ./Drivers/STM32L4xx_HAL_Driver/Src/stm32l4xx_hal_spi.o
 .text.SPI_2linesRxISR_8BIT
                0x0000000008008302       0xbe ./Drivers/STM32L4xx_HAL_Driver/Src/stm32l4xx_hal_spi.o
 .text.SPI_2linesTxISR_8BIT
                0x00000000080083c0       0x92 ./Drivers/STM32L4xx_HAL_Driver/Src/stm32l4xx_hal_spi.o
 .text.SPI_2linesRxISR_16BIT
                0x0000000008008452       0x66 ./Drivers/STM32L4xx_HAL_Driver/Src/stm32l4xx_hal_spi.o
 .text.SPI_2linesTxISR_16BIT
                0x00000000080084b8       0x60 ./Drivers/STM32L4xx_HAL_Driver/Src/stm32l4xx_hal_spi.o
 .text.SPI_RxISR_8BIT
                0x0000000008008518       0x50 ./Drivers/STM32L4xx_HAL_Driver/Src/stm32l4xx_hal_spi.o
 .text.SPI_RxISR_16BIT
                0x0000000008008568       0x4c ./Drivers/STM32L4xx_HAL_Driver/Src/stm32l4xx_hal_spi.o
 .text.SPI_WaitFlagStateUntilTimeout
                0x00000000080085b4      0x110 ./Drivers/STM32L4xx_HAL_Driver/Src/stm32l4xx_hal_spi.o
 .text.SPI_WaitFifoStateUntilTimeout
                0x00000000080086c4      0x12c ./Drivers/STM32L4xx_HAL_Driver/Src/stm32l4xx_hal_spi.o
 .text.SPI_EndRxTransaction
                0x00000000080087f0       0xb0 ./Drivers/STM32L4xx_HAL_Driver/Src/stm32l4xx_hal_spi.o
 .text.SPI_EndRxTxTransaction
                0x00000000080088a0       0x8c ./Drivers/STM32L4xx_HAL_Driver/Src/stm32l4xx_hal_spi.o
 .text.SPI_CloseRxTx_ISR
                0x000000000800892c       0x84 ./Drivers/STM32L4xx_HAL_Driver/Src/stm32l4xx_hal_spi.o
 .text.SPI_CloseRx_ISR
                0x00000000080089b0       0x60 ./Drivers/STM32L4xx_HAL_Driver/Src/stm32l4xx_hal_spi.o
 .text.HAL_UART_Init
                0x0000000008008a10       0xa0 ./Drivers/STM32L4xx_HAL_Driver/Src/stm32l4xx_hal_uart.o
                0x0000000008008a10                HAL_UART_Init
 .text.HAL_UART_Transmit
                0x0000000008008ab0      0x12e ./Drivers/STM32L4xx_HAL_Driver/Src/stm32l4xx_hal_uart.o
                0x0000000008008ab0                HAL_UART_Transmit
 *fill*         0x0000000008008bde        0x2 
 .text.UART_SetConfig
                0x0000000008008be0      0x5f8 ./Drivers/STM32L4xx_HAL_Driver/Src/stm32l4xx_hal_uart.o
                0x0000000008008be0                UART_SetConfig
 .text.UART_AdvFeatureConfig
                0x00000000080091d8      0x144 ./Drivers/STM32L4xx_HAL_Driver/Src/stm32l4xx_hal_uart.o
                0x00000000080091d8                UART_AdvFeatureConfig
 .text.UART_CheckIdleState
                0x000000000800931c       0x96 ./Drivers/STM32L4xx_HAL_Driver/Src/stm32l4xx_hal_uart.o
                0x000000000800931c                UART_CheckIdleState
 .text.UART_WaitOnFlagUntilTimeout
                0x00000000080093b2      0x190 ./Drivers/STM32L4xx_HAL_Driver/Src/stm32l4xx_hal_uart.o
                0x00000000080093b2                UART_WaitOnFlagUntilTimeout
 .text.HAL_UARTEx_DisableFifoMode
                0x0000000008009542       0x72 ./Drivers/STM32L4xx_HAL_Driver/Src/stm32l4xx_hal_uart_ex.o
                0x0000000008009542                HAL_UARTEx_DisableFifoMode
 .text.HAL_UARTEx_SetTxFifoThreshold
                0x00000000080095b4       0x7c ./Drivers/STM32L4xx_HAL_Driver/Src/stm32l4xx_hal_uart_ex.o
                0x00000000080095b4                HAL_UARTEx_SetTxFifoThreshold
 .text.HAL_UARTEx_SetRxFifoThreshold
                0x0000000008009630       0x7c ./Drivers/STM32L4xx_HAL_Driver/Src/stm32l4xx_hal_uart_ex.o
                0x0000000008009630                HAL_UARTEx_SetRxFifoThreshold
 .text.UARTEx_SetNbDataToProcess
                0x00000000080096ac       0x9c ./Drivers/STM32L4xx_HAL_Driver/Src/stm32l4xx_hal_uart_ex.o
 .text.__libc_init_array
                0x0000000008009748       0x48 c:/st/stm32cubeide_1.11.0/stm32cubeide/plugins/com.st.stm32cube.ide.mcu.externaltools.gnu-tools-for-stm32.10.3-2021.10.win32_1.0.100.202210260954/tools/bin/../lib/gcc/arm-none-eabi/10.3.1/../../../../arm-none-eabi/lib/thumb/v7e-m+fp/hard\libc_nano.a(lib_a-init.o)
                0x0000000008009748                __libc_init_array
 .text.memset   0x0000000008009790       0x10 c:/st/stm32cubeide_1.11.0/stm32cubeide/plugins/com.st.stm32cube.ide.mcu.externaltools.gnu-tools-for-stm32.10.3-2021.10.win32_1.0.100.202210260954/tools/bin/../lib/gcc/arm-none-eabi/10.3.1/../../../../arm-none-eabi/lib/thumb/v7e-m+fp/hard\libc_nano.a(lib_a-memset.o)
                0x0000000008009790                memset
 *(.glue_7)
 .glue_7        0x00000000080097a0        0x0 linker stubs
 *(.glue_7t)
 .glue_7t       0x00000000080097a0        0x0 linker stubs
 *(.eh_frame)
 .eh_frame      0x00000000080097a0        0x0 c:/st/stm32cubeide_1.11.0/stm32cubeide/plugins/com.st.stm32cube.ide.mcu.externaltools.gnu-tools-for-stm32.10.3-2021.10.win32_1.0.100.202210260954/tools/bin/../lib/gcc/arm-none-eabi/10.3.1/thumb/v7e-m+fp/hard/crtbegin.o
 *(.init)
 .init          0x00000000080097a0        0x4 c:/st/stm32cubeide_1.11.0/stm32cubeide/plugins/com.st.stm32cube.ide.mcu.externaltools.gnu-tools-for-stm32.10.3-2021.10.win32_1.0.100.202210260954/tools/bin/../lib/gcc/arm-none-eabi/10.3.1/thumb/v7e-m+fp/hard/crti.o
                0x00000000080097a0                _init
 .init          0x00000000080097a4        0x8 c:/st/stm32cubeide_1.11.0/stm32cubeide/plugins/com.st.stm32cube.ide.mcu.externaltools.gnu-tools-for-stm32.10.3-2021.10.win32_1.0.100.202210260954/tools/bin/../lib/gcc/arm-none-eabi/10.3.1/thumb/v7e-m+fp/hard/crtn.o
 *(.fini)
 .fini          0x00000000080097ac        0x4 c:/st/stm32cubeide_1.11.0/stm32cubeide/plugins/com.st.stm32cube.ide.mcu.externaltools.gnu-tools-for-stm32.10.3-2021.10.win32_1.0.100.202210260954/tools/bin/../lib/gcc/arm-none-eabi/10.3.1/thumb/v7e-m+fp/hard/crti.o
                0x00000000080097ac                _fini
 .fini          0x00000000080097b0        0x8 c:/st/stm32cubeide_1.11.0/stm32cubeide/plugins/com.st.stm32cube.ide.mcu.externaltools.gnu-tools-for-stm32.10.3-2021.10.win32_1.0.100.202210260954/tools/bin/../lib/gcc/arm-none-eabi/10.3.1/thumb/v7e-m+fp/hard/crtn.o
                0x00000000080097b8                . = ALIGN (0x4)
                0x00000000080097b8                _etext = .

.vfp11_veneer   0x00000000080097b8        0x0
 .vfp11_veneer  0x00000000080097b8        0x0 linker stubs

.v4_bx          0x00000000080097b8        0x0
 .v4_bx         0x00000000080097b8        0x0 linker stubs

.iplt           0x00000000080097b8        0x0
 .iplt          0x00000000080097b8        0x0 c:/st/stm32cubeide_1.11.0/stm32cubeide/plugins/com.st.stm32cube.ide.mcu.externaltools.gnu-tools-for-stm32.10.3-2021.10.win32_1.0.100.202210260954/tools/bin/../lib/gcc/arm-none-eabi/10.3.1/thumb/v7e-m+fp/hard/crtbegin.o

.rodata         0x00000000080097b8       0xf0
                0x00000000080097b8                . = ALIGN (0x4)
 *(.rodata)
 .rodata        0x00000000080097b8       0x7d ./Core/Src/main.o
 *(.rodata*)
 *fill*         0x0000000008009835        0x3 
 .rodata.AHBPrescTable
                0x0000000008009838       0x10 ./Core/Src/system_stm32l4xx.o
                0x0000000008009838                AHBPrescTable
 .rodata.APBPrescTable
                0x0000000008009848        0x8 ./Core/Src/system_stm32l4xx.o
                0x0000000008009848                APBPrescTable
 .rodata.MSIRangeTable
                0x0000000008009850       0x30 ./Core/Src/system_stm32l4xx.o
                0x0000000008009850                MSIRangeTable
 .rodata.UARTPrescTable
                0x0000000008009880       0x18 ./Drivers/STM32L4xx_HAL_Driver/Src/stm32l4xx_hal_uart.o
                0x0000000008009880                UARTPrescTable
 .rodata.numerator.1
                0x0000000008009898        0x8 ./Drivers/STM32L4xx_HAL_Driver/Src/stm32l4xx_hal_uart_ex.o
 .rodata.denominator.0
                0x00000000080098a0        0x8 ./Drivers/STM32L4xx_HAL_Driver/Src/stm32l4xx_hal_uart_ex.o
                0x00000000080098a8                . = ALIGN (0x4)

.ARM.extab      0x00000000080098a8        0x0
                0x00000000080098a8                . = ALIGN (0x4)
 *(.ARM.extab* .gnu.linkonce.armextab.*)
                0x00000000080098a8                . = ALIGN (0x4)

.ARM            0x00000000080098a8        0x8
                0x00000000080098a8                . = ALIGN (0x4)
                0x00000000080098a8                __exidx_start = .
 *(.ARM.exidx*)
 .ARM.exidx     0x00000000080098a8        0x8 c:/st/stm32cubeide_1.11.0/stm32cubeide/plugins/com.st.stm32cube.ide.mcu.externaltools.gnu-tools-for-stm32.10.3-2021.10.win32_1.0.100.202210260954/tools/bin/../lib/gcc/arm-none-eabi/10.3.1/thumb/v7e-m+fp/hard\libgcc.a(_udivmoddi4.o)
                0x00000000080098b0                __exidx_end = .
                0x00000000080098b0                . = ALIGN (0x4)

.rel.dyn        0x00000000080098b0        0x0
 .rel.iplt      0x00000000080098b0        0x0 c:/st/stm32cubeide_1.11.0/stm32cubeide/plugins/com.st.stm32cube.ide.mcu.externaltools.gnu-tools-for-stm32.10.3-2021.10.win32_1.0.100.202210260954/tools/bin/../lib/gcc/arm-none-eabi/10.3.1/thumb/v7e-m+fp/hard/crtbegin.o

.preinit_array  0x00000000080098b0        0x0
                0x00000000080098b0                . = ALIGN (0x4)
                0x00000000080098b0                PROVIDE (__preinit_array_start = .)
 *(.preinit_array*)
                0x00000000080098b0                PROVIDE (__preinit_array_end = .)
                0x00000000080098b0                . = ALIGN (0x4)

.init_array     0x00000000080098b0        0x4
                0x00000000080098b0                . = ALIGN (0x4)
                0x00000000080098b0                PROVIDE (__init_array_start = .)
 *(SORT_BY_NAME(.init_array.*))
 *(.init_array*)
 .init_array    0x00000000080098b0        0x4 c:/st/stm32cubeide_1.11.0/stm32cubeide/plugins/com.st.stm32cube.ide.mcu.externaltools.gnu-tools-for-stm32.10.3-2021.10.win32_1.0.100.202210260954/tools/bin/../lib/gcc/arm-none-eabi/10.3.1/thumb/v7e-m+fp/hard/crtbegin.o
                0x00000000080098b4                PROVIDE (__init_array_end = .)
                0x00000000080098b4                . = ALIGN (0x4)

.fini_array     0x00000000080098b4        0x4
                0x00000000080098b4                . = ALIGN (0x4)
                [!provide]                        PROVIDE (__fini_array_start = .)
 *(SORT_BY_NAME(.fini_array.*))
 *(.fini_array*)
 .fini_array    0x00000000080098b4        0x4 c:/st/stm32cubeide_1.11.0/stm32cubeide/plugins/com.st.stm32cube.ide.mcu.externaltools.gnu-tools-for-stm32.10.3-2021.10.win32_1.0.100.202210260954/tools/bin/../lib/gcc/arm-none-eabi/10.3.1/thumb/v7e-m+fp/hard/crtbegin.o
                [!provide]                        PROVIDE (__fini_array_end = .)
                0x00000000080098b8                . = ALIGN (0x4)
                0x00000000080098b8                _sidata = LOADADDR (.data)

.data           0x0000000020000000       0x2c load address 0x00000000080098b8
                0x0000000020000000                . = ALIGN (0x4)
                0x0000000020000000                _sdata = .
 *(.data)
 *(.data*)
 .data.IMAGE_H  0x0000000020000000        0x4 ./Core/Src/main.o
                0x0000000020000000                IMAGE_H
 .data.IMAGE_W  0x0000000020000004        0x4 ./Core/Src/main.o
                0x0000000020000004                IMAGE_W
 .data.frame_rate_r
                0x0000000020000008        0x1 ./Core/Src/main.o
                0x0000000020000008                frame_rate_r
 .data.spi_flash_content_length
                0x0000000020000009        0x1 ./Core/Src/main.o
                0x0000000020000009                spi_flash_content_length
 .data.auto_run_end_content
                0x000000002000000a        0x1 ./Core/Src/main.o
                0x000000002000000a                auto_run_end_content
 .data.content_size
                0x000000002000000b        0x1 ./Core/Src/main.o
                0x000000002000000b                content_size
 .data.Horizontal_blanking_H
                0x000000002000000c        0x1 ./Core/Src/main.o
                0x000000002000000c                Horizontal_blanking_H
 .data.Horizontal_blanking_L
                0x000000002000000d        0x1 ./Core/Src/main.o
                0x000000002000000d                Horizontal_blanking_L
 .data.Vertical_blanking_H
                0x000000002000000e        0x1 ./Core/Src/main.o
                0x000000002000000e                Vertical_blanking_H
 .data.Vertical_blanking_L
                0x000000002000000f        0x1 ./Core/Src/main.o
                0x000000002000000f                Vertical_blanking_L
 .data.HSA      0x0000000020000010        0x2 ./Core/Src/main.o
                0x0000000020000010                HSA
 .data.HBP      0x0000000020000012        0x2 ./Core/Src/main.o
                0x0000000020000012                HBP
 .data.HFP      0x0000000020000014        0x2 ./Core/Src/main.o
                0x0000000020000014                HFP
 .data.VSA      0x0000000020000016        0x2 ./Core/Src/main.o
                0x0000000020000016                VSA
 .data.VBP      0x0000000020000018        0x2 ./Core/Src/main.o
                0x0000000020000018                VBP
 .data.VFP      0x000000002000001a        0x2 ./Core/Src/main.o
                0x000000002000001a                VFP
 .data.Pixel_Mapping_one_L
                0x000000002000001c        0x1 ./Core/Src/main.o
                0x000000002000001c                Pixel_Mapping_one_L
 .data.Pixel_Mapping_one_H
                0x000000002000001d        0x1 ./Core/Src/main.o
                0x000000002000001d                Pixel_Mapping_one_H
 .data.BOARD_NUMBER
                0x000000002000001e        0x1 ./Core/Src/main.o
                0x000000002000001e                BOARD_NUMBER
 *fill*         0x000000002000001f        0x1 
 .data.SystemCoreClock
                0x0000000020000020        0x4 ./Core/Src/system_stm32l4xx.o
                0x0000000020000020                SystemCoreClock
 .data.uwTickPrio
                0x0000000020000024        0x4 ./Drivers/STM32L4xx_HAL_Driver/Src/stm32l4xx_hal.o
                0x0000000020000024                uwTickPrio
 .data.uwTickFreq
                0x0000000020000028        0x1 ./Drivers/STM32L4xx_HAL_Driver/Src/stm32l4xx_hal.o
                0x0000000020000028                uwTickFreq
 *(.RamFunc)
 *(.RamFunc*)
                0x000000002000002c                . = ALIGN (0x4)
 *fill*         0x0000000020000029        0x3 
                0x000000002000002c                _edata = .

.igot.plt       0x000000002000002c        0x0 load address 0x00000000080098e4
 .igot.plt      0x000000002000002c        0x0 c:/st/stm32cubeide_1.11.0/stm32cubeide/plugins/com.st.stm32cube.ide.mcu.externaltools.gnu-tools-for-stm32.10.3-2021.10.win32_1.0.100.202210260954/tools/bin/../lib/gcc/arm-none-eabi/10.3.1/thumb/v7e-m+fp/hard/crtbegin.o
                0x000000002000002c                . = ALIGN (0x4)

.bss            0x000000002000002c    0x8bd8c load address 0x00000000080098e4
                0x000000002000002c                _sbss = .
                0x000000002000002c                __bss_start__ = _sbss
 *(.bss)
 .bss           0x000000002000002c       0x1c c:/st/stm32cubeide_1.11.0/stm32cubeide/plugins/com.st.stm32cube.ide.mcu.externaltools.gnu-tools-for-stm32.10.3-2021.10.win32_1.0.100.202210260954/tools/bin/../lib/gcc/arm-none-eabi/10.3.1/thumb/v7e-m+fp/hard/crtbegin.o
 *(.bss*)
 .bss.hdma2d    0x0000000020000048       0x60 ./Core/Src/main.o
                0x0000000020000048                hdma2d
 .bss.hdsi      0x00000000200000a8       0x1c ./Core/Src/main.o
                0x00000000200000a8                hdsi
 .bss.hltdc     0x00000000200000c4       0xa8 ./Core/Src/main.o
                0x00000000200000c4                hltdc
 .bss.hspi2     0x000000002000016c       0x64 ./Core/Src/main.o
                0x000000002000016c                hspi2
 .bss.hspi3     0x00000000200001d0       0x64 ./Core/Src/main.o
                0x00000000200001d0                hspi3
 .bss.huart4    0x0000000020000234       0x90 ./Core/Src/main.o
                0x0000000020000234                huart4
 .bss.auto_run_start_content
                0x00000000200002c4        0x1 ./Core/Src/main.o
                0x00000000200002c4                auto_run_start_content
 *fill*         0x00000000200002c5        0x3 
 .bss.frame_buf_tmp
                0x00000000200002c8     0xdea8 ./Core/Src/main.o
                0x00000000200002c8                frame_buf_tmp
 .bss.frame_buf_0
                0x000000002000e170     0xdea8 ./Core/Src/main.o
                0x000000002000e170                frame_buf_0
 .bss.frame_buf_1
                0x000000002001c018     0xdea8 ./Core/Src/main.o
                0x000000002001c018                frame_buf_1
 .bss.frame_buf_flash
                0x0000000020029ec0     0xdea8 ./Core/Src/main.o
                0x0000000020029ec0                frame_buf_flash
 .bss.frame_buf_mode
                0x0000000020037d68    0x46118 ./Core/Src/main.o
                0x0000000020037d68                frame_buf_mode
 .bss.play_mode
                0x000000002007de80        0x1 ./Core/Src/main.o
                0x000000002007de80                play_mode
 .bss.play_mode_source
                0x000000002007de81        0x1 ./Core/Src/main.o
                0x000000002007de81                play_mode_source
 *fill*         0x000000002007de82        0x2 
 .bss.image_arr_rgb888
                0x000000002007de84     0xdea8 ./Core/Src/main.o
                0x000000002007de84                image_arr_rgb888
 .bss.display_image_number
                0x000000002008bd2c        0x1 ./Core/Src/main.o
                0x000000002008bd2c                display_image_number
 *fill*         0x000000002008bd2d        0x3 
 .bss.spi_rev_2byte
                0x000000002008bd30        0x2 ./Core/Src/main.o
                0x000000002008bd30                spi_rev_2byte
 .bss.setting_changed
                0x000000002008bd32        0x1 ./Core/Src/main.o
                0x000000002008bd32                setting_changed
 .bss.Playing_mode
                0x000000002008bd33        0x1 ./Core/Src/main.o
                0x000000002008bd33                Playing_mode
 .bss.Mode_changed
                0x000000002008bd34        0x1 ./Core/Src/main.o
                0x000000002008bd34                Mode_changed
 *fill*         0x000000002008bd35        0x3 
 .bss.Mode_config
                0x000000002008bd38       0x6e ./Core/Src/main.o
                0x000000002008bd38                Mode_config
 *fill*         0x000000002008bda6        0x2 
 .bss.Current_mode_config
                0x000000002008bda8        0xa ./Core/Src/main.o
                0x000000002008bda8                Current_mode_config
 .bss.g_current_pic
                0x000000002008bdb2        0x1 ./Core/Src/main.o
                0x000000002008bdb2                g_current_pic
 .bss.g_Mode_picture_count
                0x000000002008bdb3        0x1 ./Core/Src/main.o
                0x000000002008bdb3                g_Mode_picture_count
 .bss.uwTick    0x000000002008bdb4        0x4 ./Drivers/STM32L4xx_HAL_Driver/Src/stm32l4xx_hal.o
                0x000000002008bdb4                uwTick
 *(COMMON)
                0x000000002008bdb8                . = ALIGN (0x4)
                0x000000002008bdb8                _ebss = .
                0x000000002008bdb8                __bss_end__ = _ebss

._user_heap_stack
                0x000000002008bdb8      0x600 load address 0x00000000080098e4
                0x000000002008bdb8                . = ALIGN (0x8)
                [!provide]                        PROVIDE (end = .)
                0x000000002008bdb8                PROVIDE (_end = .)
                0x000000002008bfb8                . = (. + _Min_Heap_Size)
 *fill*         0x000000002008bdb8      0x200 
                0x000000002008c3b8                . = (. + _Min_Stack_Size)
 *fill*         0x000000002008bfb8      0x400 
                0x000000002008c3b8                . = ALIGN (0x8)

/DISCARD/
 libc.a(*)
 libm.a(*)
 libgcc.a(*)

.ARM.attributes
                0x0000000000000000       0x30
 *(.ARM.attributes)
 .ARM.attributes
                0x0000000000000000       0x1e c:/st/stm32cubeide_1.11.0/stm32cubeide/plugins/com.st.stm32cube.ide.mcu.externaltools.gnu-tools-for-stm32.10.3-2021.10.win32_1.0.100.202210260954/tools/bin/../lib/gcc/arm-none-eabi/10.3.1/thumb/v7e-m+fp/hard/crti.o
 .ARM.attributes
                0x000000000000001e       0x34 c:/st/stm32cubeide_1.11.0/stm32cubeide/plugins/com.st.stm32cube.ide.mcu.externaltools.gnu-tools-for-stm32.10.3-2021.10.win32_1.0.100.202210260954/tools/bin/../lib/gcc/arm-none-eabi/10.3.1/thumb/v7e-m+fp/hard/crtbegin.o
 .ARM.attributes
                0x0000000000000052       0x34 ./Core/Src/main.o
 .ARM.attributes
                0x0000000000000086       0x34 ./Core/Src/stm32l4xx_hal_msp.o
 .ARM.attributes
                0x00000000000000ba       0x34 ./Core/Src/stm32l4xx_it.o
 .ARM.attributes
                0x00000000000000ee       0x34 ./Core/Src/system_stm32l4xx.o
 .ARM.attributes
                0x0000000000000122       0x21 ./Core/Startup/startup_stm32l4r9ziyxp.o
 .ARM.attributes
                0x0000000000000143       0x34 ./Drivers/STM32L4xx_HAL_Driver/Src/stm32l4xx_hal.o
 .ARM.attributes
                0x0000000000000177       0x34 ./Drivers/STM32L4xx_HAL_Driver/Src/stm32l4xx_hal_cortex.o
 .ARM.attributes
                0x00000000000001ab       0x34 ./Drivers/STM32L4xx_HAL_Driver/Src/stm32l4xx_hal_dma.o
 .ARM.attributes
                0x00000000000001df       0x34 ./Drivers/STM32L4xx_HAL_Driver/Src/stm32l4xx_hal_dma2d.o
 .ARM.attributes
                0x0000000000000213       0x34 ./Drivers/STM32L4xx_HAL_Driver/Src/stm32l4xx_hal_dsi.o
 .ARM.attributes
                0x0000000000000247       0x34 ./Drivers/STM32L4xx_HAL_Driver/Src/stm32l4xx_hal_gpio.o
 .ARM.attributes
                0x000000000000027b       0x34 ./Drivers/STM32L4xx_HAL_Driver/Src/stm32l4xx_hal_ltdc.o
 .ARM.attributes
                0x00000000000002af       0x34 ./Drivers/STM32L4xx_HAL_Driver/Src/stm32l4xx_hal_pwr_ex.o
 .ARM.attributes
                0x00000000000002e3       0x34 ./Drivers/STM32L4xx_HAL_Driver/Src/stm32l4xx_hal_rcc.o
 .ARM.attributes
                0x0000000000000317       0x34 ./Drivers/STM32L4xx_HAL_Driver/Src/stm32l4xx_hal_rcc_ex.o
 .ARM.attributes
                0x000000000000034b       0x34 ./Drivers/STM32L4xx_HAL_Driver/Src/stm32l4xx_hal_spi.o
 .ARM.attributes
                0x000000000000037f       0x34 ./Drivers/STM32L4xx_HAL_Driver/Src/stm32l4xx_hal_uart.o
 .ARM.attributes
                0x00000000000003b3       0x34 ./Drivers/STM32L4xx_HAL_Driver/Src/stm32l4xx_hal_uart_ex.o
 .ARM.attributes
                0x00000000000003e7       0x34 c:/st/stm32cubeide_1.11.0/stm32cubeide/plugins/com.st.stm32cube.ide.mcu.externaltools.gnu-tools-for-stm32.10.3-2021.10.win32_1.0.100.202210260954/tools/bin/../lib/gcc/arm-none-eabi/10.3.1/../../../../arm-none-eabi/lib/thumb/v7e-m+fp/hard\libc_nano.a(lib_a-init.o)
 .ARM.attributes
                0x000000000000041b       0x34 c:/st/stm32cubeide_1.11.0/stm32cubeide/plugins/com.st.stm32cube.ide.mcu.externaltools.gnu-tools-for-stm32.10.3-2021.10.win32_1.0.100.202210260954/tools/bin/../lib/gcc/arm-none-eabi/10.3.1/../../../../arm-none-eabi/lib/thumb/v7e-m+fp/hard\libc_nano.a(lib_a-memset.o)
 .ARM.attributes
                0x000000000000044f       0x1e c:/st/stm32cubeide_1.11.0/stm32cubeide/plugins/com.st.stm32cube.ide.mcu.externaltools.gnu-tools-for-stm32.10.3-2021.10.win32_1.0.100.202210260954/tools/bin/../lib/gcc/arm-none-eabi/10.3.1/thumb/v7e-m+fp/hard\libgcc.a(_aeabi_uldivmod.o)
 .ARM.attributes
                0x000000000000046d       0x34 c:/st/stm32cubeide_1.11.0/stm32cubeide/plugins/com.st.stm32cube.ide.mcu.externaltools.gnu-tools-for-stm32.10.3-2021.10.win32_1.0.100.202210260954/tools/bin/../lib/gcc/arm-none-eabi/10.3.1/thumb/v7e-m+fp/hard\libgcc.a(_udivmoddi4.o)
 .ARM.attributes
                0x00000000000004a1       0x1e c:/st/stm32cubeide_1.11.0/stm32cubeide/plugins/com.st.stm32cube.ide.mcu.externaltools.gnu-tools-for-stm32.10.3-2021.10.win32_1.0.100.202210260954/tools/bin/../lib/gcc/arm-none-eabi/10.3.1/thumb/v7e-m+fp/hard\libgcc.a(_dvmd_tls.o)
 .ARM.attributes
                0x00000000000004bf       0x1e c:/st/stm32cubeide_1.11.0/stm32cubeide/plugins/com.st.stm32cube.ide.mcu.externaltools.gnu-tools-for-stm32.10.3-2021.10.win32_1.0.100.202210260954/tools/bin/../lib/gcc/arm-none-eabi/10.3.1/thumb/v7e-m+fp/hard/crtn.o
OUTPUT(GL_REV2_R.elf elf32-littlearm)
LOAD linker stubs
LOAD c:/st/stm32cubeide_1.11.0/stm32cubeide/plugins/com.st.stm32cube.ide.mcu.externaltools.gnu-tools-for-stm32.10.3-2021.10.win32_1.0.100.202210260954/tools/bin/../lib/gcc/arm-none-eabi/10.3.1/../../../../arm-none-eabi/lib/thumb/v7e-m+fp/hard\libc.a
LOAD c:/st/stm32cubeide_1.11.0/stm32cubeide/plugins/com.st.stm32cube.ide.mcu.externaltools.gnu-tools-for-stm32.10.3-2021.10.win32_1.0.100.202210260954/tools/bin/../lib/gcc/arm-none-eabi/10.3.1/../../../../arm-none-eabi/lib/thumb/v7e-m+fp/hard\libm.a
LOAD c:/st/stm32cubeide_1.11.0/stm32cubeide/plugins/com.st.stm32cube.ide.mcu.externaltools.gnu-tools-for-stm32.10.3-2021.10.win32_1.0.100.202210260954/tools/bin/../lib/gcc/arm-none-eabi/10.3.1/thumb/v7e-m+fp/hard\libgcc.a

.debug_info     0x0000000000000000    0x16ffb
 .debug_info    0x0000000000000000     0x35e0 ./Core/Src/main.o
 .debug_info    0x00000000000035e0     0x232f ./Core/Src/stm32l4xx_hal_msp.o
 .debug_info    0x000000000000590f      0xbaf ./Core/Src/stm32l4xx_it.o
 .debug_info    0x00000000000064be      0x5fe ./Core/Src/system_stm32l4xx.o
 .debug_info    0x0000000000006abc       0x22 ./Core/Startup/startup_stm32l4r9ziyxp.o
 .debug_info    0x0000000000006ade      0xbab ./Drivers/STM32L4xx_HAL_Driver/Src/stm32l4xx_hal.o
 .debug_info    0x0000000000007689      0xe51 ./Drivers/STM32L4xx_HAL_Driver/Src/stm32l4xx_hal_cortex.o
 .debug_info    0x00000000000084da      0x8ce ./Drivers/STM32L4xx_HAL_Driver/Src/stm32l4xx_hal_dma.o
 .debug_info    0x0000000000008da8     0x1041 ./Drivers/STM32L4xx_HAL_Driver/Src/stm32l4xx_hal_dma2d.o
 .debug_info    0x0000000000009de9     0x1b4b ./Drivers/STM32L4xx_HAL_Driver/Src/stm32l4xx_hal_dsi.o
 .debug_info    0x000000000000b934      0x859 ./Drivers/STM32L4xx_HAL_Driver/Src/stm32l4xx_hal_gpio.o
 .debug_info    0x000000000000c18d     0x114e ./Drivers/STM32L4xx_HAL_Driver/Src/stm32l4xx_hal_ltdc.o
 .debug_info    0x000000000000d2db      0xa5e ./Drivers/STM32L4xx_HAL_Driver/Src/stm32l4xx_hal_pwr_ex.o
 .debug_info    0x000000000000dd39      0xe19 ./Drivers/STM32L4xx_HAL_Driver/Src/stm32l4xx_hal_rcc.o
 .debug_info    0x000000000000eb52     0x120d ./Drivers/STM32L4xx_HAL_Driver/Src/stm32l4xx_hal_rcc_ex.o
 .debug_info    0x000000000000fd5f     0x189c ./Drivers/STM32L4xx_HAL_Driver/Src/stm32l4xx_hal_spi.o
 .debug_info    0x00000000000115fb     0x4996 ./Drivers/STM32L4xx_HAL_Driver/Src/stm32l4xx_hal_uart.o
 .debug_info    0x0000000000015f91     0x106a ./Drivers/STM32L4xx_HAL_Driver/Src/stm32l4xx_hal_uart_ex.o

.debug_abbrev   0x0000000000000000     0x27e5
 .debug_abbrev  0x0000000000000000      0x3bf ./Core/Src/main.o
 .debug_abbrev  0x00000000000003bf      0x27f ./Core/Src/stm32l4xx_hal_msp.o
 .debug_abbrev  0x000000000000063e      0x182 ./Core/Src/stm32l4xx_it.o
 .debug_abbrev  0x00000000000007c0      0x116 ./Core/Src/system_stm32l4xx.o
 .debug_abbrev  0x00000000000008d6       0x12 ./Core/Startup/startup_stm32l4r9ziyxp.o
 .debug_abbrev  0x00000000000008e8      0x23a ./Drivers/STM32L4xx_HAL_Driver/Src/stm32l4xx_hal.o
 .debug_abbrev  0x0000000000000b22      0x316 ./Drivers/STM32L4xx_HAL_Driver/Src/stm32l4xx_hal_cortex.o
 .debug_abbrev  0x0000000000000e38      0x1d7 ./Drivers/STM32L4xx_HAL_Driver/Src/stm32l4xx_hal_dma.o
 .debug_abbrev  0x000000000000100f      0x225 ./Drivers/STM32L4xx_HAL_Driver/Src/stm32l4xx_hal_dma2d.o
 .debug_abbrev  0x0000000000001234      0x24f ./Drivers/STM32L4xx_HAL_Driver/Src/stm32l4xx_hal_dsi.o
 .debug_abbrev  0x0000000000001483      0x1bb ./Drivers/STM32L4xx_HAL_Driver/Src/stm32l4xx_hal_gpio.o
 .debug_abbrev  0x000000000000163e      0x221 ./Drivers/STM32L4xx_HAL_Driver/Src/stm32l4xx_hal_ltdc.o
 .debug_abbrev  0x000000000000185f      0x1f3 ./Drivers/STM32L4xx_HAL_Driver/Src/stm32l4xx_hal_pwr_ex.o
 .debug_abbrev  0x0000000000001a52      0x2f9 ./Drivers/STM32L4xx_HAL_Driver/Src/stm32l4xx_hal_rcc.o
 .debug_abbrev  0x0000000000001d4b      0x299 ./Drivers/STM32L4xx_HAL_Driver/Src/stm32l4xx_hal_rcc_ex.o
 .debug_abbrev  0x0000000000001fe4      0x254 ./Drivers/STM32L4xx_HAL_Driver/Src/stm32l4xx_hal_spi.o
 .debug_abbrev  0x0000000000002238      0x2f0 ./Drivers/STM32L4xx_HAL_Driver/Src/stm32l4xx_hal_uart.o
 .debug_abbrev  0x0000000000002528      0x2bd ./Drivers/STM32L4xx_HAL_Driver/Src/stm32l4xx_hal_uart_ex.o

.debug_aranges  0x0000000000000000     0x1138
 .debug_aranges
                0x0000000000000000      0x108 ./Core/Src/main.o
 .debug_aranges
                0x0000000000000108       0x70 ./Core/Src/stm32l4xx_hal_msp.o
 .debug_aranges
                0x0000000000000178       0x80 ./Core/Src/stm32l4xx_it.o
 .debug_aranges
                0x00000000000001f8       0x28 ./Core/Src/system_stm32l4xx.o
 .debug_aranges
                0x0000000000000220       0x28 ./Core/Startup/startup_stm32l4r9ziyxp.o
 .debug_aranges
                0x0000000000000248      0x130 ./Drivers/STM32L4xx_HAL_Driver/Src/stm32l4xx_hal.o
 .debug_aranges
                0x0000000000000378      0x118 ./Drivers/STM32L4xx_HAL_Driver/Src/stm32l4xx_hal_cortex.o
 .debug_aranges
                0x0000000000000490       0x90 ./Drivers/STM32L4xx_HAL_Driver/Src/stm32l4xx_hal_dma.o
 .debug_aranges
                0x0000000000000520      0x118 ./Drivers/STM32L4xx_HAL_Driver/Src/stm32l4xx_hal_dma2d.o
 .debug_aranges
                0x0000000000000638      0x178 ./Drivers/STM32L4xx_HAL_Driver/Src/stm32l4xx_hal_dsi.o
 .debug_aranges
                0x00000000000007b0       0x58 ./Drivers/STM32L4xx_HAL_Driver/Src/stm32l4xx_hal_gpio.o
 .debug_aranges
                0x0000000000000808      0x158 ./Drivers/STM32L4xx_HAL_Driver/Src/stm32l4xx_hal_ltdc.o
 .debug_aranges
                0x0000000000000960      0x170 ./Drivers/STM32L4xx_HAL_Driver/Src/stm32l4xx_hal_pwr_ex.o
 .debug_aranges
                0x0000000000000ad0       0x98 ./Drivers/STM32L4xx_HAL_Driver/Src/stm32l4xx_hal_rcc.o
 .debug_aranges
                0x0000000000000b68      0x110 ./Drivers/STM32L4xx_HAL_Driver/Src/stm32l4xx_hal_rcc_ex.o
 .debug_aranges
                0x0000000000000c78      0x1d8 ./Drivers/STM32L4xx_HAL_Driver/Src/stm32l4xx_hal_spi.o
 .debug_aranges
                0x0000000000000e50      0x248 ./Drivers/STM32L4xx_HAL_Driver/Src/stm32l4xx_hal_uart.o
 .debug_aranges
                0x0000000000001098       0xa0 ./Drivers/STM32L4xx_HAL_Driver/Src/stm32l4xx_hal_uart_ex.o

.debug_ranges   0x0000000000000000     0x1068
 .debug_ranges  0x0000000000000000      0x110 ./Core/Src/main.o
 .debug_ranges  0x0000000000000110       0x60 ./Core/Src/stm32l4xx_hal_msp.o
 .debug_ranges  0x0000000000000170       0x70 ./Core/Src/stm32l4xx_it.o
 .debug_ranges  0x00000000000001e0       0x18 ./Core/Src/system_stm32l4xx.o
 .debug_ranges  0x00000000000001f8       0x20 ./Core/Startup/startup_stm32l4r9ziyxp.o
 .debug_ranges  0x0000000000000218      0x120 ./Drivers/STM32L4xx_HAL_Driver/Src/stm32l4xx_hal.o
 .debug_ranges  0x0000000000000338      0x108 ./Drivers/STM32L4xx_HAL_Driver/Src/stm32l4xx_hal_cortex.o
 .debug_ranges  0x0000000000000440       0x80 ./Drivers/STM32L4xx_HAL_Driver/Src/stm32l4xx_hal_dma.o
 .debug_ranges  0x00000000000004c0      0x108 ./Drivers/STM32L4xx_HAL_Driver/Src/stm32l4xx_hal_dma2d.o
 .debug_ranges  0x00000000000005c8      0x168 ./Drivers/STM32L4xx_HAL_Driver/Src/stm32l4xx_hal_dsi.o
 .debug_ranges  0x0000000000000730       0x48 ./Drivers/STM32L4xx_HAL_Driver/Src/stm32l4xx_hal_gpio.o
 .debug_ranges  0x0000000000000778      0x148 ./Drivers/STM32L4xx_HAL_Driver/Src/stm32l4xx_hal_ltdc.o
 .debug_ranges  0x00000000000008c0      0x160 ./Drivers/STM32L4xx_HAL_Driver/Src/stm32l4xx_hal_pwr_ex.o
 .debug_ranges  0x0000000000000a20       0x88 ./Drivers/STM32L4xx_HAL_Driver/Src/stm32l4xx_hal_rcc.o
 .debug_ranges  0x0000000000000aa8      0x100 ./Drivers/STM32L4xx_HAL_Driver/Src/stm32l4xx_hal_rcc_ex.o
 .debug_ranges  0x0000000000000ba8      0x1c8 ./Drivers/STM32L4xx_HAL_Driver/Src/stm32l4xx_hal_spi.o
 .debug_ranges  0x0000000000000d70      0x268 ./Drivers/STM32L4xx_HAL_Driver/Src/stm32l4xx_hal_uart.o
 .debug_ranges  0x0000000000000fd8       0x90 ./Drivers/STM32L4xx_HAL_Driver/Src/stm32l4xx_hal_uart_ex.o

.debug_macro    0x0000000000000000    0x30b0f
 .debug_macro   0x0000000000000000      0x23b ./Core/Src/main.o
 .debug_macro   0x000000000000023b      0xa78 ./Core/Src/main.o
 .debug_macro   0x0000000000000cb3      0x1bf ./Core/Src/main.o
 .debug_macro   0x0000000000000e72       0x2e ./Core/Src/main.o
 .debug_macro   0x0000000000000ea0       0x28 ./Core/Src/main.o
 .debug_macro   0x0000000000000ec8       0x22 ./Core/Src/main.o
 .debug_macro   0x0000000000000eea       0x8e ./Core/Src/main.o
 .debug_macro   0x0000000000000f78       0x51 ./Core/Src/main.o
 .debug_macro   0x0000000000000fc9      0x103 ./Core/Src/main.o
 .debug_macro   0x00000000000010cc       0x6a ./Core/Src/main.o
 .debug_macro   0x0000000000001136      0x1df ./Core/Src/main.o
 .debug_macro   0x0000000000001315       0x1c ./Core/Src/main.o
 .debug_macro   0x0000000000001331       0x22 ./Core/Src/main.o
 .debug_macro   0x0000000000001353       0xfb ./Core/Src/main.o
 .debug_macro   0x000000000000144e     0x1011 ./Core/Src/main.o
 .debug_macro   0x000000000000245f      0x11f ./Core/Src/main.o
 .debug_macro   0x000000000000257e    0x22e83 ./Core/Src/main.o
 .debug_macro   0x0000000000025401       0x6d ./Core/Src/main.o
 .debug_macro   0x000000000002546e     0x38ed ./Core/Src/main.o
 .debug_macro   0x0000000000028d5b      0x174 ./Core/Src/main.o
 .debug_macro   0x0000000000028ecf       0x5c ./Core/Src/main.o
 .debug_macro   0x0000000000028f2b     0x1956 ./Core/Src/main.o
 .debug_macro   0x000000000002a881      0x83e ./Core/Src/main.o
 .debug_macro   0x000000000002b0bf      0x1b9 ./Core/Src/main.o
 .debug_macro   0x000000000002b278      0x225 ./Core/Src/main.o
 .debug_macro   0x000000000002b49d      0x486 ./Core/Src/main.o
 .debug_macro   0x000000000002b923      0x1ce ./Core/Src/main.o
 .debug_macro   0x000000000002baf1       0x43 ./Core/Src/main.o
 .debug_macro   0x000000000002bb34      0x23d ./Core/Src/main.o
 .debug_macro   0x000000000002bd71      0x26a ./Core/Src/main.o
 .debug_macro   0x000000000002bfdb      0x6fc ./Core/Src/main.o
 .debug_macro   0x000000000002c6d7      0x241 ./Core/Src/main.o
 .debug_macro   0x000000000002c918      0x416 ./Core/Src/main.o
 .debug_macro   0x000000000002cd2e       0x1c ./Core/Src/main.o
 .debug_macro   0x000000000002cd4a       0xf2 ./Core/Src/main.o
 .debug_macro   0x000000000002ce3c      0x22c ./Core/Src/main.o
 .debug_macro   0x000000000002d068       0x61 ./Core/Src/main.o
 .debug_macro   0x000000000002d0c9       0xa5 ./Core/Src/main.o
 .debug_macro   0x000000000002d16e      0x198 ./Core/Src/main.o
 .debug_macro   0x000000000002d306       0xd6 ./Core/Src/main.o
 .debug_macro   0x000000000002d3dc      0x122 ./Core/Src/main.o
 .debug_macro   0x000000000002d4fe      0x3f6 ./Core/Src/main.o
 .debug_macro   0x000000000002d8f4      0x2fe ./Core/Src/main.o
 .debug_macro   0x000000000002dbf2      0x67e ./Core/Src/main.o
 .debug_macro   0x000000000002e270       0xa6 ./Core/Src/main.o
 .debug_macro   0x000000000002e316      0x432 ./Core/Src/main.o
 .debug_macro   0x000000000002e748       0x64 ./Core/Src/main.o
 .debug_macro   0x000000000002e7ac      0x229 ./Core/Src/stm32l4xx_hal_msp.o
 .debug_macro   0x000000000002e9d5      0x233 ./Core/Src/stm32l4xx_it.o
 .debug_macro   0x000000000002ec08      0x21a ./Core/Src/system_stm32l4xx.o
 .debug_macro   0x000000000002ee22      0x268 ./Drivers/STM32L4xx_HAL_Driver/Src/stm32l4xx_hal.o
 .debug_macro   0x000000000002f08a      0x21a ./Drivers/STM32L4xx_HAL_Driver/Src/stm32l4xx_hal_cortex.o
 .debug_macro   0x000000000002f2a4      0x21a ./Drivers/STM32L4xx_HAL_Driver/Src/stm32l4xx_hal_dma.o
 .debug_macro   0x000000000002f4be      0x229 ./Drivers/STM32L4xx_HAL_Driver/Src/stm32l4xx_hal_dma2d.o
 .debug_macro   0x000000000002f6e7      0x268 ./Drivers/STM32L4xx_HAL_Driver/Src/stm32l4xx_hal_dsi.o
 .debug_macro   0x000000000002f94f      0x221 ./Drivers/STM32L4xx_HAL_Driver/Src/stm32l4xx_hal_gpio.o
 .debug_macro   0x000000000002fb70      0x222 ./Drivers/STM32L4xx_HAL_Driver/Src/stm32l4xx_hal_ltdc.o
 .debug_macro   0x000000000002fd92      0x244 ./Drivers/STM32L4xx_HAL_Driver/Src/stm32l4xx_hal_pwr_ex.o
 .debug_macro   0x000000000002ffd6      0x25c ./Drivers/STM32L4xx_HAL_Driver/Src/stm32l4xx_hal_rcc.o
 .debug_macro   0x0000000000030232      0x250 ./Drivers/STM32L4xx_HAL_Driver/Src/stm32l4xx_hal_rcc_ex.o
 .debug_macro   0x0000000000030482      0x222 ./Drivers/STM32L4xx_HAL_Driver/Src/stm32l4xx_hal_spi.o
 .debug_macro   0x00000000000306a4      0x245 ./Drivers/STM32L4xx_HAL_Driver/Src/stm32l4xx_hal_uart.o
 .debug_macro   0x00000000000308e9      0x226 ./Drivers/STM32L4xx_HAL_Driver/Src/stm32l4xx_hal_uart_ex.o

.debug_line     0x0000000000000000    0x16170
 .debug_line    0x0000000000000000     0x1c71 ./Core/Src/main.o
 .debug_line    0x0000000000001c71      0x947 ./Core/Src/stm32l4xx_hal_msp.o
 .debug_line    0x00000000000025b8      0x895 ./Core/Src/stm32l4xx_it.o
 .debug_line    0x0000000000002e4d      0x80a ./Core/Src/system_stm32l4xx.o
 .debug_line    0x0000000000003657       0x89 ./Core/Startup/startup_stm32l4r9ziyxp.o
 .debug_line    0x00000000000036e0      0xb62 ./Drivers/STM32L4xx_HAL_Driver/Src/stm32l4xx_hal.o
 .debug_line    0x0000000000004242      0xd09 ./Drivers/STM32L4xx_HAL_Driver/Src/stm32l4xx_hal_cortex.o
 .debug_line    0x0000000000004f4b      0xebe ./Drivers/STM32L4xx_HAL_Driver/Src/stm32l4xx_hal_dma.o
 .debug_line    0x0000000000005e09     0x1267 ./Drivers/STM32L4xx_HAL_Driver/Src/stm32l4xx_hal_dma2d.o
 .debug_line    0x0000000000007070     0x2bcd ./Drivers/STM32L4xx_HAL_Driver/Src/stm32l4xx_hal_dsi.o
 .debug_line    0x0000000000009c3d      0xbbe ./Drivers/STM32L4xx_HAL_Driver/Src/stm32l4xx_hal_gpio.o
 .debug_line    0x000000000000a7fb     0x178d ./Drivers/STM32L4xx_HAL_Driver/Src/stm32l4xx_hal_ltdc.o
 .debug_line    0x000000000000bf88      0xdcf ./Drivers/STM32L4xx_HAL_Driver/Src/stm32l4xx_hal_pwr_ex.o
 .debug_line    0x000000000000cd57     0x10b6 ./Drivers/STM32L4xx_HAL_Driver/Src/stm32l4xx_hal_rcc.o
 .debug_line    0x000000000000de0d     0x19f4 ./Drivers/STM32L4xx_HAL_Driver/Src/stm32l4xx_hal_rcc_ex.o
 .debug_line    0x000000000000f801     0x1f9c ./Drivers/STM32L4xx_HAL_Driver/Src/stm32l4xx_hal_spi.o
 .debug_line    0x000000000001179d     0x3bd5 ./Drivers/STM32L4xx_HAL_Driver/Src/stm32l4xx_hal_uart.o
 .debug_line    0x0000000000015372      0xdfe ./Drivers/STM32L4xx_HAL_Driver/Src/stm32l4xx_hal_uart_ex.o

.debug_str      0x0000000000000000   0x125a8c
 .debug_str     0x0000000000000000   0x121723 ./Core/Src/main.o
                                     0x121c0a (size before relaxing)
 .debug_str     0x0000000000121723      0x3d5 ./Core/Src/stm32l4xx_hal_msp.o
                                     0x1212c6 (size before relaxing)
 .debug_str     0x0000000000121af8      0x141 ./Core/Src/stm32l4xx_it.o
                                     0x120270 (size before relaxing)
 .debug_str     0x0000000000121c39       0xf2 ./Core/Src/system_stm32l4xx.o
                                     0x11faa9 (size before relaxing)
 .debug_str     0x0000000000121d2b       0x37 ./Core/Startup/startup_stm32l4r9ziyxp.o
                                         0x54 (size before relaxing)
 .debug_str     0x0000000000121d62      0x63c ./Drivers/STM32L4xx_HAL_Driver/Src/stm32l4xx_hal.o
                                     0x1206a5 (size before relaxing)
 .debug_str     0x000000000012239e      0x31d ./Drivers/STM32L4xx_HAL_Driver/Src/stm32l4xx_hal_cortex.o
                                     0x120334 (size before relaxing)
 .debug_str     0x00000000001226bb      0x2ae ./Drivers/STM32L4xx_HAL_Driver/Src/stm32l4xx_hal_dma.o
                                     0x11fe31 (size before relaxing)
 .debug_str     0x0000000000122969      0x357 ./Drivers/STM32L4xx_HAL_Driver/Src/stm32l4xx_hal_dma2d.o
                                     0x12009b (size before relaxing)
 .debug_str     0x0000000000122cc0      0x869 ./Drivers/STM32L4xx_HAL_Driver/Src/stm32l4xx_hal_dsi.o
                                     0x120a29 (size before relaxing)
 .debug_str     0x0000000000123529       0xea ./Drivers/STM32L4xx_HAL_Driver/Src/stm32l4xx_hal_gpio.o
                                     0x11fc23 (size before relaxing)
 .debug_str     0x0000000000123613      0x46f ./Drivers/STM32L4xx_HAL_Driver/Src/stm32l4xx_hal_ltdc.o
                                     0x12009d (size before relaxing)
 .debug_str     0x0000000000123a82      0x57a ./Drivers/STM32L4xx_HAL_Driver/Src/stm32l4xx_hal_pwr_ex.o
                                     0x12007c (size before relaxing)
 .debug_str     0x0000000000123ffc      0x3d2 ./Drivers/STM32L4xx_HAL_Driver/Src/stm32l4xx_hal_rcc.o
                                     0x12011c (size before relaxing)
 .debug_str     0x00000000001243ce      0x5bb ./Drivers/STM32L4xx_HAL_Driver/Src/stm32l4xx_hal_rcc_ex.o
                                     0x120502 (size before relaxing)
 .debug_str     0x0000000000124989      0x524 ./Drivers/STM32L4xx_HAL_Driver/Src/stm32l4xx_hal_spi.o
                                     0x1203a6 (size before relaxing)
 .debug_str     0x0000000000124ead      0x98e ./Drivers/STM32L4xx_HAL_Driver/Src/stm32l4xx_hal_uart.o
                                     0x120a25 (size before relaxing)
 .debug_str     0x000000000012583b      0x251 ./Drivers/STM32L4xx_HAL_Driver/Src/stm32l4xx_hal_uart_ex.o
                                     0x12021b (size before relaxing)

.comment        0x0000000000000000       0x50
 .comment       0x0000000000000000       0x50 ./Core/Src/main.o
                                         0x51 (size before relaxing)
 .comment       0x0000000000000050       0x51 ./Core/Src/stm32l4xx_hal_msp.o
 .comment       0x0000000000000050       0x51 ./Core/Src/stm32l4xx_it.o
 .comment       0x0000000000000050       0x51 ./Core/Src/system_stm32l4xx.o
 .comment       0x0000000000000050       0x51 ./Drivers/STM32L4xx_HAL_Driver/Src/stm32l4xx_hal.o
 .comment       0x0000000000000050       0x51 ./Drivers/STM32L4xx_HAL_Driver/Src/stm32l4xx_hal_cortex.o
 .comment       0x0000000000000050       0x51 ./Drivers/STM32L4xx_HAL_Driver/Src/stm32l4xx_hal_dma.o
 .comment       0x0000000000000050       0x51 ./Drivers/STM32L4xx_HAL_Driver/Src/stm32l4xx_hal_dma2d.o
 .comment       0x0000000000000050       0x51 ./Drivers/STM32L4xx_HAL_Driver/Src/stm32l4xx_hal_dsi.o
 .comment       0x0000000000000050       0x51 ./Drivers/STM32L4xx_HAL_Driver/Src/stm32l4xx_hal_gpio.o
 .comment       0x0000000000000050       0x51 ./Drivers/STM32L4xx_HAL_Driver/Src/stm32l4xx_hal_ltdc.o
 .comment       0x0000000000000050       0x51 ./Drivers/STM32L4xx_HAL_Driver/Src/stm32l4xx_hal_pwr_ex.o
 .comment       0x0000000000000050       0x51 ./Drivers/STM32L4xx_HAL_Driver/Src/stm32l4xx_hal_rcc.o
 .comment       0x0000000000000050       0x51 ./Drivers/STM32L4xx_HAL_Driver/Src/stm32l4xx_hal_rcc_ex.o
 .comment       0x0000000000000050       0x51 ./Drivers/STM32L4xx_HAL_Driver/Src/stm32l4xx_hal_spi.o
 .comment       0x0000000000000050       0x51 ./Drivers/STM32L4xx_HAL_Driver/Src/stm32l4xx_hal_uart.o
 .comment       0x0000000000000050       0x51 ./Drivers/STM32L4xx_HAL_Driver/Src/stm32l4xx_hal_uart_ex.o

.debug_frame    0x0000000000000000     0x490c
 .debug_frame   0x0000000000000000      0x438 ./Core/Src/main.o
 .debug_frame   0x0000000000000438      0x1b4 ./Core/Src/stm32l4xx_hal_msp.o
 .debug_frame   0x00000000000005ec      0x174 ./Core/Src/stm32l4xx_it.o
 .debug_frame   0x0000000000000760       0x58 ./Core/Src/system_stm32l4xx.o
 .debug_frame   0x00000000000007b8      0x498 ./Drivers/STM32L4xx_HAL_Driver/Src/stm32l4xx_hal.o
 .debug_frame   0x0000000000000c50      0x498 ./Drivers/STM32L4xx_HAL_Driver/Src/stm32l4xx_hal_cortex.o
 .debug_frame   0x00000000000010e8      0x24c ./Drivers/STM32L4xx_HAL_Driver/Src/stm32l4xx_hal_dma.o
 .debug_frame   0x0000000000001334      0x4e8 ./Drivers/STM32L4xx_HAL_Driver/Src/stm32l4xx_hal_dma2d.o
 .debug_frame   0x000000000000181c      0x6dc ./Drivers/STM32L4xx_HAL_Driver/Src/stm32l4xx_hal_dsi.o
 .debug_frame   0x0000000000001ef8      0x14c ./Drivers/STM32L4xx_HAL_Driver/Src/stm32l4xx_hal_gpio.o
 .debug_frame   0x0000000000002044      0x61c ./Drivers/STM32L4xx_HAL_Driver/Src/stm32l4xx_hal_ltdc.o
 .debug_frame   0x0000000000002660      0x5c4 ./Drivers/STM32L4xx_HAL_Driver/Src/stm32l4xx_hal_pwr_ex.o
 .debug_frame   0x0000000000002c24      0x248 ./Drivers/STM32L4xx_HAL_Driver/Src/stm32l4xx_hal_rcc.o
 .debug_frame   0x0000000000002e6c      0x464 ./Drivers/STM32L4xx_HAL_Driver/Src/stm32l4xx_hal_rcc_ex.o
 .debug_frame   0x00000000000032d0      0x860 ./Drivers/STM32L4xx_HAL_Driver/Src/stm32l4xx_hal_spi.o
 .debug_frame   0x0000000000003b30      0xa94 ./Drivers/STM32L4xx_HAL_Driver/Src/stm32l4xx_hal_uart.o
 .debug_frame   0x00000000000045c4      0x29c ./Drivers/STM32L4xx_HAL_Driver/Src/stm32l4xx_hal_uart_ex.o
 .debug_frame   0x0000000000004860       0x2c c:/st/stm32cubeide_1.11.0/stm32cubeide/plugins/com.st.stm32cube.ide.mcu.externaltools.gnu-tools-for-stm32.10.3-2021.10.win32_1.0.100.202210260954/tools/bin/../lib/gcc/arm-none-eabi/10.3.1/../../../../arm-none-eabi/lib/thumb/v7e-m+fp/hard\libc_nano.a(lib_a-init.o)
 .debug_frame   0x000000000000488c       0x20 c:/st/stm32cubeide_1.11.0/stm32cubeide/plugins/com.st.stm32cube.ide.mcu.externaltools.gnu-tools-for-stm32.10.3-2021.10.win32_1.0.100.202210260954/tools/bin/../lib/gcc/arm-none-eabi/10.3.1/../../../../arm-none-eabi/lib/thumb/v7e-m+fp/hard\libc_nano.a(lib_a-memset.o)
 .debug_frame   0x00000000000048ac       0x2c c:/st/stm32cubeide_1.11.0/stm32cubeide/plugins/com.st.stm32cube.ide.mcu.externaltools.gnu-tools-for-stm32.10.3-2021.10.win32_1.0.100.202210260954/tools/bin/../lib/gcc/arm-none-eabi/10.3.1/thumb/v7e-m+fp/hard\libgcc.a(_aeabi_uldivmod.o)
 .debug_frame   0x00000000000048d8       0x34 c:/st/stm32cubeide_1.11.0/stm32cubeide/plugins/com.st.stm32cube.ide.mcu.externaltools.gnu-tools-for-stm32.10.3-2021.10.win32_1.0.100.202210260954/tools/bin/../lib/gcc/arm-none-eabi/10.3.1/thumb/v7e-m+fp/hard\libgcc.a(_udivmoddi4.o)
