Archive member included to satisfy reference by file (symbol)

c:/st/stm32cubeide_1.11.0/stm32cubeide/plugins/com.st.stm32cube.ide.mcu.externaltools.gnu-tools-for-stm32.10.3-2021.10.win32_1.0.100.202210260954/tools/bin/../lib/gcc/arm-none-eabi/10.3.1/../../../../arm-none-eabi/lib/thumb/v7e-m+fp/hard\libc_nano.a(lib_a-errno.o)
                              ./Core/Src/syscalls.o (__errno)
c:/st/stm32cubeide_1.11.0/stm32cubeide/plugins/com.st.stm32cube.ide.mcu.externaltools.gnu-tools-for-stm32.10.3-2021.10.win32_1.0.100.202210260954/tools/bin/../lib/gcc/arm-none-eabi/10.3.1/../../../../arm-none-eabi/lib/thumb/v7e-m+fp/hard\libc_nano.a(lib_a-exit.o)
                              c:/st/stm32cubeide_1.11.0/stm32cubeide/plugins/com.st.stm32cube.ide.mcu.externaltools.gnu-tools-for-stm32.10.3-2021.10.win32_1.0.100.202210260954/tools/bin/../lib/gcc/arm-none-eabi/10.3.1/../../../../arm-none-eabi/lib/thumb/v7e-m+fp/hard/crt0.o (exit)
c:/st/stm32cubeide_1.11.0/stm32cubeide/plugins/com.st.stm32cube.ide.mcu.externaltools.gnu-tools-for-stm32.10.3-2021.10.win32_1.0.100.202210260954/tools/bin/../lib/gcc/arm-none-eabi/10.3.1/../../../../arm-none-eabi/lib/thumb/v7e-m+fp/hard\libc_nano.a(lib_a-impure.o)
                              c:/st/stm32cubeide_1.11.0/stm32cubeide/plugins/com.st.stm32cube.ide.mcu.externaltools.gnu-tools-for-stm32.10.3-2021.10.win32_1.0.100.202210260954/tools/bin/../lib/gcc/arm-none-eabi/10.3.1/../../../../arm-none-eabi/lib/thumb/v7e-m+fp/hard\libc_nano.a(lib_a-exit.o) (_global_impure_ptr)
c:/st/stm32cubeide_1.11.0/stm32cubeide/plugins/com.st.stm32cube.ide.mcu.externaltools.gnu-tools-for-stm32.10.3-2021.10.win32_1.0.100.202210260954/tools/bin/../lib/gcc/arm-none-eabi/10.3.1/../../../../arm-none-eabi/lib/thumb/v7e-m+fp/hard\libc_nano.a(lib_a-init.o)
                              c:/st/stm32cubeide_1.11.0/stm32cubeide/plugins/com.st.stm32cube.ide.mcu.externaltools.gnu-tools-for-stm32.10.3-2021.10.win32_1.0.100.202210260954/tools/bin/../lib/gcc/arm-none-eabi/10.3.1/../../../../arm-none-eabi/lib/thumb/v7e-m+fp/hard/crt0.o (__libc_init_array)
c:/st/stm32cubeide_1.11.0/stm32cubeide/plugins/com.st.stm32cube.ide.mcu.externaltools.gnu-tools-for-stm32.10.3-2021.10.win32_1.0.100.202210260954/tools/bin/../lib/gcc/arm-none-eabi/10.3.1/../../../../arm-none-eabi/lib/thumb/v7e-m+fp/hard\libc_nano.a(lib_a-memset.o)
                              c:/st/stm32cubeide_1.11.0/stm32cubeide/plugins/com.st.stm32cube.ide.mcu.externaltools.gnu-tools-for-stm32.10.3-2021.10.win32_1.0.100.202210260954/tools/bin/../lib/gcc/arm-none-eabi/10.3.1/../../../../arm-none-eabi/lib/thumb/v7e-m+fp/hard/crt0.o (memset)
c:/st/stm32cubeide_1.11.0/stm32cubeide/plugins/com.st.stm32cube.ide.mcu.externaltools.gnu-tools-for-stm32.10.3-2021.10.win32_1.0.100.202210260954/tools/bin/../lib/gcc/arm-none-eabi/10.3.1/thumb/v7e-m+fp/hard\libgcc.a(_aeabi_uldivmod.o)
                              ./Drivers/STM32L4xx_HAL_Driver/Src/stm32l4xx_hal_uart.o (__aeabi_uldivmod)
c:/st/stm32cubeide_1.11.0/stm32cubeide/plugins/com.st.stm32cube.ide.mcu.externaltools.gnu-tools-for-stm32.10.3-2021.10.win32_1.0.100.202210260954/tools/bin/../lib/gcc/arm-none-eabi/10.3.1/thumb/v7e-m+fp/hard\libgcc.a(_udivmoddi4.o)
                              c:/st/stm32cubeide_1.11.0/stm32cubeide/plugins/com.st.stm32cube.ide.mcu.externaltools.gnu-tools-for-stm32.10.3-2021.10.win32_1.0.100.202210260954/tools/bin/../lib/gcc/arm-none-eabi/10.3.1/thumb/v7e-m+fp/hard\libgcc.a(_aeabi_uldivmod.o) (__udivmoddi4)
c:/st/stm32cubeide_1.11.0/stm32cubeide/plugins/com.st.stm32cube.ide.mcu.externaltools.gnu-tools-for-stm32.10.3-2021.10.win32_1.0.100.202210260954/tools/bin/../lib/gcc/arm-none-eabi/10.3.1/thumb/v7e-m+fp/hard\libgcc.a(_dvmd_tls.o)
                              c:/st/stm32cubeide_1.11.0/stm32cubeide/plugins/com.st.stm32cube.ide.mcu.externaltools.gnu-tools-for-stm32.10.3-2021.10.win32_1.0.100.202210260954/tools/bin/../lib/gcc/arm-none-eabi/10.3.1/thumb/v7e-m+fp/hard\libgcc.a(_aeabi_uldivmod.o) (__aeabi_ldiv0)

Discarded input sections

 .text          0x0000000000000000        0x0 c:/st/stm32cubeide_1.11.0/stm32cubeide/plugins/com.st.stm32cube.ide.mcu.externaltools.gnu-tools-for-stm32.10.3-2021.10.win32_1.0.100.202210260954/tools/bin/../lib/gcc/arm-none-eabi/10.3.1/thumb/v7e-m+fp/hard/crti.o
 .data          0x0000000000000000        0x0 c:/st/stm32cubeide_1.11.0/stm32cubeide/plugins/com.st.stm32cube.ide.mcu.externaltools.gnu-tools-for-stm32.10.3-2021.10.win32_1.0.100.202210260954/tools/bin/../lib/gcc/arm-none-eabi/10.3.1/thumb/v7e-m+fp/hard/crti.o
 .bss           0x0000000000000000        0x0 c:/st/stm32cubeide_1.11.0/stm32cubeide/plugins/com.st.stm32cube.ide.mcu.externaltools.gnu-tools-for-stm32.10.3-2021.10.win32_1.0.100.202210260954/tools/bin/../lib/gcc/arm-none-eabi/10.3.1/thumb/v7e-m+fp/hard/crti.o
[...]
Memory Configuration

Name             Origin             Length             Attributes
RAM              0x0000000020000000 0x00000000000a0000 xrw
RAM2             0x0000000010000000 0x0000000000010000 xrw
RAM3             0x0000000020040000 0x0000000000060000 xrw
FLASH            0x0000000008000000 0x0000000000200000 xr
*default*        0x0000000000000000 0xffffffffffffffff

Linker script and memory map

LOAD c:/st/stm32cubeide_1.11.0/stm32cubeide/plugins/com.st.stm32cube.ide.mcu.externaltools.gnu-tools-for-stm32.10.3-2021.10.win32_1.0.100.202210260954/tools/bin/../lib/gcc/arm-none-eabi/10.3.1/thumb/v7e-m+fp/hard/crti.o
LOAD c:/st/stm32cubeide_1.11.0/stm32cubeide/plugins/com.st.stm32cube.ide.mcu.externaltools.gnu-tools-for-stm32.10.3-2021.10.win32_1.0.100.202210260954/tools/bin/../lib/gcc/arm-none-eabi/10.3.1/thumb/v7e-m+fp/hard/crtbegin.o
LOAD c:/st/stm32cubeide_1.11.0/stm32cubeide/plugins/com.st.stm32cube.ide.mcu.externaltools.gnu-tools-for-stm32.10.3-2021.10.win32_1.0.100.202210260954/tools/bin/../lib/gcc/arm-none-eabi/10.3.1/../../../../arm-none-eabi/lib/thumb/v7e-m+fp/hard/crt0.o
LOAD ./Core/Src/main.o
LOAD ./Core/Src/stm32l4xx_hal_msp.o
LOAD ./Core/Src/stm32l4xx_it.o
LOAD ./Core/Src/syscalls.o
LOAD ./Core/Src/sysmem.o
LOAD ./Core/Src/system_stm32l4xx.o
LOAD ./Core/Startup/startup_stm32l4r9ziyxp.o
LOAD ./Drivers/STM32L4xx_HAL_Driver/Src/stm32l4xx_hal.o
LOAD ./Drivers/STM32L4xx_HAL_Driver/Src/stm32l4xx_hal_cortex.o
LOAD ./Drivers/STM32L4xx_HAL_Driver/Src/stm32l4xx_hal_dma.o
LOAD ./Drivers/STM32L4xx_HAL_Driver/Src/stm32l4xx_hal_dma_ex.o
LOAD ./Drivers/STM32L4xx_HAL_Driver/Src/stm32l4xx_hal_dsi.o
LOAD ./Drivers/STM32L4xx_HAL_Driver/Src/stm32l4xx_hal_exti.o
LOAD ./Drivers/STM32L4xx_HAL_Driver/Src/stm32l4xx_hal_flash.o
LOAD ./Drivers/STM32L4xx_HAL_Driver/Src/stm32l4xx_hal_flash_ex.o
LOAD ./Drivers/STM32L4xx_HAL_Driver/Src/stm32l4xx_hal_flash_ramfunc.o
LOAD ./Drivers/STM32L4xx_HAL_Driver/Src/stm32l4xx_hal_gpio.o
LOAD ./Drivers/STM32L4xx_HAL_Driver/Src/stm32l4xx_hal_i2c.o
LOAD ./Drivers/STM32L4xx_HAL_Driver/Src/stm32l4xx_hal_i2c_ex.o
LOAD ./Drivers/STM32L4xx_HAL_Driver/Src/stm32l4xx_hal_ltdc.o
LOAD ./Drivers/STM32L4xx_HAL_Driver/Src/stm32l4xx_hal_ltdc_ex.o
LOAD ./Drivers/STM32L4xx_HAL_Driver/Src/stm32l4xx_hal_pwr.o
LOAD ./Drivers/STM32L4xx_HAL_Driver/Src/stm32l4xx_hal_pwr_ex.o
LOAD ./Drivers/STM32L4xx_HAL_Driver/Src/stm32l4xx_hal_rcc.o
LOAD ./Drivers/STM32L4xx_HAL_Driver/Src/stm32l4xx_hal_rcc_ex.o
LOAD ./Drivers/STM32L4xx_HAL_Driver/Src/stm32l4xx_hal_spi.o
LOAD ./Drivers/STM32L4xx_HAL_Driver/Src/stm32l4xx_hal_spi_ex.o
LOAD ./Drivers/STM32L4xx_HAL_Driver/Src/stm32l4xx_hal_uart.o
LOAD ./Drivers/STM32L4xx_HAL_Driver/Src/stm32l4xx_hal_uart_ex.o
START GROUP
LOAD c:/st/stm32cubeide_1.11.0/stm32cubeide/plugins/com.st.stm32cube.ide.mcu.externaltools.gnu-tools-for-stm32.10.3-2021.10.win32_1.0.100.202210260954/tools/bin/../lib/gcc/arm-none-eabi/10.3.1/../../../../arm-none-eabi/lib/thumb/v7e-m+fp/hard\libc_nano.a
LOAD c:/st/stm32cubeide_1.11.0/stm32cubeide/plugins/com.st.stm32cube.ide.mcu.externaltools.gnu-tools-for-stm32.10.3-2021.10.win32_1.0.100.202210260954/tools/bin/../lib/gcc/arm-none-eabi/10.3.1/../../../../arm-none-eabi/lib/thumb/v7e-m+fp/hard\libm.a
END GROUP
START GROUP
LOAD c:/st/stm32cubeide_1.11.0/stm32cubeide/plugins/com.st.stm32cube.ide.mcu.externaltools.gnu-tools-for-stm32.10.3-2021.10.win32_1.0.100.202210260954/tools/bin/../lib/gcc/arm-none-eabi/10.3.1/thumb/v7e-m+fp/hard\libgcc.a
LOAD c:/st/stm32cubeide_1.11.0/stm32cubeide/plugins/com.st.stm32cube.ide.mcu.externaltools.gnu-tools-for-stm32.10.3-2021.10.win32_1.0.100.202210260954/tools/bin/../lib/gcc/arm-none-eabi/10.3.1/../../../../arm-none-eabi/lib/thumb/v7e-m+fp/hard\libc_nano.a
END GROUP
START GROUP
LOAD c:/st/stm32cubeide_1.11.0/stm32cubeide/plugins/com.st.stm32cube.ide.mcu.externaltools.gnu-tools-for-stm32.10.3-2021.10.win32_1.0.100.202210260954/tools/bin/../lib/gcc/arm-none-eabi/10.3.1/thumb/v7e-m+fp/hard\libgcc.a
LOAD c:/st/stm32cubeide_1.11.0/stm32cubeide/plugins/com.st.stm32cube.ide.mcu.externaltools.gnu-tools-for-stm32.10.3-2021.10.win32_1.0.100.202210260954/tools/bin/../lib/gcc/arm-none-eabi/10.3.1/../../../../arm-none-eabi/lib/thumb/v7e-m+fp/hard\libc_nano.a
LOAD c:/st/stm32cubeide_1.11.0/stm32cubeide/plugins/com.st.stm32cube.ide.mcu.externaltools.gnu-tools-for-stm32.10.3-2021.10.win32_1.0.100.202210260954/tools/bin/../lib/gcc/arm-none-eabi/10.3.1/../../../../arm-none-eabi/lib/thumb/v7e-m+fp/hard\libnosys.a
END GROUP
START GROUP
LOAD c:/st/stm32cubeide_1.11.0/stm32cubeide/plugins/com.st.stm32cube.ide.mcu.externaltools.gnu-tools-for-stm32.10.3-2021.10.win32_1.0.100.202210260954/tools/bin/../lib/gcc/arm-none-eabi/10.3.1/thumb/v7e-m+fp/hard\libgcc.a
LOAD c:/st/stm32cubeide_1.11.0/stm32cubeide/plugins/com.st.stm32cube.ide.mcu.externaltools.gnu-tools-for-stm32.10.3-2021.10.win32_1.0.100.202210260954/tools/bin/../lib/gcc/arm-none-eabi/10.3.1/../../../../arm-none-eabi/lib/thumb/v7e-m+fp/hard\libc_nano.a
LOAD c:/st/stm32cubeide_1.11.0/stm32cubeide/plugins/com.st.stm32cube.ide.mcu.externaltools.gnu-tools-for-stm32.10.3-2021.10.win32_1.0.100.202210260954/tools/bin/../lib/gcc/arm-none-eabi/10.3.1/../../../../arm-none-eabi/lib/thumb/v7e-m+fp/hard\libnosys.a
END GROUP
LOAD c:/st/stm32cubeide_1.11.0/stm32cubeide/plugins/com.st.stm32cube.ide.mcu.externaltools.gnu-tools-for-stm32.10.3-2021.10.win32_1.0.100.202210260954/tools/bin/../lib/gcc/arm-none-eabi/10.3.1/thumb/v7e-m+fp/hard/crtend.o
LOAD c:/st/stm32cubeide_1.11.0/stm32cubeide/plugins/com.st.stm32cube.ide.mcu.externaltools.gnu-tools-for-stm32.10.3-2021.10.win32_1.0.100.202210260954/tools/bin/../lib/gcc/arm-none-eabi/10.3.1/thumb/v7e-m+fp/hard/crtn.o
                0x00000000200a0000                _estack = (ORIGIN (RAM) + LENGTH (RAM))
                0x0000000000000200                _Min_Heap_Size = 0x200
                0x0000000000000400                _Min_Stack_Size = 0x400

.isr_vector     0x0000000008000000      0x1bc
                0x0000000008000000                . = ALIGN (0x4)
 *(.isr_vector)
 .isr_vector    0x0000000008000000      0x1bc ./Core/Startup/startup_stm32l4r9ziyxp.o
                0x0000000008000000                g_pfnVectors
                0x00000000080001bc                . = ALIGN (0x4)

.text           0x00000000080001bc     0x8a30
                0x00000000080001bc                . = ALIGN (0x4)
 *(.text)
 .text          0x00000000080001bc       0x40 c:/st/stm32cubeide_1.11.0/stm32cubeide/plugins/com.st.stm32cube.ide.mcu.externaltools.gnu-tools-for-stm32.10.3-2021.10.win32_1.0.100.202210260954/tools/bin/../lib/gcc/arm-none-eabi/10.3.1/thumb/v7e-m+fp/hard/crtbegin.o
 .text          0x00000000080001fc       0x30 c:/st/stm32cubeide_1.11.0/stm32cubeide/plugins/com.st.stm32cube.ide.mcu.externaltools.gnu-tools-for-stm32.10.3-2021.10.win32_1.0.100.202210260954/tools/bin/../lib/gcc/arm-none-eabi/10.3.1/thumb/v7e-m+fp/hard\libgcc.a(_aeabi_uldivmod.o)
                0x00000000080001fc                __aeabi_uldivmod
 .text          0x000000000800022c      0x2d0 c:/st/stm32cubeide_1.11.0/stm32cubeide/plugins/com.st.stm32cube.ide.mcu.externaltools.gnu-tools-for-stm32.10.3-2021.10.win32_1.0.100.202210260954/tools/bin/../lib/gcc/arm-none-eabi/10.3.1/thumb/v7e-m+fp/hard\libgcc.a(_udivmoddi4.o)
                0x000000000800022c                __udivmoddi4
 .text          0x00000000080004fc        0x4 c:/st/stm32cubeide_1.11.0/stm32cubeide/plugins/com.st.stm32cube.ide.mcu.externaltools.gnu-tools-for-stm32.10.3-2021.10.win32_1.0.100.202210260954/tools/bin/../lib/gcc/arm-none-eabi/10.3.1/thumb/v7e-m+fp/hard\libgcc.a(_dvmd_tls.o)
                0x00000000080004fc                __aeabi_idiv0
                0x00000000080004fc                __aeabi_ldiv0
 *(.text*)
 .text.main     0x0000000008000500      0x478 ./Core/Src/main.o
                0x0000000008000500                main
 .text.SystemClock_Config
                0x0000000008000978       0x9c ./Core/Src/main.o
                0x0000000008000978                SystemClock_Config
 .text.MX_DSIHOST_DSI_Init
                0x0000000008000a14      0x1d8 ./Core/Src/main.o
 .text.MX_LTDC_Init
                0x0000000008000bec      0x100 ./Core/Src/main.o
 .text.MX_SPI2_Init
                0x0000000008000cec       0x7c ./Core/Src/main.o
 .text.MX_SPI3_Init
                0x0000000008000d68       0x70 ./Core/Src/main.o
 .text.MX_UART4_Init
                0x0000000008000dd8       0x98 ./Core/Src/main.o
 .text.MX_GPIO_Init
                0x0000000008000e70      0x1ac ./Core/Src/main.o
 .text.mipi_config
                0x000000000800101c      0x418 ./Core/Src/main.o
 .text.LCD_PowerOn
                0x0000000008001434       0x2c ./Core/Src/main.o
 .text.Write_Registers_data
                0x0000000008001460      0x258 ./Core/Src/main.o
                0x0000000008001460                Write_Registers_data
 .text.HAL_SPI_RxCpltCallback
                0x00000000080016b8      0x5b8 ./Core/Src/main.o
                0x00000000080016b8                HAL_SPI_RxCpltCallback
 .text.display_panel
                0x0000000008001c70       0xf8 ./Core/Src/main.o
                0x0000000008001c70                display_panel
 .text.read_flash_SR
                0x0000000008001d68       0x54 ./Core/Src/main.o
                0x0000000008001d68                read_flash_SR
 .text.flash_wait_nobusy
                0x0000000008001dbc       0x1a ./Core/Src/main.o
                0x0000000008001dbc                flash_wait_nobusy
 *fill*         0x0000000008001dd6        0x2 
 .text.mode_init
                0x0000000008001dd8      0x32c ./Core/Src/main.o
                0x0000000008001dd8                mode_init
 .text.write_flash_config
                0x0000000008002104      0x19c ./Core/Src/main.o
                0x0000000008002104                write_flash_config
 .text.read_flash_config
                0x00000000080022a0      0x11c ./Core/Src/main.o
                0x00000000080022a0                read_flash_config
 .text.write_flash_page
                0x00000000080023bc      0x1a0 ./Core/Src/main.o
                0x00000000080023bc                write_flash_page
 .text.read_flash_page
                0x000000000800255c      0x12c ./Core/Src/main.o
                0x000000000800255c                read_flash_page
 .text.erase_flash_sector
                0x0000000008002688      0x1ac ./Core/Src/main.o
                0x0000000008002688                erase_flash_sector
 .text.reset_flash_software
                0x0000000008002834       0x80 ./Core/Src/main.o
                0x0000000008002834                reset_flash_software
 .text.my_MX_DSIHOST_DSI_Init
                0x00000000080028b4      0x21c ./Core/Src/main.o
 .text.my_MX_LTDC_Init
                0x0000000008002ad0      0x1a8 ./Core/Src/main.o
 .text.delay_us
                0x0000000008002c78       0x36 ./Core/Src/main.o
                0x0000000008002c78                delay_us
 .text.delay_100ns
                0x0000000008002cae       0x36 ./Core/Src/main.o
                0x0000000008002cae                delay_100ns
 .text.HAL_GPIO_EXTI_Callback
                0x0000000008002ce4       0xe0 ./Core/Src/main.o
                0x0000000008002ce4                HAL_GPIO_EXTI_Callback
 .text.Error_Handler
                0x0000000008002dc4        0xa ./Core/Src/main.o
                0x0000000008002dc4                Error_Handler
 *fill*         0x0000000008002dce        0x2 
 .text.HAL_MspInit
                0x0000000008002dd0       0x48 ./Core/Src/stm32l4xx_hal_msp.o
                0x0000000008002dd0                HAL_MspInit
 .text.HAL_DSI_MspInit
                0x0000000008002e18       0x68 ./Core/Src/stm32l4xx_hal_msp.o
                0x0000000008002e18                HAL_DSI_MspInit
 .text.HAL_LTDC_MspInit
                0x0000000008002e80       0x88 ./Core/Src/stm32l4xx_hal_msp.o
                0x0000000008002e80                HAL_LTDC_MspInit
 .text.HAL_SPI_MspInit
                0x0000000008002f08      0x140 ./Core/Src/stm32l4xx_hal_msp.o
                0x0000000008002f08                HAL_SPI_MspInit
 .text.HAL_UART_MspInit
                0x0000000008003048       0xb8 ./Core/Src/stm32l4xx_hal_msp.o
                0x0000000008003048                HAL_UART_MspInit
 .text.NMI_Handler
                0x0000000008003100        0x6 ./Core/Src/stm32l4xx_it.o
                0x0000000008003100                NMI_Handler
 .text.HardFault_Handler
                0x0000000008003106        0x6 ./Core/Src/stm32l4xx_it.o
                0x0000000008003106                HardFault_Handler
 .text.MemManage_Handler
                0x000000000800310c        0x6 ./Core/Src/stm32l4xx_it.o
                0x000000000800310c                MemManage_Handler
 .text.BusFault_Handler
                0x0000000008003112        0x6 ./Core/Src/stm32l4xx_it.o
                0x0000000008003112                BusFault_Handler
 .text.UsageFault_Handler
                0x0000000008003118        0x6 ./Core/Src/stm32l4xx_it.o
                0x0000000008003118                UsageFault_Handler
 .text.SVC_Handler
                0x000000000800311e        0xe ./Core/Src/stm32l4xx_it.o
                0x000000000800311e                SVC_Handler
 .text.DebugMon_Handler
                0x000000000800312c        0xe ./Core/Src/stm32l4xx_it.o
                0x000000000800312c                DebugMon_Handler
 .text.PendSV_Handler
                0x000000000800313a        0xe ./Core/Src/stm32l4xx_it.o
                0x000000000800313a                PendSV_Handler
 .text.SysTick_Handler
                0x0000000008003148        0xc ./Core/Src/stm32l4xx_it.o
                0x0000000008003148                SysTick_Handler
 .text.EXTI15_10_IRQHandler
                0x0000000008003154       0x10 ./Core/Src/stm32l4xx_it.o
                0x0000000008003154                EXTI15_10_IRQHandler
 .text.SPI3_IRQHandler
                0x0000000008003164       0x14 ./Core/Src/stm32l4xx_it.o
                0x0000000008003164                SPI3_IRQHandler
 .text.SystemInit
                0x0000000008003178       0x24 ./Core/Src/system_stm32l4xx.o
                0x0000000008003178                SystemInit
 .text.Reset_Handler
                0x000000000800319c       0x50 ./Core/Startup/startup_stm32l4r9ziyxp.o
                0x000000000800319c                Reset_Handler
 .text.Default_Handler
                0x00000000080031ec        0x2 ./Core/Startup/startup_stm32l4r9ziyxp.o
                0x00000000080031ec                RTC_Alarm_IRQHandler
                0x00000000080031ec                EXTI2_IRQHandler
                0x00000000080031ec                TIM8_TRG_COM_IRQHandler
                0x00000000080031ec                TIM8_CC_IRQHandler
                0x00000000080031ec                TIM1_CC_IRQHandler
                0x00000000080031ec                TSC_IRQHandler
                0x00000000080031ec                TAMP_STAMP_IRQHandler
                0x00000000080031ec                EXTI3_IRQHandler
                0x00000000080031ec                LPTIM2_IRQHandler
                0x00000000080031ec                DFSDM1_FLT1_IRQHandler
                0x00000000080031ec                GFXMMU_IRQHandler
                0x00000000080031ec                I2C3_ER_IRQHandler
                0x00000000080031ec                DFSDM1_FLT2_IRQHandler
                0x00000000080031ec                EXTI0_IRQHandler
                0x00000000080031ec                I2C2_EV_IRQHandler
                0x00000000080031ec                CAN1_RX0_IRQHandler
                0x00000000080031ec                FPU_IRQHandler
                0x00000000080031ec                TIM1_UP_TIM16_IRQHandler
                0x00000000080031ec                LTDC_ER_IRQHandler
                0x00000000080031ec                SPI1_IRQHandler
                0x00000000080031ec                OCTOSPI1_IRQHandler
                0x00000000080031ec                TIM6_DAC_IRQHandler
                0x00000000080031ec                DCMI_IRQHandler
                0x00000000080031ec                TIM8_UP_IRQHandler
                0x00000000080031ec                OCTOSPI2_IRQHandler
                0x00000000080031ec                DMA2_Channel2_IRQHandler
                0x00000000080031ec                DMA1_Channel4_IRQHandler
                0x00000000080031ec                SAI2_IRQHandler
                0x00000000080031ec                ADC1_IRQHandler
                0x00000000080031ec                DFSDM1_FLT3_IRQHandler
                0x00000000080031ec                USART3_IRQHandler
                0x00000000080031ec                DMA1_Channel7_IRQHandler
                0x00000000080031ec                CAN1_RX1_IRQHandler
                0x00000000080031ec                UART5_IRQHandler
                0x00000000080031ec                TIM4_IRQHandler
                0x00000000080031ec                DMA2_Channel1_IRQHandler
                0x00000000080031ec                I2C1_EV_IRQHandler
                0x00000000080031ec                DMAMUX1_OVR_IRQHandler
                0x00000000080031ec                DMA1_Channel6_IRQHandler
                0x00000000080031ec                UART4_IRQHandler
                0x00000000080031ec                DMA2_Channel4_IRQHandler
                0x00000000080031ec                TIM3_IRQHandler
                0x00000000080031ec                RCC_IRQHandler
                0x00000000080031ec                DMA1_Channel1_IRQHandler
                0x00000000080031ec                Default_Handler
                0x00000000080031ec                DMA2_Channel7_IRQHandler
                0x00000000080031ec                TIM7_IRQHandler
                0x00000000080031ec                SDMMC1_IRQHandler
                0x00000000080031ec                TIM5_IRQHandler
                0x00000000080031ec                I2C3_EV_IRQHandler
                0x00000000080031ec                EXTI9_5_IRQHandler
                0x00000000080031ec                RTC_WKUP_IRQHandler
                0x00000000080031ec                LTDC_IRQHandler
                0x00000000080031ec                PVD_PVM_IRQHandler
                0x00000000080031ec                SPI2_IRQHandler
                0x00000000080031ec                CAN1_TX_IRQHandler
                0x00000000080031ec                DMA2_Channel5_IRQHandler
                0x00000000080031ec                CRS_IRQHandler
                0x00000000080031ec                DMA1_Channel5_IRQHandler
                0x00000000080031ec                EXTI4_IRQHandler
                0x00000000080031ec                RNG_IRQHandler
                0x00000000080031ec                TIM1_TRG_COM_TIM17_IRQHandler
                0x00000000080031ec                DMA1_Channel3_IRQHandler
                0x00000000080031ec                COMP_IRQHandler
                0x00000000080031ec                DSI_IRQHandler
                0x00000000080031ec                WWDG_IRQHandler
                0x00000000080031ec                I2C4_EV_IRQHandler
                0x00000000080031ec                LPUART1_IRQHandler
                0x00000000080031ec                DMA2_Channel6_IRQHandler
                0x00000000080031ec                TIM2_IRQHandler
                0x00000000080031ec                DMA2D_IRQHandler
                0x00000000080031ec                EXTI1_IRQHandler
                0x00000000080031ec                USART2_IRQHandler
                0x00000000080031ec                DFSDM1_FLT0_IRQHandler
                0x00000000080031ec                I2C2_ER_IRQHandler
                0x00000000080031ec                DMA1_Channel2_IRQHandler
                0x00000000080031ec                TIM8_BRK_IRQHandler
                0x00000000080031ec                CAN1_SCE_IRQHandler
                0x00000000080031ec                FLASH_IRQHandler
                0x00000000080031ec                USART1_IRQHandler
                0x00000000080031ec                OTG_FS_IRQHandler
                0x00000000080031ec                I2C1_ER_IRQHandler
                0x00000000080031ec                FMC_IRQHandler
                0x00000000080031ec                LPTIM1_IRQHandler
                0x00000000080031ec                I2C4_ER_IRQHandler
                0x00000000080031ec                SAI1_IRQHandler
                0x00000000080031ec                DMA2_Channel3_IRQHandler
                0x00000000080031ec                TIM1_BRK_TIM15_IRQHandler
 .text.HAL_Init
                0x00000000080031ee       0x30 ./Drivers/STM32L4xx_HAL_Driver/Src/stm32l4xx_hal.o
                0x00000000080031ee                HAL_Init
 *fill*         0x000000000800321e        0x2 
 .text.HAL_InitTick
                0x0000000008003220       0x78 ./Drivers/STM32L4xx_HAL_Driver/Src/stm32l4xx_hal.o
                0x0000000008003220                HAL_InitTick
 .text.HAL_IncTick
                0x0000000008003298       0x28 ./Drivers/STM32L4xx_HAL_Driver/Src/stm32l4xx_hal.o
                0x0000000008003298                HAL_IncTick
 .text.HAL_GetTick
                0x00000000080032c0       0x18 ./Drivers/STM32L4xx_HAL_Driver/Src/stm32l4xx_hal.o
                0x00000000080032c0                HAL_GetTick
 .text.HAL_Delay
                0x00000000080032d8       0x48 ./Drivers/STM32L4xx_HAL_Driver/Src/stm32l4xx_hal.o
                0x00000000080032d8                HAL_Delay
 .text.__NVIC_SetPriorityGrouping
                0x0000000008003320       0x48 ./Drivers/STM32L4xx_HAL_Driver/Src/stm32l4xx_hal_cortex.o
 .text.__NVIC_GetPriorityGrouping
                0x0000000008003368       0x1c ./Drivers/STM32L4xx_HAL_Driver/Src/stm32l4xx_hal_cortex.o
 .text.__NVIC_EnableIRQ
                0x0000000008003384       0x3c ./Drivers/STM32L4xx_HAL_Driver/Src/stm32l4xx_hal_cortex.o
 .text.__NVIC_SetPriority
                0x00000000080033c0       0x54 ./Drivers/STM32L4xx_HAL_Driver/Src/stm32l4xx_hal_cortex.o
 .text.NVIC_EncodePriority
                0x0000000008003414       0x66 ./Drivers/STM32L4xx_HAL_Driver/Src/stm32l4xx_hal_cortex.o
 *fill*         0x000000000800347a        0x2 
 .text.SysTick_Config
                0x000000000800347c       0x44 ./Drivers/STM32L4xx_HAL_Driver/Src/stm32l4xx_hal_cortex.o
 .text.HAL_NVIC_SetPriorityGrouping
                0x00000000080034c0       0x16 ./Drivers/STM32L4xx_HAL_Driver/Src/stm32l4xx_hal_cortex.o
                0x00000000080034c0                HAL_NVIC_SetPriorityGrouping
 .text.HAL_NVIC_SetPriority
                0x00000000080034d6       0x38 ./Drivers/STM32L4xx_HAL_Driver/Src/stm32l4xx_hal_cortex.o
                0x00000000080034d6                HAL_NVIC_SetPriority
 .text.HAL_NVIC_EnableIRQ
                0x000000000800350e       0x1c ./Drivers/STM32L4xx_HAL_Driver/Src/stm32l4xx_hal_cortex.o
                0x000000000800350e                HAL_NVIC_EnableIRQ
 .text.HAL_SYSTICK_Config
                0x000000000800352a       0x18 ./Drivers/STM32L4xx_HAL_Driver/Src/stm32l4xx_hal_cortex.o
                0x000000000800352a                HAL_SYSTICK_Config
 .text.HAL_DMA_Abort_IT
                0x0000000008003542       0xbe ./Drivers/STM32L4xx_HAL_Driver/Src/stm32l4xx_hal_dma.o
                0x0000000008003542                HAL_DMA_Abort_IT
 .text.DSI_ConfigPacketHeader
                0x0000000008003600       0x32 ./Drivers/STM32L4xx_HAL_Driver/Src/stm32l4xx_hal_dsi.o
 .text.DSI_ShortWrite
                0x0000000008003632       0x5e ./Drivers/STM32L4xx_HAL_Driver/Src/stm32l4xx_hal_dsi.o
 .text.HAL_DSI_Init
                0x0000000008003690      0x238 ./Drivers/STM32L4xx_HAL_Driver/Src/stm32l4xx_hal_dsi.o
                0x0000000008003690                HAL_DSI_Init
 .text.HAL_DSI_ConfigErrorMonitor
                0x00000000080038c8      0x17a ./Drivers/STM32L4xx_HAL_Driver/Src/stm32l4xx_hal_dsi.o
                0x00000000080038c8                HAL_DSI_ConfigErrorMonitor
 .text.HAL_DSI_SetGenericVCID
                0x0000000008003a42       0x50 ./Drivers/STM32L4xx_HAL_Driver/Src/stm32l4xx_hal_dsi.o
                0x0000000008003a42                HAL_DSI_SetGenericVCID
 .text.HAL_DSI_ConfigVideoMode
                0x0000000008003a92      0x410 ./Drivers/STM32L4xx_HAL_Driver/Src/stm32l4xx_hal_dsi.o
                0x0000000008003a92                HAL_DSI_ConfigVideoMode
 .text.HAL_DSI_ConfigPhyTimer
                0x0000000008003ea2       0xd4 ./Drivers/STM32L4xx_HAL_Driver/Src/stm32l4xx_hal_dsi.o
                0x0000000008003ea2                HAL_DSI_ConfigPhyTimer
 .text.HAL_DSI_ConfigHostTimeouts
                0x0000000008003f76      0x18c ./Drivers/STM32L4xx_HAL_Driver/Src/stm32l4xx_hal_dsi.o
                0x0000000008003f76                HAL_DSI_ConfigHostTimeouts
 .text.HAL_DSI_Start
                0x0000000008004102       0x78 ./Drivers/STM32L4xx_HAL_Driver/Src/stm32l4xx_hal_dsi.o
                0x0000000008004102                HAL_DSI_Start
 .text.HAL_DSI_ShortWrite
                0x000000000800417a       0x44 ./Drivers/STM32L4xx_HAL_Driver/Src/stm32l4xx_hal_dsi.o
                0x000000000800417a                HAL_DSI_ShortWrite
 .text.HAL_DSI_LongWrite
                0x00000000080041be      0x130 ./Drivers/STM32L4xx_HAL_Driver/Src/stm32l4xx_hal_dsi.o
                0x00000000080041be                HAL_DSI_LongWrite
 .text.HAL_DSI_SetLowPowerRXFilter
                0x00000000080042ee       0x5a ./Drivers/STM32L4xx_HAL_Driver/Src/stm32l4xx_hal_dsi.o
                0x00000000080042ee                HAL_DSI_SetLowPowerRXFilter
 .text.HAL_GPIO_Init
                0x0000000008004348      0x324 ./Drivers/STM32L4xx_HAL_Driver/Src/stm32l4xx_hal_gpio.o
                0x0000000008004348                HAL_GPIO_Init
 .text.HAL_GPIO_ReadPin
                0x000000000800466c       0x30 ./Drivers/STM32L4xx_HAL_Driver/Src/stm32l4xx_hal_gpio.o
                0x000000000800466c                HAL_GPIO_ReadPin
 .text.HAL_GPIO_WritePin
                0x000000000800469c       0x30 ./Drivers/STM32L4xx_HAL_Driver/Src/stm32l4xx_hal_gpio.o
                0x000000000800469c                HAL_GPIO_WritePin
 .text.HAL_GPIO_EXTI_IRQHandler
                0x00000000080046cc       0x30 ./Drivers/STM32L4xx_HAL_Driver/Src/stm32l4xx_hal_gpio.o
                0x00000000080046cc                HAL_GPIO_EXTI_IRQHandler
 .text.HAL_LTDC_Init
                0x00000000080046fc      0x1a0 ./Drivers/STM32L4xx_HAL_Driver/Src/stm32l4xx_hal_ltdc.o
                0x00000000080046fc                HAL_LTDC_Init
 .text.HAL_LTDC_ConfigLayer
                0x000000000800489c       0x7c ./Drivers/STM32L4xx_HAL_Driver/Src/stm32l4xx_hal_ltdc.o
                0x000000000800489c                HAL_LTDC_ConfigLayer
 .text.LTDC_SetConfig
                0x0000000008004918      0x32e ./Drivers/STM32L4xx_HAL_Driver/Src/stm32l4xx_hal_ltdc.o
 *fill*         0x0000000008004c46        0x2 
 .text.HAL_PWREx_GetVoltageRange
                0x0000000008004c48       0x40 ./Drivers/STM32L4xx_HAL_Driver/Src/stm32l4xx_hal_pwr_ex.o
                0x0000000008004c48                HAL_PWREx_GetVoltageRange
 .text.HAL_PWREx_ControlVoltageScaling
                0x0000000008004c88      0x148 ./Drivers/STM32L4xx_HAL_Driver/Src/stm32l4xx_hal_pwr_ex.o
                0x0000000008004c88                HAL_PWREx_ControlVoltageScaling
 .text.HAL_PWREx_EnableVddIO2
                0x0000000008004dd0       0x20 ./Drivers/STM32L4xx_HAL_Driver/Src/stm32l4xx_hal_pwr_ex.o
                0x0000000008004dd0                HAL_PWREx_EnableVddIO2
 .text.HAL_RCC_OscConfig
                0x0000000008004df0      0x834 ./Drivers/STM32L4xx_HAL_Driver/Src/stm32l4xx_hal_rcc.o
                0x0000000008004df0                HAL_RCC_OscConfig
 .text.HAL_RCC_ClockConfig
                0x0000000008005624      0x274 ./Drivers/STM32L4xx_HAL_Driver/Src/stm32l4xx_hal_rcc.o
                0x0000000008005624                HAL_RCC_ClockConfig
 .text.HAL_RCC_GetSysClockFreq
                0x0000000008005898      0x118 ./Drivers/STM32L4xx_HAL_Driver/Src/stm32l4xx_hal_rcc.o
                0x0000000008005898                HAL_RCC_GetSysClockFreq
 .text.HAL_RCC_GetHCLKFreq
                0x00000000080059b0       0x18 ./Drivers/STM32L4xx_HAL_Driver/Src/stm32l4xx_hal_rcc.o
                0x00000000080059b0                HAL_RCC_GetHCLKFreq
 .text.HAL_RCC_GetPCLK1Freq
                0x00000000080059c8       0x2c ./Drivers/STM32L4xx_HAL_Driver/Src/stm32l4xx_hal_rcc.o
                0x00000000080059c8                HAL_RCC_GetPCLK1Freq
 .text.HAL_RCC_GetPCLK2Freq
                0x00000000080059f4       0x2c ./Drivers/STM32L4xx_HAL_Driver/Src/stm32l4xx_hal_rcc.o
                0x00000000080059f4                HAL_RCC_GetPCLK2Freq
 .text.RCC_SetFlashLatencyFromMSIRange
                0x0000000008005a20       0xb4 ./Drivers/STM32L4xx_HAL_Driver/Src/stm32l4xx_hal_rcc.o
 .text.RCC_GetSysClockFreqFromPLLSource
                0x0000000008005ad4       0xcc ./Drivers/STM32L4xx_HAL_Driver/Src/stm32l4xx_hal_rcc.o
 .text.HAL_RCCEx_PeriphCLKConfig
                0x0000000008005ba0      0x720 ./Drivers/STM32L4xx_HAL_Driver/Src/stm32l4xx_hal_rcc_ex.o
                0x0000000008005ba0                HAL_RCCEx_PeriphCLKConfig
 .text.RCCEx_PLLSAI1_Config
                0x00000000080062c0      0x1e8 ./Drivers/STM32L4xx_HAL_Driver/Src/stm32l4xx_hal_rcc_ex.o
 .text.RCCEx_PLLSAI2_Config
                0x00000000080064a8      0x1e8 ./Drivers/STM32L4xx_HAL_Driver/Src/stm32l4xx_hal_rcc_ex.o
 .text.HAL_SPI_Init
                0x0000000008006690      0x146 ./Drivers/STM32L4xx_HAL_Driver/Src/stm32l4xx_hal_spi.o
                0x0000000008006690                HAL_SPI_Init
 .text.HAL_SPI_Transmit
                0x00000000080067d6      0x2ea ./Drivers/STM32L4xx_HAL_Driver/Src/stm32l4xx_hal_spi.o
                0x00000000080067d6                HAL_SPI_Transmit
 .text.HAL_SPI_Receive
                0x0000000008006ac0      0x26e ./Drivers/STM32L4xx_HAL_Driver/Src/stm32l4xx_hal_spi.o
                0x0000000008006ac0                HAL_SPI_Receive
 .text.HAL_SPI_TransmitReceive
                0x0000000008006d2e      0x444 ./Drivers/STM32L4xx_HAL_Driver/Src/stm32l4xx_hal_spi.o
                0x0000000008006d2e                HAL_SPI_TransmitReceive
 *fill*         0x0000000008007172        0x2 
 .text.HAL_SPI_Receive_IT
                0x0000000008007174      0x15c ./Drivers/STM32L4xx_HAL_Driver/Src/stm32l4xx_hal_spi.o
                0x0000000008007174                HAL_SPI_Receive_IT
 .text.HAL_SPI_TransmitReceive_IT
                0x00000000080072d0      0x15c ./Drivers/STM32L4xx_HAL_Driver/Src/stm32l4xx_hal_spi.o
                0x00000000080072d0                HAL_SPI_TransmitReceive_IT
 .text.HAL_SPI_IRQHandler
                0x000000000800742c      0x200 ./Drivers/STM32L4xx_HAL_Driver/Src/stm32l4xx_hal_spi.o
                0x000000000800742c                HAL_SPI_IRQHandler
 .text.HAL_SPI_TxRxCpltCallback
                0x000000000800762c       0x14 ./Drivers/STM32L4xx_HAL_Driver/Src/stm32l4xx_hal_spi.o
                0x000000000800762c                HAL_SPI_TxRxCpltCallback
 .text.HAL_SPI_ErrorCallback
                0x0000000008007640       0x14 ./Drivers/STM32L4xx_HAL_Driver/Src/stm32l4xx_hal_spi.o
                0x0000000008007640                HAL_SPI_ErrorCallback
 .text.SPI_DMAAbortOnError
                0x0000000008007654       0x2a ./Drivers/STM32L4xx_HAL_Driver/Src/stm32l4xx_hal_spi.o
 .text.SPI_2linesRxISR_8BIT
                0x000000000800767e       0xbe ./Drivers/STM32L4xx_HAL_Driver/Src/stm32l4xx_hal_spi.o
 .text.SPI_2linesTxISR_8BIT
                0x000000000800773c       0x92 ./Drivers/STM32L4xx_HAL_Driver/Src/stm32l4xx_hal_spi.o
 .text.SPI_2linesRxISR_16BIT
                0x00000000080077ce       0x66 ./Drivers/STM32L4xx_HAL_Driver/Src/stm32l4xx_hal_spi.o
 .text.SPI_2linesTxISR_16BIT
                0x0000000008007834       0x60 ./Drivers/STM32L4xx_HAL_Driver/Src/stm32l4xx_hal_spi.o
 .text.SPI_RxISR_8BIT
                0x0000000008007894       0x50 ./Drivers/STM32L4xx_HAL_Driver/Src/stm32l4xx_hal_spi.o
 .text.SPI_RxISR_16BIT
                0x00000000080078e4       0x4c ./Drivers/STM32L4xx_HAL_Driver/Src/stm32l4xx_hal_spi.o
 .text.SPI_WaitFlagStateUntilTimeout
                0x0000000008007930      0x110 ./Drivers/STM32L4xx_HAL_Driver/Src/stm32l4xx_hal_spi.o
 .text.SPI_WaitFifoStateUntilTimeout
                0x0000000008007a40      0x12c ./Drivers/STM32L4xx_HAL_Driver/Src/stm32l4xx_hal_spi.o
 .text.SPI_EndRxTransaction
                0x0000000008007b6c       0xb0 ./Drivers/STM32L4xx_HAL_Driver/Src/stm32l4xx_hal_spi.o
 .text.SPI_EndRxTxTransaction
                0x0000000008007c1c       0x8c ./Drivers/STM32L4xx_HAL_Driver/Src/stm32l4xx_hal_spi.o
 .text.SPI_CloseRxTx_ISR
                0x0000000008007ca8       0x84 ./Drivers/STM32L4xx_HAL_Driver/Src/stm32l4xx_hal_spi.o
 .text.SPI_CloseRx_ISR
                0x0000000008007d2c       0x60 ./Drivers/STM32L4xx_HAL_Driver/Src/stm32l4xx_hal_spi.o
 .text.HAL_UART_Init
                0x0000000008007d8c       0xa0 ./Drivers/STM32L4xx_HAL_Driver/Src/stm32l4xx_hal_uart.o
                0x0000000008007d8c                HAL_UART_Init
 .text.HAL_UART_Transmit
                0x0000000008007e2c      0x11e ./Drivers/STM32L4xx_HAL_Driver/Src/stm32l4xx_hal_uart.o
                0x0000000008007e2c                HAL_UART_Transmit
 *fill*         0x0000000008007f4a        0x2 
 .text.UART_SetConfig
                0x0000000008007f4c      0x5f8 ./Drivers/STM32L4xx_HAL_Driver/Src/stm32l4xx_hal_uart.o
                0x0000000008007f4c                UART_SetConfig
 .text.UART_AdvFeatureConfig
                0x0000000008008544      0x144 ./Drivers/STM32L4xx_HAL_Driver/Src/stm32l4xx_hal_uart.o
                0x0000000008008544                UART_AdvFeatureConfig
 .text.UART_CheckIdleState
                0x0000000008008688      0x154 ./Drivers/STM32L4xx_HAL_Driver/Src/stm32l4xx_hal_uart.o
                0x0000000008008688                UART_CheckIdleState
 .text.UART_WaitOnFlagUntilTimeout
                0x00000000080087dc       0xce ./Drivers/STM32L4xx_HAL_Driver/Src/stm32l4xx_hal_uart.o
                0x00000000080087dc                UART_WaitOnFlagUntilTimeout
 .text.UART_EndRxTransfer
                0x00000000080088aa       0xcc ./Drivers/STM32L4xx_HAL_Driver/Src/stm32l4xx_hal_uart.o
 .text.HAL_UARTEx_DisableFifoMode
                0x0000000008008976       0x72 ./Drivers/STM32L4xx_HAL_Driver/Src/stm32l4xx_hal_uart_ex.o
                0x0000000008008976                HAL_UARTEx_DisableFifoMode
 .text.HAL_UARTEx_SetTxFifoThreshold
                0x00000000080089e8       0x7c ./Drivers/STM32L4xx_HAL_Driver/Src/stm32l4xx_hal_uart_ex.o
                0x00000000080089e8                HAL_UARTEx_SetTxFifoThreshold
 .text.HAL_UARTEx_SetRxFifoThreshold
                0x0000000008008a64       0x7c ./Drivers/STM32L4xx_HAL_Driver/Src/stm32l4xx_hal_uart_ex.o
                0x0000000008008a64                HAL_UARTEx_SetRxFifoThreshold
 .text.UARTEx_SetNbDataToProcess
                0x0000000008008ae0       0x9c ./Drivers/STM32L4xx_HAL_Driver/Src/stm32l4xx_hal_uart_ex.o
 .text.__libc_init_array
                0x0000000008008b7c       0x48 c:/st/stm32cubeide_1.11.0/stm32cubeide/plugins/com.st.stm32cube.ide.mcu.externaltools.gnu-tools-for-stm32.10.3-2021.10.win32_1.0.100.202210260954/tools/bin/../lib/gcc/arm-none-eabi/10.3.1/../../../../arm-none-eabi/lib/thumb/v7e-m+fp/hard\libc_nano.a(lib_a-init.o)
                0x0000000008008b7c                __libc_init_array
 .text.memset   0x0000000008008bc4       0x10 c:/st/stm32cubeide_1.11.0/stm32cubeide/plugins/com.st.stm32cube.ide.mcu.externaltools.gnu-tools-for-stm32.10.3-2021.10.win32_1.0.100.202210260954/tools/bin/../lib/gcc/arm-none-eabi/10.3.1/../../../../arm-none-eabi/lib/thumb/v7e-m+fp/hard\libc_nano.a(lib_a-memset.o)
                0x0000000008008bc4                memset
 *(.glue_7)
 .glue_7        0x0000000008008bd4        0x0 linker stubs
 *(.glue_7t)
 .glue_7t       0x0000000008008bd4        0x0 linker stubs
 *(.eh_frame)
 .eh_frame      0x0000000008008bd4        0x0 c:/st/stm32cubeide_1.11.0/stm32cubeide/plugins/com.st.stm32cube.ide.mcu.externaltools.gnu-tools-for-stm32.10.3-2021.10.win32_1.0.100.202210260954/tools/bin/../lib/gcc/arm-none-eabi/10.3.1/thumb/v7e-m+fp/hard/crtbegin.o
 *(.init)
 .init          0x0000000008008bd4        0x4 c:/st/stm32cubeide_1.11.0/stm32cubeide/plugins/com.st.stm32cube.ide.mcu.externaltools.gnu-tools-for-stm32.10.3-2021.10.win32_1.0.100.202210260954/tools/bin/../lib/gcc/arm-none-eabi/10.3.1/thumb/v7e-m+fp/hard/crti.o
                0x0000000008008bd4                _init
 .init          0x0000000008008bd8        0x8 c:/st/stm32cubeide_1.11.0/stm32cubeide/plugins/com.st.stm32cube.ide.mcu.externaltools.gnu-tools-for-stm32.10.3-2021.10.win32_1.0.100.202210260954/tools/bin/../lib/gcc/arm-none-eabi/10.3.1/thumb/v7e-m+fp/hard/crtn.o
 *(.fini)
 .fini          0x0000000008008be0        0x4 c:/st/stm32cubeide_1.11.0/stm32cubeide/plugins/com.st.stm32cube.ide.mcu.externaltools.gnu-tools-for-stm32.10.3-2021.10.win32_1.0.100.202210260954/tools/bin/../lib/gcc/arm-none-eabi/10.3.1/thumb/v7e-m+fp/hard/crti.o
                0x0000000008008be0                _fini
 .fini          0x0000000008008be4        0x8 c:/st/stm32cubeide_1.11.0/stm32cubeide/plugins/com.st.stm32cube.ide.mcu.externaltools.gnu-tools-for-stm32.10.3-2021.10.win32_1.0.100.202210260954/tools/bin/../lib/gcc/arm-none-eabi/10.3.1/thumb/v7e-m+fp/hard/crtn.o
                0x0000000008008bec                . = ALIGN (0x4)
                0x0000000008008bec                _etext = .

.vfp11_veneer   0x0000000008008bec        0x0
 .vfp11_veneer  0x0000000008008bec        0x0 linker stubs

.v4_bx          0x0000000008008bec        0x0
 .v4_bx         0x0000000008008bec        0x0 linker stubs

.iplt           0x0000000008008bec        0x0
 .iplt          0x0000000008008bec        0x0 c:/st/stm32cubeide_1.11.0/stm32cubeide/plugins/com.st.stm32cube.ide.mcu.externaltools.gnu-tools-for-stm32.10.3-2021.10.win32_1.0.100.202210260954/tools/bin/../lib/gcc/arm-none-eabi/10.3.1/thumb/v7e-m+fp/hard/crtbegin.o

.rodata         0x0000000008008bec       0xf0
                0x0000000008008bec                . = ALIGN (0x4)
 *(.rodata)
 .rodata        0x0000000008008bec       0x7d ./Core/Src/main.o
 *(.rodata*)
 *fill*         0x0000000008008c69        0x3 
 .rodata.AHBPrescTable
                0x0000000008008c6c       0x10 ./Core/Src/system_stm32l4xx.o
                0x0000000008008c6c                AHBPrescTable
 .rodata.APBPrescTable
                0x0000000008008c7c        0x8 ./Core/Src/system_stm32l4xx.o
                0x0000000008008c7c                APBPrescTable
 .rodata.MSIRangeTable
                0x0000000008008c84       0x30 ./Core/Src/system_stm32l4xx.o
                0x0000000008008c84                MSIRangeTable
 .rodata.UARTPrescTable
                0x0000000008008cb4       0x18 ./Drivers/STM32L4xx_HAL_Driver/Src/stm32l4xx_hal_uart.o
                0x0000000008008cb4                UARTPrescTable
 .rodata.numerator.1
                0x0000000008008ccc        0x8 ./Drivers/STM32L4xx_HAL_Driver/Src/stm32l4xx_hal_uart_ex.o
 .rodata.denominator.0
                0x0000000008008cd4        0x8 ./Drivers/STM32L4xx_HAL_Driver/Src/stm32l4xx_hal_uart_ex.o
                0x0000000008008cdc                . = ALIGN (0x4)

.ARM.extab      0x0000000008008cdc        0x0
                0x0000000008008cdc                . = ALIGN (0x4)
 *(.ARM.extab* .gnu.linkonce.armextab.*)
                0x0000000008008cdc                . = ALIGN (0x4)

.ARM            0x0000000008008cdc        0x8
                0x0000000008008cdc                . = ALIGN (0x4)
                0x0000000008008cdc                __exidx_start = .
 *(.ARM.exidx*)
 .ARM.exidx     0x0000000008008cdc        0x8 c:/st/stm32cubeide_1.11.0/stm32cubeide/plugins/com.st.stm32cube.ide.mcu.externaltools.gnu-tools-for-stm32.10.3-2021.10.win32_1.0.100.202210260954/tools/bin/../lib/gcc/arm-none-eabi/10.3.1/thumb/v7e-m+fp/hard\libgcc.a(_udivmoddi4.o)
                0x0000000008008ce4                __exidx_end = .
                0x0000000008008ce4                . = ALIGN (0x4)

.rel.dyn        0x0000000008008ce4        0x0
 .rel.iplt      0x0000000008008ce4        0x0 c:/st/stm32cubeide_1.11.0/stm32cubeide/plugins/com.st.stm32cube.ide.mcu.externaltools.gnu-tools-for-stm32.10.3-2021.10.win32_1.0.100.202210260954/tools/bin/../lib/gcc/arm-none-eabi/10.3.1/thumb/v7e-m+fp/hard/crtbegin.o

.preinit_array  0x0000000008008ce4        0x0
                0x0000000008008ce4                . = ALIGN (0x4)
                0x0000000008008ce4                PROVIDE (__preinit_array_start = .)
 *(.preinit_array*)
                0x0000000008008ce4                PROVIDE (__preinit_array_end = .)
                0x0000000008008ce4                . = ALIGN (0x4)

.init_array     0x0000000008008ce4        0x4
                0x0000000008008ce4                . = ALIGN (0x4)
                0x0000000008008ce4                PROVIDE (__init_array_start = .)
 *(SORT_BY_NAME(.init_array.*))
 *(.init_array*)
 .init_array    0x0000000008008ce4        0x4 c:/st/stm32cubeide_1.11.0/stm32cubeide/plugins/com.st.stm32cube.ide.mcu.externaltools.gnu-tools-for-stm32.10.3-2021.10.win32_1.0.100.202210260954/tools/bin/../lib/gcc/arm-none-eabi/10.3.1/thumb/v7e-m+fp/hard/crtbegin.o
                0x0000000008008ce8                PROVIDE (__init_array_end = .)
                0x0000000008008ce8                . = ALIGN (0x4)

.fini_array     0x0000000008008ce8        0x4
                0x0000000008008ce8                . = ALIGN (0x4)
                [!provide]                        PROVIDE (__fini_array_start = .)
 *(SORT_BY_NAME(.fini_array.*))
 *(.fini_array*)
 .fini_array    0x0000000008008ce8        0x4 c:/st/stm32cubeide_1.11.0/stm32cubeide/plugins/com.st.stm32cube.ide.mcu.externaltools.gnu-tools-for-stm32.10.3-2021.10.win32_1.0.100.202210260954/tools/bin/../lib/gcc/arm-none-eabi/10.3.1/thumb/v7e-m+fp/hard/crtbegin.o
                [!provide]                        PROVIDE (__fini_array_end = .)
                0x0000000008008cec                . = ALIGN (0x4)
                0x0000000008008cec                _sidata = LOADADDR (.data)

.data           0x0000000020000000       0x30 load address 0x0000000008008cec
                0x0000000020000000                . = ALIGN (0x4)
                0x0000000020000000                _sdata = .
 *(.data)
 *(.data*)
 .data.IMAGE_H  0x0000000020000000        0x4 ./Core/Src/main.o
                0x0000000020000000                IMAGE_H
 .data.IMAGE_W  0x0000000020000004        0x4 ./Core/Src/main.o
                0x0000000020000004                IMAGE_W
 .data.frame_rate_r
                0x0000000020000008        0x1 ./Core/Src/main.o
                0x0000000020000008                frame_rate_r
 .data.spi_flash_content_length
                0x0000000020000009        0x1 ./Core/Src/main.o
                0x0000000020000009                spi_flash_content_length
 .data.auto_run_end_content
                0x000000002000000a        0x1 ./Core/Src/main.o
                0x000000002000000a                auto_run_end_content
 .data.content_size
                0x000000002000000b        0x1 ./Core/Src/main.o
                0x000000002000000b                content_size
 .data.Horizontal_blanking_H
                0x000000002000000c        0x1 ./Core/Src/main.o
                0x000000002000000c                Horizontal_blanking_H
 .data.Horizontal_blanking_L
                0x000000002000000d        0x1 ./Core/Src/main.o
                0x000000002000000d                Horizontal_blanking_L
 .data.Vertical_blanking_H
                0x000000002000000e        0x1 ./Core/Src/main.o
                0x000000002000000e                Vertical_blanking_H
 .data.Vertical_blanking_L
                0x000000002000000f        0x1 ./Core/Src/main.o
                0x000000002000000f                Vertical_blanking_L
 .data.HSA      0x0000000020000010        0x2 ./Core/Src/main.o
                0x0000000020000010                HSA
 .data.HBP      0x0000000020000012        0x2 ./Core/Src/main.o
                0x0000000020000012                HBP
 .data.HFP      0x0000000020000014        0x2 ./Core/Src/main.o
                0x0000000020000014                HFP
 .data.VSA      0x0000000020000016        0x2 ./Core/Src/main.o
                0x0000000020000016                VSA
 .data.VBP      0x0000000020000018        0x2 ./Core/Src/main.o
                0x0000000020000018                VBP
 .data.VFP      0x000000002000001a        0x2 ./Core/Src/main.o
                0x000000002000001a                VFP
 .data.Pixel_Mapping_one_L
                0x000000002000001c        0x1 ./Core/Src/main.o
                0x000000002000001c                Pixel_Mapping_one_L
 .data.Pixel_Mapping_one_H
                0x000000002000001d        0x1 ./Core/Src/main.o
                0x000000002000001d                Pixel_Mapping_one_H
 .data.BOARD_NUMBER
                0x000000002000001e        0x1 ./Core/Src/main.o
                0x000000002000001e                BOARD_NUMBER
 .data.Playing_mode
                0x000000002000001f        0x1 ./Core/Src/main.o
                0x000000002000001f                Playing_mode
 .data.Mode_changed
                0x0000000020000020        0x1 ./Core/Src/main.o
                0x0000000020000020                Mode_changed
 *fill*         0x0000000020000021        0x3 
 .data.SystemCoreClock
                0x0000000020000024        0x4 ./Core/Src/system_stm32l4xx.o
                0x0000000020000024                SystemCoreClock
 .data.uwTickPrio
                0x0000000020000028        0x4 ./Drivers/STM32L4xx_HAL_Driver/Src/stm32l4xx_hal.o
                0x0000000020000028                uwTickPrio
 .data.uwTickFreq
                0x000000002000002c        0x1 ./Drivers/STM32L4xx_HAL_Driver/Src/stm32l4xx_hal.o
                0x000000002000002c                uwTickFreq
 *(.RamFunc)
 *(.RamFunc*)
                0x0000000020000030                . = ALIGN (0x4)
 *fill*         0x000000002000002d        0x3 
                0x0000000020000030                _edata = .

.igot.plt       0x0000000020000030        0x0 load address 0x0000000008008d1c
 .igot.plt      0x0000000020000030        0x0 c:/st/stm32cubeide_1.11.0/stm32cubeide/plugins/com.st.stm32cube.ide.mcu.externaltools.gnu-tools-for-stm32.10.3-2021.10.win32_1.0.100.202210260954/tools/bin/../lib/gcc/arm-none-eabi/10.3.1/thumb/v7e-m+fp/hard/crtbegin.o
                0x0000000020000030                . = ALIGN (0x4)

.bss            0x0000000020000030    0x702d0 load address 0x0000000008008d1c
                0x0000000020000030                _sbss = .
                0x0000000020000030                __bss_start__ = _sbss
 *(.bss)
 .bss           0x0000000020000030       0x1c c:/st/stm32cubeide_1.11.0/stm32cubeide/plugins/com.st.stm32cube.ide.mcu.externaltools.gnu-tools-for-stm32.10.3-2021.10.win32_1.0.100.202210260954/tools/bin/../lib/gcc/arm-none-eabi/10.3.1/thumb/v7e-m+fp/hard/crtbegin.o
 *(.bss*)
 .bss.hdsi      0x000000002000004c       0x1c ./Core/Src/main.o
                0x000000002000004c                hdsi
 .bss.hltdc     0x0000000020000068       0xa8 ./Core/Src/main.o
                0x0000000020000068                hltdc
 .bss.hspi2     0x0000000020000110       0x64 ./Core/Src/main.o
                0x0000000020000110                hspi2
 .bss.hspi3     0x0000000020000174       0x64 ./Core/Src/main.o
                0x0000000020000174                hspi3
 .bss.huart4    0x00000000200001d8       0x94 ./Core/Src/main.o
                0x00000000200001d8                huart4
 .bss.auto_run_start_content
                0x000000002000026c        0x1 ./Core/Src/main.o
                0x000000002000026c                auto_run_start_content
 *fill*         0x000000002000026d        0x3 
 .bss.frame_buf_tmp
                0x0000000020000270    0x10000 ./Core/Src/main.o
                0x0000000020000270                frame_buf_tmp
 .bss.frame_buf_0
                0x0000000020010270    0x10000 ./Core/Src/main.o
                0x0000000020010270                frame_buf_0
 .bss.frame_buf_1
                0x0000000020020270    0x10000 ./Core/Src/main.o
                0x0000000020020270                frame_buf_1
 .bss.frame_buf_flash
                0x0000000020030270    0x10000 ./Core/Src/main.o
                0x0000000020030270                frame_buf_flash
 .bss.play_mode
                0x0000000020040270        0x1 ./Core/Src/main.o
                0x0000000020040270                play_mode
 .bss.play_mode_source
                0x0000000020040271        0x1 ./Core/Src/main.o
                0x0000000020040271                play_mode_source
 *fill*         0x0000000020040272        0x2 
 .bss.image_arr_rgb888
                0x0000000020040274    0x30000 ./Core/Src/main.o
                0x0000000020040274                image_arr_rgb888
 .bss.display_image_number
                0x0000000020070274        0x1 ./Core/Src/main.o
                0x0000000020070274                display_image_number
 *fill*         0x0000000020070275        0x3 
 .bss.spi_rev_2byte
                0x0000000020070278        0x2 ./Core/Src/main.o
                0x0000000020070278                spi_rev_2byte
 .bss.setting_changed
                0x000000002007027a        0x1 ./Core/Src/main.o
                0x000000002007027a                setting_changed
 *fill*         0x000000002007027b        0x1 
 .bss.Mode_config
                0x000000002007027c       0x6e ./Core/Src/main.o
                0x000000002007027c                Mode_config
 *fill*         0x00000000200702ea        0x2 
 .bss.Current_mode_config
                0x00000000200702ec        0xa ./Core/Src/main.o
                0x00000000200702ec                Current_mode_config
 *fill*         0x00000000200702f6        0x2 
 .bss.button_count
                0x00000000200702f8        0x4 ./Core/Src/main.o
                0x00000000200702f8                button_count
 .bss.uwTick    0x00000000200702fc        0x4 ./Drivers/STM32L4xx_HAL_Driver/Src/stm32l4xx_hal.o
                0x00000000200702fc                uwTick
 *(COMMON)
                0x0000000020070300                . = ALIGN (0x4)
                0x0000000020070300                _ebss = .
                0x0000000020070300                __bss_end__ = _ebss

._user_heap_stack
                0x0000000020070300      0x600 load address 0x0000000008008d1c
                0x0000000020070300                . = ALIGN (0x8)
                [!provide]                        PROVIDE (end = .)
                0x0000000020070300                PROVIDE (_end = .)
                0x0000000020070500                . = (. + _Min_Heap_Size)
 *fill*         0x0000000020070300      0x200 
                0x0000000020070900                . = (. + _Min_Stack_Size)
 *fill*         0x0000000020070500      0x400 
                0x0000000020070900                . = ALIGN (0x8)

/DISCARD/
 libc.a(*)
 libm.a(*)
 libgcc.a(*)

.ARM.attributes
                0x0000000000000000       0x30
 *(.ARM.attributes)
 .ARM.attributes
                0x0000000000000000       0x1e c:/st/stm32cubeide_1.11.0/stm32cubeide/plugins/com.st.stm32cube.ide.mcu.externaltools.gnu-tools-for-stm32.10.3-2021.10.win32_1.0.100.202210260954/tools/bin/../lib/gcc/arm-none-eabi/10.3.1/thumb/v7e-m+fp/hard/crti.o
 .ARM.attributes
                0x000000000000001e       0x34 c:/st/stm32cubeide_1.11.0/stm32cubeide/plugins/com.st.stm32cube.ide.mcu.externaltools.gnu-tools-for-stm32.10.3-2021.10.win32_1.0.100.202210260954/tools/bin/../lib/gcc/arm-none-eabi/10.3.1/thumb/v7e-m+fp/hard/crtbegin.o
 .ARM.attributes
                0x0000000000000052       0x34 ./Core/Src/main.o
 .ARM.attributes
                0x0000000000000086       0x34 ./Core/Src/stm32l4xx_hal_msp.o
 .ARM.attributes
                0x00000000000000ba       0x34 ./Core/Src/stm32l4xx_it.o
 .ARM.attributes
                0x00000000000000ee       0x34 ./Core/Src/system_stm32l4xx.o
 .ARM.attributes
                0x0000000000000122       0x21 ./Core/Startup/startup_stm32l4r9ziyxp.o
 .ARM.attributes
                0x0000000000000143       0x34 ./Drivers/STM32L4xx_HAL_Driver/Src/stm32l4xx_hal.o
 .ARM.attributes
                0x0000000000000177       0x34 ./Drivers/STM32L4xx_HAL_Driver/Src/stm32l4xx_hal_cortex.o
 .ARM.attributes
                0x00000000000001ab       0x34 ./Drivers/STM32L4xx_HAL_Driver/Src/stm32l4xx_hal_dma.o
 .ARM.attributes
                0x00000000000001df       0x34 ./Drivers/STM32L4xx_HAL_Driver/Src/stm32l4xx_hal_dsi.o
 .ARM.attributes
                0x0000000000000213       0x34 ./Drivers/STM32L4xx_HAL_Driver/Src/stm32l4xx_hal_gpio.o
 .ARM.attributes
                0x0000000000000247       0x34 ./Drivers/STM32L4xx_HAL_Driver/Src/stm32l4xx_hal_ltdc.o
 .ARM.attributes
                0x000000000000027b       0x34 ./Drivers/STM32L4xx_HAL_Driver/Src/stm32l4xx_hal_pwr_ex.o
 .ARM.attributes
                0x00000000000002af       0x34 ./Drivers/STM32L4xx_HAL_Driver/Src/stm32l4xx_hal_rcc.o
 .ARM.attributes
                0x00000000000002e3       0x34 ./Drivers/STM32L4xx_HAL_Driver/Src/stm32l4xx_hal_rcc_ex.o
 .ARM.attributes
                0x0000000000000317       0x34 ./Drivers/STM32L4xx_HAL_Driver/Src/stm32l4xx_hal_spi.o
 .ARM.attributes
                0x000000000000034b       0x34 ./Drivers/STM32L4xx_HAL_Driver/Src/stm32l4xx_hal_uart.o
 .ARM.attributes
                0x000000000000037f       0x34 ./Drivers/STM32L4xx_HAL_Driver/Src/stm32l4xx_hal_uart_ex.o
 .ARM.attributes
                0x00000000000003b3       0x34 c:/st/stm32cubeide_1.11.0/stm32cubeide/plugins/com.st.stm32cube.ide.mcu.externaltools.gnu-tools-for-stm32.10.3-2021.10.win32_1.0.100.202210260954/tools/bin/../lib/gcc/arm-none-eabi/10.3.1/../../../../arm-none-eabi/lib/thumb/v7e-m+fp/hard\libc_nano.a(lib_a-init.o)
 .ARM.attributes
                0x00000000000003e7       0x34 c:/st/stm32cubeide_1.11.0/stm32cubeide/plugins/com.st.stm32cube.ide.mcu.externaltools.gnu-tools-for-stm32.10.3-2021.10.win32_1.0.100.202210260954/tools/bin/../lib/gcc/arm-none-eabi/10.3.1/../../../../arm-none-eabi/lib/thumb/v7e-m+fp/hard\libc_nano.a(lib_a-memset.o)
 .ARM.attributes
                0x000000000000041b       0x1e c:/st/stm32cubeide_1.11.0/stm32cubeide/plugins/com.st.stm32cube.ide.mcu.externaltools.gnu-tools-for-stm32.10.3-2021.10.win32_1.0.100.202210260954/tools/bin/../lib/gcc/arm-none-eabi/10.3.1/thumb/v7e-m+fp/hard\libgcc.a(_aeabi_uldivmod.o)
 .ARM.attributes
                0x0000000000000439       0x34 c:/st/stm32cubeide_1.11.0/stm32cubeide/plugins/com.st.stm32cube.ide.mcu.externaltools.gnu-tools-for-stm32.10.3-2021.10.win32_1.0.100.202210260954/tools/bin/../lib/gcc/arm-none-eabi/10.3.1/thumb/v7e-m+fp/hard\libgcc.a(_udivmoddi4.o)
 .ARM.attributes
                0x000000000000046d       0x1e c:/st/stm32cubeide_1.11.0/stm32cubeide/plugins/com.st.stm32cube.ide.mcu.externaltools.gnu-tools-for-stm32.10.3-2021.10.win32_1.0.100.202210260954/tools/bin/../lib/gcc/arm-none-eabi/10.3.1/thumb/v7e-m+fp/hard\libgcc.a(_dvmd_tls.o)
 .ARM.attributes
                0x000000000000048b       0x1e c:/st/stm32cubeide_1.11.0/stm32cubeide/plugins/com.st.stm32cube.ide.mcu.externaltools.gnu-tools-for-stm32.10.3-2021.10.win32_1.0.100.202210260954/tools/bin/../lib/gcc/arm-none-eabi/10.3.1/thumb/v7e-m+fp/hard/crtn.o
OUTPUT(GL_REV2_R.elf elf32-littlearm)
LOAD linker stubs
LOAD c:/st/stm32cubeide_1.11.0/stm32cubeide/plugins/com.st.stm32cube.ide.mcu.externaltools.gnu-tools-for-stm32.10.3-2021.10.win32_1.0.100.202210260954/tools/bin/../lib/gcc/arm-none-eabi/10.3.1/../../../../arm-none-eabi/lib/thumb/v7e-m+fp/hard\libc.a
LOAD c:/st/stm32cubeide_1.11.0/stm32cubeide/plugins/com.st.stm32cube.ide.mcu.externaltools.gnu-tools-for-stm32.10.3-2021.10.win32_1.0.100.202210260954/tools/bin/../lib/gcc/arm-none-eabi/10.3.1/../../../../arm-none-eabi/lib/thumb/v7e-m+fp/hard\libm.a
LOAD c:/st/stm32cubeide_1.11.0/stm32cubeide/plugins/com.st.stm32cube.ide.mcu.externaltools.gnu-tools-for-stm32.10.3-2021.10.win32_1.0.100.202210260954/tools/bin/../lib/gcc/arm-none-eabi/10.3.1/thumb/v7e-m+fp/hard\libgcc.a

.debug_info     0x0000000000000000    0x15456
 .debug_info    0x0000000000000000     0x3024 ./Core/Src/main.o
 .debug_info    0x0000000000003024     0x1f9b ./Core/Src/stm32l4xx_hal_msp.o
 .debug_info    0x0000000000004fbf      0x7c0 ./Core/Src/stm32l4xx_it.o
 .debug_info    0x000000000000577f      0x5fe ./Core/Src/system_stm32l4xx.o
 .debug_info    0x0000000000005d7d       0x22 ./Core/Startup/startup_stm32l4r9ziyxp.o
 .debug_info    0x0000000000005d9f      0xbab ./Drivers/STM32L4xx_HAL_Driver/Src/stm32l4xx_hal.o
 .debug_info    0x000000000000694a      0xe51 ./Drivers/STM32L4xx_HAL_Driver/Src/stm32l4xx_hal_cortex.o
 .debug_info    0x000000000000779b      0x8ce ./Drivers/STM32L4xx_HAL_Driver/Src/stm32l4xx_hal_dma.o
 .debug_info    0x0000000000008069     0x1b4b ./Drivers/STM32L4xx_HAL_Driver/Src/stm32l4xx_hal_dsi.o
 .debug_info    0x0000000000009bb4      0x859 ./Drivers/STM32L4xx_HAL_Driver/Src/stm32l4xx_hal_gpio.o
 .debug_info    0x000000000000a40d     0x114e ./Drivers/STM32L4xx_HAL_Driver/Src/stm32l4xx_hal_ltdc.o
 .debug_info    0x000000000000b55b      0xa5e ./Drivers/STM32L4xx_HAL_Driver/Src/stm32l4xx_hal_pwr_ex.o
 .debug_info    0x000000000000bfb9      0xe19 ./Drivers/STM32L4xx_HAL_Driver/Src/stm32l4xx_hal_rcc.o
 .debug_info    0x000000000000cdd2     0x120d ./Drivers/STM32L4xx_HAL_Driver/Src/stm32l4xx_hal_rcc_ex.o
 .debug_info    0x000000000000dfdf     0x189c ./Drivers/STM32L4xx_HAL_Driver/Src/stm32l4xx_hal_spi.o
 .debug_info    0x000000000000f87b     0x4b15 ./Drivers/STM32L4xx_HAL_Driver/Src/stm32l4xx_hal_uart.o
 .debug_info    0x0000000000014390     0x10c6 ./Drivers/STM32L4xx_HAL_Driver/Src/stm32l4xx_hal_uart_ex.o

.debug_abbrev   0x0000000000000000     0x25aa
 .debug_abbrev  0x0000000000000000      0x3bb ./Core/Src/main.o
 .debug_abbrev  0x00000000000003bb      0x27f ./Core/Src/stm32l4xx_hal_msp.o
 .debug_abbrev  0x000000000000063a      0x170 ./Core/Src/stm32l4xx_it.o
 .debug_abbrev  0x00000000000007aa      0x116 ./Core/Src/system_stm32l4xx.o
 .debug_abbrev  0x00000000000008c0       0x12 ./Core/Startup/startup_stm32l4r9ziyxp.o
 .debug_abbrev  0x00000000000008d2      0x23a ./Drivers/STM32L4xx_HAL_Driver/Src/stm32l4xx_hal.o
 .debug_abbrev  0x0000000000000b0c      0x316 ./Drivers/STM32L4xx_HAL_Driver/Src/stm32l4xx_hal_cortex.o
 .debug_abbrev  0x0000000000000e22      0x1d7 ./Drivers/STM32L4xx_HAL_Driver/Src/stm32l4xx_hal_dma.o
 .debug_abbrev  0x0000000000000ff9      0x24f ./Drivers/STM32L4xx_HAL_Driver/Src/stm32l4xx_hal_dsi.o
 .debug_abbrev  0x0000000000001248      0x1bb ./Drivers/STM32L4xx_HAL_Driver/Src/stm32l4xx_hal_gpio.o
 .debug_abbrev  0x0000000000001403      0x221 ./Drivers/STM32L4xx_HAL_Driver/Src/stm32l4xx_hal_ltdc.o
 .debug_abbrev  0x0000000000001624      0x1f3 ./Drivers/STM32L4xx_HAL_Driver/Src/stm32l4xx_hal_pwr_ex.o
 .debug_abbrev  0x0000000000001817      0x2f9 ./Drivers/STM32L4xx_HAL_Driver/Src/stm32l4xx_hal_rcc.o
 .debug_abbrev  0x0000000000001b10      0x299 ./Drivers/STM32L4xx_HAL_Driver/Src/stm32l4xx_hal_rcc_ex.o
 .debug_abbrev  0x0000000000001da9      0x254 ./Drivers/STM32L4xx_HAL_Driver/Src/stm32l4xx_hal_spi.o
 .debug_abbrev  0x0000000000001ffd      0x2f0 ./Drivers/STM32L4xx_HAL_Driver/Src/stm32l4xx_hal_uart.o
 .debug_abbrev  0x00000000000022ed      0x2bd ./Drivers/STM32L4xx_HAL_Driver/Src/stm32l4xx_hal_uart_ex.o

.debug_aranges  0x0000000000000000      0xff8
 .debug_aranges
                0x0000000000000000       0xf8 ./Core/Src/main.o
 .debug_aranges
                0x00000000000000f8       0x60 ./Core/Src/stm32l4xx_hal_msp.o
 .debug_aranges
                0x0000000000000158       0x70 ./Core/Src/stm32l4xx_it.o
 .debug_aranges
                0x00000000000001c8       0x28 ./Core/Src/system_stm32l4xx.o
 .debug_aranges
                0x00000000000001f0       0x28 ./Core/Startup/startup_stm32l4r9ziyxp.o
 .debug_aranges
                0x0000000000000218      0x130 ./Drivers/STM32L4xx_HAL_Driver/Src/stm32l4xx_hal.o
 .debug_aranges
                0x0000000000000348      0x118 ./Drivers/STM32L4xx_HAL_Driver/Src/stm32l4xx_hal_cortex.o
 .debug_aranges
                0x0000000000000460       0x90 ./Drivers/STM32L4xx_HAL_Driver/Src/stm32l4xx_hal_dma.o
 .debug_aranges
                0x00000000000004f0      0x178 ./Drivers/STM32L4xx_HAL_Driver/Src/stm32l4xx_hal_dsi.o
 .debug_aranges
                0x0000000000000668       0x58 ./Drivers/STM32L4xx_HAL_Driver/Src/stm32l4xx_hal_gpio.o
 .debug_aranges
                0x00000000000006c0      0x158 ./Drivers/STM32L4xx_HAL_Driver/Src/stm32l4xx_hal_ltdc.o
 .debug_aranges
                0x0000000000000818      0x170 ./Drivers/STM32L4xx_HAL_Driver/Src/stm32l4xx_hal_pwr_ex.o
 .debug_aranges
                0x0000000000000988       0x98 ./Drivers/STM32L4xx_HAL_Driver/Src/stm32l4xx_hal_rcc.o
 .debug_aranges
                0x0000000000000a20      0x110 ./Drivers/STM32L4xx_HAL_Driver/Src/stm32l4xx_hal_rcc_ex.o
 .debug_aranges
                0x0000000000000b30      0x1d8 ./Drivers/STM32L4xx_HAL_Driver/Src/stm32l4xx_hal_spi.o
 .debug_aranges
                0x0000000000000d08      0x248 ./Drivers/STM32L4xx_HAL_Driver/Src/stm32l4xx_hal_uart.o
 .debug_aranges
                0x0000000000000f50       0xa8 ./Drivers/STM32L4xx_HAL_Driver/Src/stm32l4xx_hal_uart_ex.o

.debug_ranges   0x0000000000000000      0xf50
 .debug_ranges  0x0000000000000000      0x118 ./Core/Src/main.o
 .debug_ranges  0x0000000000000118       0x50 ./Core/Src/stm32l4xx_hal_msp.o
 .debug_ranges  0x0000000000000168       0x60 ./Core/Src/stm32l4xx_it.o
 .debug_ranges  0x00000000000001c8       0x18 ./Core/Src/system_stm32l4xx.o
 .debug_ranges  0x00000000000001e0       0x20 ./Core/Startup/startup_stm32l4r9ziyxp.o
 .debug_ranges  0x0000000000000200      0x120 ./Drivers/STM32L4xx_HAL_Driver/Src/stm32l4xx_hal.o
 .debug_ranges  0x0000000000000320      0x108 ./Drivers/STM32L4xx_HAL_Driver/Src/stm32l4xx_hal_cortex.o
 .debug_ranges  0x0000000000000428       0x80 ./Drivers/STM32L4xx_HAL_Driver/Src/stm32l4xx_hal_dma.o
 .debug_ranges  0x00000000000004a8      0x168 ./Drivers/STM32L4xx_HAL_Driver/Src/stm32l4xx_hal_dsi.o
 .debug_ranges  0x0000000000000610       0x48 ./Drivers/STM32L4xx_HAL_Driver/Src/stm32l4xx_hal_gpio.o
 .debug_ranges  0x0000000000000658      0x148 ./Drivers/STM32L4xx_HAL_Driver/Src/stm32l4xx_hal_ltdc.o
 .debug_ranges  0x00000000000007a0      0x160 ./Drivers/STM32L4xx_HAL_Driver/Src/stm32l4xx_hal_pwr_ex.o
 .debug_ranges  0x0000000000000900       0x88 ./Drivers/STM32L4xx_HAL_Driver/Src/stm32l4xx_hal_rcc.o
 .debug_ranges  0x0000000000000988      0x100 ./Drivers/STM32L4xx_HAL_Driver/Src/stm32l4xx_hal_rcc_ex.o
 .debug_ranges  0x0000000000000a88      0x1c8 ./Drivers/STM32L4xx_HAL_Driver/Src/stm32l4xx_hal_spi.o
 .debug_ranges  0x0000000000000c50      0x268 ./Drivers/STM32L4xx_HAL_Driver/Src/stm32l4xx_hal_uart.o
 .debug_ranges  0x0000000000000eb8       0x98 ./Drivers/STM32L4xx_HAL_Driver/Src/stm32l4xx_hal_uart_ex.o

.debug_macro    0x0000000000000000    0x3011d
 .debug_macro   0x0000000000000000      0x218 ./Core/Src/main.o
 .debug_macro   0x0000000000000218      0xa78 ./Core/Src/main.o
 .debug_macro   0x0000000000000c90      0x1b3 ./Core/Src/main.o
 .debug_macro   0x0000000000000e43       0x2e ./Core/Src/main.o
 .debug_macro   0x0000000000000e71       0x28 ./Core/Src/main.o
 .debug_macro   0x0000000000000e99       0x22 ./Core/Src/main.o
 .debug_macro   0x0000000000000ebb       0x8e ./Core/Src/main.o
 .debug_macro   0x0000000000000f49       0x51 ./Core/Src/main.o
 .debug_macro   0x0000000000000f9a      0x103 ./Core/Src/main.o
 .debug_macro   0x000000000000109d       0x6a ./Core/Src/main.o
 .debug_macro   0x0000000000001107      0x1df ./Core/Src/main.o
 .debug_macro   0x00000000000012e6       0x1c ./Core/Src/main.o
 .debug_macro   0x0000000000001302       0x22 ./Core/Src/main.o
 .debug_macro   0x0000000000001324       0xfb ./Core/Src/main.o
 .debug_macro   0x000000000000141f     0x1011 ./Core/Src/main.o
 .debug_macro   0x0000000000002430      0x11f ./Core/Src/main.o
 .debug_macro   0x000000000000254f    0x22e83 ./Core/Src/main.o
 .debug_macro   0x00000000000253d2       0x6d ./Core/Src/main.o
 .debug_macro   0x000000000002543f     0x38ed ./Core/Src/main.o
 .debug_macro   0x0000000000028d2c      0x174 ./Core/Src/main.o
 .debug_macro   0x0000000000028ea0       0x5c ./Core/Src/main.o
 .debug_macro   0x0000000000028efc     0x1956 ./Core/Src/main.o
 .debug_macro   0x000000000002a852      0x83e ./Core/Src/main.o
 .debug_macro   0x000000000002b090      0x1b9 ./Core/Src/main.o
 .debug_macro   0x000000000002b249      0x225 ./Core/Src/main.o
 .debug_macro   0x000000000002b46e      0x486 ./Core/Src/main.o
 .debug_macro   0x000000000002b8f4      0x1ce ./Core/Src/main.o
 .debug_macro   0x000000000002bac2       0x43 ./Core/Src/main.o
 .debug_macro   0x000000000002bb05      0x23d ./Core/Src/main.o
 .debug_macro   0x000000000002bd42      0x6fc ./Core/Src/main.o
 .debug_macro   0x000000000002c43e      0x241 ./Core/Src/main.o
 .debug_macro   0x000000000002c67f      0x416 ./Core/Src/main.o
 .debug_macro   0x000000000002ca95       0x1c ./Core/Src/main.o
 .debug_macro   0x000000000002cab1       0xf2 ./Core/Src/main.o
 .debug_macro   0x000000000002cba3      0x198 ./Core/Src/main.o
 .debug_macro   0x000000000002cd3b       0xd6 ./Core/Src/main.o
 .debug_macro   0x000000000002ce11      0x122 ./Core/Src/main.o
 .debug_macro   0x000000000002cf33      0x3f6 ./Core/Src/main.o
 .debug_macro   0x000000000002d329      0x2fe ./Core/Src/main.o
 .debug_macro   0x000000000002d627      0x693 ./Core/Src/main.o
 .debug_macro   0x000000000002dcba       0xa6 ./Core/Src/main.o
 .debug_macro   0x000000000002dd60      0x432 ./Core/Src/main.o
 .debug_macro   0x000000000002e192       0x5e ./Core/Src/main.o
 .debug_macro   0x000000000002e1f0      0x206 ./Core/Src/stm32l4xx_hal_msp.o
 .debug_macro   0x000000000002e3f6      0x210 ./Core/Src/stm32l4xx_it.o
 .debug_macro   0x000000000002e606      0x1f7 ./Core/Src/system_stm32l4xx.o
 .debug_macro   0x000000000002e7fd      0x245 ./Drivers/STM32L4xx_HAL_Driver/Src/stm32l4xx_hal.o
 .debug_macro   0x000000000002ea42      0x1f7 ./Drivers/STM32L4xx_HAL_Driver/Src/stm32l4xx_hal_cortex.o
 .debug_macro   0x000000000002ec39      0x1f7 ./Drivers/STM32L4xx_HAL_Driver/Src/stm32l4xx_hal_dma.o
 .debug_macro   0x000000000002ee30      0x245 ./Drivers/STM32L4xx_HAL_Driver/Src/stm32l4xx_hal_dsi.o
 .debug_macro   0x000000000002f075      0x1fe ./Drivers/STM32L4xx_HAL_Driver/Src/stm32l4xx_hal_gpio.o
 .debug_macro   0x000000000002f273      0x1ff ./Drivers/STM32L4xx_HAL_Driver/Src/stm32l4xx_hal_ltdc.o
 .debug_macro   0x000000000002f472      0x221 ./Drivers/STM32L4xx_HAL_Driver/Src/stm32l4xx_hal_pwr_ex.o
 .debug_macro   0x000000000002f693      0x239 ./Drivers/STM32L4xx_HAL_Driver/Src/stm32l4xx_hal_rcc.o
 .debug_macro   0x000000000002f8cc      0x22d ./Drivers/STM32L4xx_HAL_Driver/Src/stm32l4xx_hal_rcc_ex.o
 .debug_macro   0x000000000002faf9      0x1ff ./Drivers/STM32L4xx_HAL_Driver/Src/stm32l4xx_hal_spi.o
 .debug_macro   0x000000000002fcf8      0x222 ./Drivers/STM32L4xx_HAL_Driver/Src/stm32l4xx_hal_uart.o
 .debug_macro   0x000000000002ff1a      0x203 ./Drivers/STM32L4xx_HAL_Driver/Src/stm32l4xx_hal_uart_ex.o

.debug_line     0x0000000000000000    0x1486c
 .debug_line    0x0000000000000000     0x1a5c ./Core/Src/main.o
 .debug_line    0x0000000000001a5c      0x8c3 ./Core/Src/stm32l4xx_hal_msp.o
 .debug_line    0x000000000000231f      0x81b ./Core/Src/stm32l4xx_it.o
 .debug_line    0x0000000000002b3a      0x7c0 ./Core/Src/system_stm32l4xx.o
 .debug_line    0x00000000000032fa       0x89 ./Core/Startup/startup_stm32l4r9ziyxp.o
 .debug_line    0x0000000000003383      0xb18 ./Drivers/STM32L4xx_HAL_Driver/Src/stm32l4xx_hal.o
 .debug_line    0x0000000000003e9b      0xcbf ./Drivers/STM32L4xx_HAL_Driver/Src/stm32l4xx_hal_cortex.o
 .debug_line    0x0000000000004b5a      0xe86 ./Drivers/STM32L4xx_HAL_Driver/Src/stm32l4xx_hal_dma.o
 .debug_line    0x00000000000059e0     0x2ba7 ./Drivers/STM32L4xx_HAL_Driver/Src/stm32l4xx_hal_dsi.o
 .debug_line    0x0000000000008587      0xb74 ./Drivers/STM32L4xx_HAL_Driver/Src/stm32l4xx_hal_gpio.o
 .debug_line    0x00000000000090fb     0x1743 ./Drivers/STM32L4xx_HAL_Driver/Src/stm32l4xx_hal_ltdc.o
 .debug_line    0x000000000000a83e      0xd85 ./Drivers/STM32L4xx_HAL_Driver/Src/stm32l4xx_hal_pwr_ex.o
 .debug_line    0x000000000000b5c3     0x106c ./Drivers/STM32L4xx_HAL_Driver/Src/stm32l4xx_hal_rcc.o
 .debug_line    0x000000000000c62f     0x19aa ./Drivers/STM32L4xx_HAL_Driver/Src/stm32l4xx_hal_rcc_ex.o
 .debug_line    0x000000000000dfd9     0x1f8d ./Drivers/STM32L4xx_HAL_Driver/Src/stm32l4xx_hal_spi.o
 .debug_line    0x000000000000ff66     0x3b92 ./Drivers/STM32L4xx_HAL_Driver/Src/stm32l4xx_hal_uart.o
 .debug_line    0x0000000000013af8      0xd74 ./Drivers/STM32L4xx_HAL_Driver/Src/stm32l4xx_hal_uart_ex.o

.debug_str      0x0000000000000000   0x122393
 .debug_str     0x0000000000000000   0x11e389 ./Core/Src/main.o
                                     0x11e831 (size before relaxing)
 .debug_str     0x000000000011e389      0x3af ./Core/Src/stm32l4xx_hal_msp.o
                                     0x11df76 (size before relaxing)
 .debug_str     0x000000000011e738      0x11a ./Core/Src/stm32l4xx_it.o
                                     0x11ce58 (size before relaxing)
 .debug_str     0x000000000011e852       0xf2 ./Core/Src/system_stm32l4xx.o
                                     0x11c963 (size before relaxing)
 .debug_str     0x000000000011e944       0x37 ./Core/Startup/startup_stm32l4r9ziyxp.o
                                         0x54 (size before relaxing)
 .debug_str     0x000000000011e97b      0x63c ./Drivers/STM32L4xx_HAL_Driver/Src/stm32l4xx_hal.o
                                     0x11d55f (size before relaxing)
 .debug_str     0x000000000011efb7      0x31d ./Drivers/STM32L4xx_HAL_Driver/Src/stm32l4xx_hal_cortex.o
                                     0x11d1ee (size before relaxing)
 .debug_str     0x000000000011f2d4      0x2ae ./Drivers/STM32L4xx_HAL_Driver/Src/stm32l4xx_hal_dma.o
                                     0x11cceb (size before relaxing)
 .debug_str     0x000000000011f582      0x86f ./Drivers/STM32L4xx_HAL_Driver/Src/stm32l4xx_hal_dsi.o
                                     0x11d8e3 (size before relaxing)
 .debug_str     0x000000000011fdf1       0xd9 ./Drivers/STM32L4xx_HAL_Driver/Src/stm32l4xx_hal_gpio.o
                                     0x11cadd (size before relaxing)
 .debug_str     0x000000000011feca      0x4a5 ./Drivers/STM32L4xx_HAL_Driver/Src/stm32l4xx_hal_ltdc.o
                                     0x11cf57 (size before relaxing)
 .debug_str     0x000000000012036f      0x57a ./Drivers/STM32L4xx_HAL_Driver/Src/stm32l4xx_hal_pwr_ex.o
                                     0x11cf36 (size before relaxing)
 .debug_str     0x00000000001208e9      0x3d2 ./Drivers/STM32L4xx_HAL_Driver/Src/stm32l4xx_hal_rcc.o
                                     0x11cfd6 (size before relaxing)
 .debug_str     0x0000000000120cbb      0x5bb ./Drivers/STM32L4xx_HAL_Driver/Src/stm32l4xx_hal_rcc_ex.o
                                     0x11d3bc (size before relaxing)
 .debug_str     0x0000000000121276      0x524 ./Drivers/STM32L4xx_HAL_Driver/Src/stm32l4xx_hal_spi.o
                                     0x11d260 (size before relaxing)
 .debug_str     0x000000000012179a      0x98e ./Drivers/STM32L4xx_HAL_Driver/Src/stm32l4xx_hal_uart.o
                                     0x11d907 (size before relaxing)
 .debug_str     0x0000000000122128      0x26b ./Drivers/STM32L4xx_HAL_Driver/Src/stm32l4xx_hal_uart_ex.o
                                     0x11d117 (size before relaxing)

.comment        0x0000000000000000       0x50
 .comment       0x0000000000000000       0x50 ./Core/Src/main.o
                                         0x51 (size before relaxing)
 .comment       0x0000000000000050       0x51 ./Core/Src/stm32l4xx_hal_msp.o
 .comment       0x0000000000000050       0x51 ./Core/Src/stm32l4xx_it.o
 .comment       0x0000000000000050       0x51 ./Core/Src/system_stm32l4xx.o
 .comment       0x0000000000000050       0x51 ./Drivers/STM32L4xx_HAL_Driver/Src/stm32l4xx_hal.o
 .comment       0x0000000000000050       0x51 ./Drivers/STM32L4xx_HAL_Driver/Src/stm32l4xx_hal_cortex.o
 .comment       0x0000000000000050       0x51 ./Drivers/STM32L4xx_HAL_Driver/Src/stm32l4xx_hal_dma.o
 .comment       0x0000000000000050       0x51 ./Drivers/STM32L4xx_HAL_Driver/Src/stm32l4xx_hal_dsi.o
 .comment       0x0000000000000050       0x51 ./Drivers/STM32L4xx_HAL_Driver/Src/stm32l4xx_hal_gpio.o
 .comment       0x0000000000000050       0x51 ./Drivers/STM32L4xx_HAL_Driver/Src/stm32l4xx_hal_ltdc.o
 .comment       0x0000000000000050       0x51 ./Drivers/STM32L4xx_HAL_Driver/Src/stm32l4xx_hal_pwr_ex.o
 .comment       0x0000000000000050       0x51 ./Drivers/STM32L4xx_HAL_Driver/Src/stm32l4xx_hal_rcc.o
 .comment       0x0000000000000050       0x51 ./Drivers/STM32L4xx_HAL_Driver/Src/stm32l4xx_hal_rcc_ex.o
 .comment       0x0000000000000050       0x51 ./Drivers/STM32L4xx_HAL_Driver/Src/stm32l4xx_hal_spi.o
 .comment       0x0000000000000050       0x51 ./Drivers/STM32L4xx_HAL_Driver/Src/stm32l4xx_hal_uart.o
 .comment       0x0000000000000050       0x51 ./Drivers/STM32L4xx_HAL_Driver/Src/stm32l4xx_hal_uart_ex.o

.debug_frame    0x0000000000000000     0x4374
 .debug_frame   0x0000000000000000      0x3ec ./Core/Src/main.o
 .debug_frame   0x00000000000003ec      0x164 ./Core/Src/stm32l4xx_hal_msp.o
 .debug_frame   0x0000000000000550      0x13c ./Core/Src/stm32l4xx_it.o
 .debug_frame   0x000000000000068c       0x58 ./Core/Src/system_stm32l4xx.o
 .debug_frame   0x00000000000006e4      0x498 ./Drivers/STM32L4xx_HAL_Driver/Src/stm32l4xx_hal.o
 .debug_frame   0x0000000000000b7c      0x498 ./Drivers/STM32L4xx_HAL_Driver/Src/stm32l4xx_hal_cortex.o
 .debug_frame   0x0000000000001014      0x24c ./Drivers/STM32L4xx_HAL_Driver/Src/stm32l4xx_hal_dma.o
 .debug_frame   0x0000000000001260      0x6dc ./Drivers/STM32L4xx_HAL_Driver/Src/stm32l4xx_hal_dsi.o
 .debug_frame   0x000000000000193c      0x14c ./Drivers/STM32L4xx_HAL_Driver/Src/stm32l4xx_hal_gpio.o
 .debug_frame   0x0000000000001a88      0x61c ./Drivers/STM32L4xx_HAL_Driver/Src/stm32l4xx_hal_ltdc.o
 .debug_frame   0x00000000000020a4      0x5c4 ./Drivers/STM32L4xx_HAL_Driver/Src/stm32l4xx_hal_pwr_ex.o
 .debug_frame   0x0000000000002668      0x248 ./Drivers/STM32L4xx_HAL_Driver/Src/stm32l4xx_hal_rcc.o
 .debug_frame   0x00000000000028b0      0x464 ./Drivers/STM32L4xx_HAL_Driver/Src/stm32l4xx_hal_rcc_ex.o
 .debug_frame   0x0000000000002d14      0x860 ./Drivers/STM32L4xx_HAL_Driver/Src/stm32l4xx_hal_spi.o
 .debug_frame   0x0000000000003574      0xa94 ./Drivers/STM32L4xx_HAL_Driver/Src/stm32l4xx_hal_uart.o
 .debug_frame   0x0000000000004008      0x2c0 ./Drivers/STM32L4xx_HAL_Driver/Src/stm32l4xx_hal_uart_ex.o
 .debug_frame   0x00000000000042c8       0x2c c:/st/stm32cubeide_1.11.0/stm32cubeide/plugins/com.st.stm32cube.ide.mcu.externaltools.gnu-tools-for-stm32.10.3-2021.10.win32_1.0.100.202210260954/tools/bin/../lib/gcc/arm-none-eabi/10.3.1/../../../../arm-none-eabi/lib/thumb/v7e-m+fp/hard\libc_nano.a(lib_a-init.o)
 .debug_frame   0x00000000000042f4       0x20 c:/st/stm32cubeide_1.11.0/stm32cubeide/plugins/com.st.stm32cube.ide.mcu.externaltools.gnu-tools-for-stm32.10.3-2021.10.win32_1.0.100.202210260954/tools/bin/../lib/gcc/arm-none-eabi/10.3.1/../../../../arm-none-eabi/lib/thumb/v7e-m+fp/hard\libc_nano.a(lib_a-memset.o)
 .debug_frame   0x0000000000004314       0x2c c:/st/stm32cubeide_1.11.0/stm32cubeide/plugins/com.st.stm32cube.ide.mcu.externaltools.gnu-tools-for-stm32.10.3-2021.10.win32_1.0.100.202210260954/tools/bin/../lib/gcc/arm-none-eabi/10.3.1/thumb/v7e-m+fp/hard\libgcc.a(_aeabi_uldivmod.o)
 .debug_frame   0x0000000000004340       0x34 c:/st/stm32cubeide_1.11.0/stm32cubeide/plugins/com.st.stm32cube.ide.mcu.externaltools.gnu-tools-for-stm32.10.3-2021.10.win32_1.0.100.202210260954/tools/bin/../lib/gcc/arm-none-eabi/10.3.1/thumb/v7e-m+fp/hard\libgcc.a(_udivmoddi4.o)
