../Core/Src/main.c:149:5:main	48	static
../Core/Src/main.c:350:6:SystemClock_Config	96	static
../Core/Src/main.c:399:13:MX_DSIHOST_DSI_Init	192	static
../Core/Src/main.c:502:13:MX_LTDC_Init	64	static
../Core/Src/main.c:564:13:MX_SPI2_Init	8	static
../Core/Src/main.c:604:13:MX_SPI3_Init	8	static
../Core/Src/main.c:643:13:MX_UART4_Init	8	static
../Core/Src/main.c:691:13:MX_GPIO_Init	56	static
../Core/Src/main.c:762:6:mipi_config	200	static
../Core/Src/main.c:830:13:LCD_PowerOn	8	static
../Core/Src/main.c:844:6:Write_Registers_data	24	static
../Core/Src/main.c:967:6:HAL_SPI_RxCpltCallback	24	static
../Core/Src/main.c:1172:6:display_panel	48	static
../Core/Src/main.c:1207:9:read_flash_SR	16	static
../Core/Src/main.c:1218:6:flash_wait_nobusy	8	static
../Core/Src/main.c:1391:6:mode_init	16	static
../Core/Src/main.c:1508:6:write_flash_config	56	static
../Core/Src/main.c:1549:6:read_flash_config	48	static
../Core/Src/main.c:1571:6:write_flash_page	64	static
../Core/Src/main.c:1610:6:read_flash_page	56	static
../Core/Src/main.c:1633:6:erase_flash_sector	56	static
../Core/Src/main.c:1674:6:reset_flash_software	16	static
../Core/Src/main.c:1689:13:my_MX_DSIHOST_DSI_Init	192	static
../Core/Src/main.c:1774:13:my_MX_LTDC_Init	64	static
../Core/Src/main.c:1819:6:delay_us	24	static
../Core/Src/main.c:1829:6:delay_100ns	24	static
../Core/Src/main.c:1840:6:HAL_GPIO_EXTI_Callback	16	static
../Core/Src/main.c:1880:6:Error_Handler	4	static,ignoring_inline_asm
