../Core/Src/main.c:166:5:main	64	static
../Core/Src/main.c:406:6:SystemClock_Config	96	static
../Core/Src/main.c:455:13:MX_ADC1_Init	32	static
../Core/Src/main.c:514:13:MX_DMA2D_Init	8	static
../Core/Src/main.c:555:13:MX_DSIHOST_DSI_Init	192	static
../Core/Src/main.c:658:13:MX_LTDC_Init	64	static
../Core/Src/main.c:720:13:MX_SPI2_Init	8	static
../Core/Src/main.c:760:13:MX_SPI3_Init	8	static
../Core/Src/main.c:799:13:MX_UART4_Init	8	static
../Core/Src/main.c:847:13:MX_GPIO_Init	56	static
../Core/Src/main.c:917:6:mipi_config	200	static
../Core/Src/main.c:985:13:LCD_PowerOn	8	static
../Core/Src/main.c:999:6:Write_Registers_data	24	static
../Core/Src/main.c:1121:6:HAL_SPI_RxCpltCallback	24	static
../Core/Src/main.c:1326:6:display_panel	48	static
../Core/Src/main.c:1361:9:read_flash_SR	16	static
../Core/Src/main.c:1372:6:flash_wait_nobusy	8	static
../Core/Src/main.c:1545:6:mode_init	16	static
../Core/Src/main.c:1663:6:write_flash_config	56	static
../Core/Src/main.c:1704:6:read_flash_config	48	static
../Core/Src/main.c:1726:6:write_flash_page	64	static
../Core/Src/main.c:1765:6:read_flash_page	56	static
../Core/Src/main.c:1788:6:read_flash_page_DMA2d	57088	static
../Core/Src/main.c:1844:6:erase_flash_sector	56	static
../Core/Src/main.c:1885:6:reset_flash_software	16	static
../Core/Src/main.c:1900:13:my_MX_DSIHOST_DSI_Init	192	static
../Core/Src/main.c:1985:13:my_MX_LTDC_Init	64	static
../Core/Src/main.c:2030:6:delay_us	24	static
../Core/Src/main.c:2040:6:delay_100ns	24	static
../Core/Src/main.c:2051:6:HAL_GPIO_EXTI_Callback	24	static
../Core/Src/main.c:2081:6:Error_Handler	4	static,ignoring_inline_asm
