../Core/Src/main.c:120:5:main	24	static
../Core/Src/main.c:268:6:SystemClock_Config	96	static
../Core/Src/main.c:317:13:MX_DSIHOST_DSI_Init	192	static
../Core/Src/main.c:420:13:MX_LTDC_Init	64	static
../Core/Src/main.c:482:13:MX_SPI2_Init	8	static
../Core/Src/main.c:522:13:MX_SPI3_Init	8	static
../Core/Src/main.c:561:13:MX_UART4_Init	8	static
../Core/Src/main.c:609:13:MX_GPIO_Init	56	static
../Core/Src/main.c:680:6:mipi_config	200	static
../Core/Src/main.c:748:13:LCD_PowerOn	8	static
../Core/Src/main.c:762:6:Write_Registers_data	24	static
../Core/Src/main.c:877:6:HAL_SPI_RxCpltCallback	16	static
../Core/Src/main.c:1076:6:display_panel	48	static
../Core/Src/main.c:1111:9:read_flash_SR	16	static
../Core/Src/main.c:1122:6:flash_wait_nobusy	8	static
../Core/Src/main.c:1296:6:write_flash_page	64	static
../Core/Src/main.c:1335:6:read_flash_page	56	static
../Core/Src/main.c:1358:6:erase_flash_sector	56	static
../Core/Src/main.c:1399:6:reset_flash_software	16	static
../Core/Src/main.c:1414:13:my_MX_DSIHOST_DSI_Init	192	static
../Core/Src/main.c:1499:13:my_MX_LTDC_Init	64	static
../Core/Src/main.c:1544:6:delay_us	24	static
../Core/Src/main.c:1554:6:delay_100ns	24	static
../Core/Src/main.c:1565:6:HAL_GPIO_EXTI_Callback	24	static
../Core/Src/main.c:1605:6:Error_Handler	4	static,ignoring_inline_asm
