../Core/Src/main.c:163:5:main	64	static
../Core/Src/main.c:389:6:SystemClock_Config	96	static
../Core/Src/main.c:438:13:MX_DMA2D_Init	8	static
../Core/Src/main.c:479:13:MX_DSIHOST_DSI_Init	192	static
../Core/Src/main.c:582:13:MX_LTDC_Init	64	static
../Core/Src/main.c:644:13:MX_SPI2_Init	8	static
../Core/Src/main.c:684:13:MX_SPI3_Init	8	static
../Core/Src/main.c:723:13:MX_UART4_Init	8	static
../Core/Src/main.c:771:13:MX_GPIO_Init	56	static
../Core/Src/main.c:841:6:mipi_config	200	static
../Core/Src/main.c:909:13:LCD_PowerOn	8	static
../Core/Src/main.c:923:6:Write_Registers_data	24	static
../Core/Src/main.c:1047:6:HAL_SPI_RxCpltCallback	24	static
../Core/Src/main.c:1252:6:display_panel	48	static
../Core/Src/main.c:1285:6:HAL_LTDC_LineEventCallback	16	static
../Core/Src/main.c:1320:9:read_flash_SR	16	static
../Core/Src/main.c:1331:6:flash_wait_nobusy	8	static
../Core/Src/main.c:1504:6:mode_init	16	static
../Core/Src/main.c:1621:6:write_flash_config	56	static
../Core/Src/main.c:1662:6:read_flash_config	48	static
../Core/Src/main.c:1684:6:write_flash_page	64	static
../Core/Src/main.c:1723:6:read_flash_page	56	static
../Core/Src/main.c:1746:6:read_flash_page_DMA2d	65624	static
../Core/Src/main.c:1802:6:erase_flash_sector	56	static
../Core/Src/main.c:1843:6:reset_flash_software	16	static
../Core/Src/main.c:1858:13:my_MX_DSIHOST_DSI_Init	192	static
../Core/Src/main.c:1943:13:my_MX_LTDC_Init	64	static
../Core/Src/main.c:1988:6:delay_us	24	static
../Core/Src/main.c:1998:6:delay_100ns	24	static
../Core/Src/main.c:2009:6:HAL_GPIO_EXTI_Callback	16	static
../Core/Src/main.c:2033:6:Error_Handler	4	static,ignoring_inline_asm
