../Core/Src/main.c:163:5:main	64	static
../Core/Src/main.c:393:6:SystemClock_Config	96	static
../Core/Src/main.c:442:13:MX_DMA2D_Init	8	static
../Core/Src/main.c:483:13:MX_DSIHOST_DSI_Init	192	static
../Core/Src/main.c:586:13:MX_LTDC_Init	64	static
../Core/Src/main.c:648:13:MX_SPI2_Init	8	static
../Core/Src/main.c:688:13:MX_SPI3_Init	8	static
../Core/Src/main.c:727:13:MX_UART4_Init	8	static
../Core/Src/main.c:775:13:MX_GPIO_Init	56	static
../Core/Src/main.c:845:6:mipi_config	200	static
../Core/Src/main.c:913:13:LCD_PowerOn	8	static
../Core/Src/main.c:927:6:Write_Registers_data	24	static
../Core/Src/main.c:1049:6:HAL_SPI_RxCpltCallback	24	static
../Core/Src/main.c:1254:6:display_panel	48	static
../Core/Src/main.c:1289:9:read_flash_SR	16	static
../Core/Src/main.c:1300:6:flash_wait_nobusy	8	static
../Core/Src/main.c:1473:6:mode_init	16	static
../Core/Src/main.c:1591:6:write_flash_config	56	static
../Core/Src/main.c:1632:6:read_flash_config	48	static
../Core/Src/main.c:1654:6:write_flash_page	64	static
../Core/Src/main.c:1693:6:read_flash_page	56	static
../Core/Src/main.c:1716:6:read_flash_page_DMA2d	57088	static
../Core/Src/main.c:1772:6:erase_flash_sector	56	static
../Core/Src/main.c:1813:6:reset_flash_software	16	static
../Core/Src/main.c:1828:13:my_MX_DSIHOST_DSI_Init	192	static
../Core/Src/main.c:1913:13:my_MX_LTDC_Init	64	static
../Core/Src/main.c:1958:6:delay_us	24	static
../Core/Src/main.c:1968:6:delay_100ns	24	static
../Core/Src/main.c:1979:6:HAL_GPIO_EXTI_Callback	24	static
../Core/Src/main.c:2010:6:Error_Handler	4	static,ignoring_inline_asm
