../Core/Src/main.c:151:5:main	48	static
../Core/Src/main.c:353:6:SystemClock_Config	96	static
../Core/Src/main.c:402:13:MX_DSIHOST_DSI_Init	192	static
../Core/Src/main.c:505:13:MX_LTDC_Init	64	static
../Core/Src/main.c:567:13:MX_SPI2_Init	8	static
../Core/Src/main.c:607:13:MX_SPI3_Init	8	static
../Core/Src/main.c:646:13:MX_UART4_Init	8	static
../Core/Src/main.c:694:13:MX_GPIO_Init	56	static
../Core/Src/main.c:764:6:mipi_config	200	static
../Core/Src/main.c:832:13:LCD_PowerOn	8	static
../Core/Src/main.c:846:6:Write_Registers_data	24	static
../Core/Src/main.c:969:6:HAL_SPI_RxCpltCallback	24	static
../Core/Src/main.c:1174:6:display_panel	48	static
../Core/Src/main.c:1209:9:read_flash_SR	16	static
../Core/Src/main.c:1220:6:flash_wait_nobusy	8	static
../Core/Src/main.c:1393:6:mode_init	16	static
../Core/Src/main.c:1510:6:write_flash_config	56	static
../Core/Src/main.c:1551:6:read_flash_config	48	static
../Core/Src/main.c:1573:6:write_flash_page	64	static
../Core/Src/main.c:1612:6:read_flash_page	56	static
../Core/Src/main.c:1635:6:erase_flash_sector	56	static
../Core/Src/main.c:1676:6:reset_flash_software	16	static
../Core/Src/main.c:1691:13:my_MX_DSIHOST_DSI_Init	192	static
../Core/Src/main.c:1776:13:my_MX_LTDC_Init	64	static
../Core/Src/main.c:1821:6:delay_us	24	static
../Core/Src/main.c:1831:6:delay_100ns	24	static
../Core/Src/main.c:1842:6:HAL_GPIO_EXTI_Callback	16	static
../Core/Src/main.c:1893:6:Error_Handler	4	static,ignoring_inline_asm
